Archive member included to satisfy reference by file (symbol)

/Applications/STM32CubeIDE.app/Contents/Eclipse/plugins/com.st.stm32cube.ide.mcu.externaltools.gnu-tools-for-stm32.10.3-2021.10.macos64_1.0.0.202111181127/tools/bin/../lib/gcc/arm-none-eabi/10.3.1/../../../../arm-none-eabi/lib/thumb/v7-m/nofp/libc_nano.a(lib_a-errno.o)
                              ./Core/Src/syscalls.o (__errno)
/Applications/STM32CubeIDE.app/Contents/Eclipse/plugins/com.st.stm32cube.ide.mcu.externaltools.gnu-tools-for-stm32.10.3-2021.10.macos64_1.0.0.202111181127/tools/bin/../lib/gcc/arm-none-eabi/10.3.1/../../../../arm-none-eabi/lib/thumb/v7-m/nofp/libc_nano.a(lib_a-exit.o)
                              /Applications/STM32CubeIDE.app/Contents/Eclipse/plugins/com.st.stm32cube.ide.mcu.externaltools.gnu-tools-for-stm32.10.3-2021.10.macos64_1.0.0.202111181127/tools/bin/../lib/gcc/arm-none-eabi/10.3.1/../../../../arm-none-eabi/lib/thumb/v7-m/nofp/crt0.o (exit)
/Applications/STM32CubeIDE.app/Contents/Eclipse/plugins/com.st.stm32cube.ide.mcu.externaltools.gnu-tools-for-stm32.10.3-2021.10.macos64_1.0.0.202111181127/tools/bin/../lib/gcc/arm-none-eabi/10.3.1/../../../../arm-none-eabi/lib/thumb/v7-m/nofp/libc_nano.a(lib_a-impure.o)
                              /Applications/STM32CubeIDE.app/Contents/Eclipse/plugins/com.st.stm32cube.ide.mcu.externaltools.gnu-tools-for-stm32.10.3-2021.10.macos64_1.0.0.202111181127/tools/bin/../lib/gcc/arm-none-eabi/10.3.1/../../../../arm-none-eabi/lib/thumb/v7-m/nofp/libc_nano.a(lib_a-exit.o) (_global_impure_ptr)
/Applications/STM32CubeIDE.app/Contents/Eclipse/plugins/com.st.stm32cube.ide.mcu.externaltools.gnu-tools-for-stm32.10.3-2021.10.macos64_1.0.0.202111181127/tools/bin/../lib/gcc/arm-none-eabi/10.3.1/../../../../arm-none-eabi/lib/thumb/v7-m/nofp/libc_nano.a(lib_a-init.o)
                              /Applications/STM32CubeIDE.app/Contents/Eclipse/plugins/com.st.stm32cube.ide.mcu.externaltools.gnu-tools-for-stm32.10.3-2021.10.macos64_1.0.0.202111181127/tools/bin/../lib/gcc/arm-none-eabi/10.3.1/../../../../arm-none-eabi/lib/thumb/v7-m/nofp/crt0.o (__libc_init_array)
/Applications/STM32CubeIDE.app/Contents/Eclipse/plugins/com.st.stm32cube.ide.mcu.externaltools.gnu-tools-for-stm32.10.3-2021.10.macos64_1.0.0.202111181127/tools/bin/../lib/gcc/arm-none-eabi/10.3.1/../../../../arm-none-eabi/lib/thumb/v7-m/nofp/libc_nano.a(lib_a-itoa.o)
                              ./Core/Src/main.o (itoa)
/Applications/STM32CubeIDE.app/Contents/Eclipse/plugins/com.st.stm32cube.ide.mcu.externaltools.gnu-tools-for-stm32.10.3-2021.10.macos64_1.0.0.202111181127/tools/bin/../lib/gcc/arm-none-eabi/10.3.1/../../../../arm-none-eabi/lib/thumb/v7-m/nofp/libc_nano.a(lib_a-memset.o)
                              /Applications/STM32CubeIDE.app/Contents/Eclipse/plugins/com.st.stm32cube.ide.mcu.externaltools.gnu-tools-for-stm32.10.3-2021.10.macos64_1.0.0.202111181127/tools/bin/../lib/gcc/arm-none-eabi/10.3.1/../../../../arm-none-eabi/lib/thumb/v7-m/nofp/crt0.o (memset)
/Applications/STM32CubeIDE.app/Contents/Eclipse/plugins/com.st.stm32cube.ide.mcu.externaltools.gnu-tools-for-stm32.10.3-2021.10.macos64_1.0.0.202111181127/tools/bin/../lib/gcc/arm-none-eabi/10.3.1/../../../../arm-none-eabi/lib/thumb/v7-m/nofp/libc_nano.a(lib_a-printf.o)
                              ./Core/Src/pn532_stm32f1.o (printf)
/Applications/STM32CubeIDE.app/Contents/Eclipse/plugins/com.st.stm32cube.ide.mcu.externaltools.gnu-tools-for-stm32.10.3-2021.10.macos64_1.0.0.202111181127/tools/bin/../lib/gcc/arm-none-eabi/10.3.1/../../../../arm-none-eabi/lib/thumb/v7-m/nofp/libc_nano.a(lib_a-utoa.o)
                              /Applications/STM32CubeIDE.app/Contents/Eclipse/plugins/com.st.stm32cube.ide.mcu.externaltools.gnu-tools-for-stm32.10.3-2021.10.macos64_1.0.0.202111181127/tools/bin/../lib/gcc/arm-none-eabi/10.3.1/../../../../arm-none-eabi/lib/thumb/v7-m/nofp/libc_nano.a(lib_a-itoa.o) (__utoa)
/Applications/STM32CubeIDE.app/Contents/Eclipse/plugins/com.st.stm32cube.ide.mcu.externaltools.gnu-tools-for-stm32.10.3-2021.10.macos64_1.0.0.202111181127/tools/bin/../lib/gcc/arm-none-eabi/10.3.1/../../../../arm-none-eabi/lib/thumb/v7-m/nofp/libc_nano.a(lib_a-findfp.o)
                              /Applications/STM32CubeIDE.app/Contents/Eclipse/plugins/com.st.stm32cube.ide.mcu.externaltools.gnu-tools-for-stm32.10.3-2021.10.macos64_1.0.0.202111181127/tools/bin/../lib/gcc/arm-none-eabi/10.3.1/../../../../arm-none-eabi/lib/thumb/v7-m/nofp/libc_nano.a(lib_a-printf.o) (__sinit)
/Applications/STM32CubeIDE.app/Contents/Eclipse/plugins/com.st.stm32cube.ide.mcu.externaltools.gnu-tools-for-stm32.10.3-2021.10.macos64_1.0.0.202111181127/tools/bin/../lib/gcc/arm-none-eabi/10.3.1/../../../../arm-none-eabi/lib/thumb/v7-m/nofp/libc_nano.a(lib_a-fwalk.o)
[...]
Memory Configuration

Name             Origin             Length             Attributes
RAM              0x0000000020000000 0x0000000000010000 xrw
FLASH            0x0000000008000000 0x0000000000080000 xr
*default*        0x0000000000000000 0xffffffffffffffff

Linker script and memory map

LOAD /Applications/STM32CubeIDE.app/Contents/Eclipse/plugins/com.st.stm32cube.ide.mcu.externaltools.gnu-tools-for-stm32.10.3-2021.10.macos64_1.0.0.202111181127/tools/bin/../lib/gcc/arm-none-eabi/10.3.1/thumb/v7-m/nofp/crti.o
LOAD /Applications/STM32CubeIDE.app/Contents/Eclipse/plugins/com.st.stm32cube.ide.mcu.externaltools.gnu-tools-for-stm32.10.3-2021.10.macos64_1.0.0.202111181127/tools/bin/../lib/gcc/arm-none-eabi/10.3.1/thumb/v7-m/nofp/crtbegin.o
LOAD /Applications/STM32CubeIDE.app/Contents/Eclipse/plugins/com.st.stm32cube.ide.mcu.externaltools.gnu-tools-for-stm32.10.3-2021.10.macos64_1.0.0.202111181127/tools/bin/../lib/gcc/arm-none-eabi/10.3.1/../../../../arm-none-eabi/lib/thumb/v7-m/nofp/crt0.o
LOAD ./Core/Src/bsp_xpt2046_lcd.o
LOAD ./Core/Src/lcd.o
LOAD ./Core/Src/main.o
LOAD ./Core/Src/pn532.o
LOAD ./Core/Src/pn532_stm32f1.o
LOAD ./Core/Src/stm32f1xx_hal_msp.o
LOAD ./Core/Src/stm32f1xx_it.o
LOAD ./Core/Src/syscalls.o
LOAD ./Core/Src/sysmem.o
LOAD ./Core/Src/system_stm32f1xx.o
LOAD ./Core/Startup/startup_stm32f103vetx.o
LOAD ./Drivers/STM32F1xx_HAL_Driver/Src/stm32f1xx_hal.o
LOAD ./Drivers/STM32F1xx_HAL_Driver/Src/stm32f1xx_hal_adc.o
LOAD ./Drivers/STM32F1xx_HAL_Driver/Src/stm32f1xx_hal_adc_ex.o
LOAD ./Drivers/STM32F1xx_HAL_Driver/Src/stm32f1xx_hal_cortex.o
LOAD ./Drivers/STM32F1xx_HAL_Driver/Src/stm32f1xx_hal_dma.o
LOAD ./Drivers/STM32F1xx_HAL_Driver/Src/stm32f1xx_hal_exti.o
LOAD ./Drivers/STM32F1xx_HAL_Driver/Src/stm32f1xx_hal_flash.o
LOAD ./Drivers/STM32F1xx_HAL_Driver/Src/stm32f1xx_hal_flash_ex.o
LOAD ./Drivers/STM32F1xx_HAL_Driver/Src/stm32f1xx_hal_gpio.o
LOAD ./Drivers/STM32F1xx_HAL_Driver/Src/stm32f1xx_hal_gpio_ex.o
LOAD ./Drivers/STM32F1xx_HAL_Driver/Src/stm32f1xx_hal_i2c.o
LOAD ./Drivers/STM32F1xx_HAL_Driver/Src/stm32f1xx_hal_pwr.o
LOAD ./Drivers/STM32F1xx_HAL_Driver/Src/stm32f1xx_hal_rcc.o
LOAD ./Drivers/STM32F1xx_HAL_Driver/Src/stm32f1xx_hal_rcc_ex.o
LOAD ./Drivers/STM32F1xx_HAL_Driver/Src/stm32f1xx_hal_spi.o
LOAD ./Drivers/STM32F1xx_HAL_Driver/Src/stm32f1xx_hal_sram.o
LOAD ./Drivers/STM32F1xx_HAL_Driver/Src/stm32f1xx_hal_tim.o
LOAD ./Drivers/STM32F1xx_HAL_Driver/Src/stm32f1xx_hal_tim_ex.o
LOAD ./Drivers/STM32F1xx_HAL_Driver/Src/stm32f1xx_ll_fsmc.o
START GROUP
LOAD /Applications/STM32CubeIDE.app/Contents/Eclipse/plugins/com.st.stm32cube.ide.mcu.externaltools.gnu-tools-for-stm32.10.3-2021.10.macos64_1.0.0.202111181127/tools/bin/../lib/gcc/arm-none-eabi/10.3.1/../../../../arm-none-eabi/lib/thumb/v7-m/nofp/libc_nano.a
LOAD /Applications/STM32CubeIDE.app/Contents/Eclipse/plugins/com.st.stm32cube.ide.mcu.externaltools.gnu-tools-for-stm32.10.3-2021.10.macos64_1.0.0.202111181127/tools/bin/../lib/gcc/arm-none-eabi/10.3.1/../../../../arm-none-eabi/lib/thumb/v7-m/nofp/libm.a
END GROUP
START GROUP
LOAD /Applications/STM32CubeIDE.app/Contents/Eclipse/plugins/com.st.stm32cube.ide.mcu.externaltools.gnu-tools-for-stm32.10.3-2021.10.macos64_1.0.0.202111181127/tools/bin/../lib/gcc/arm-none-eabi/10.3.1/thumb/v7-m/nofp/libgcc.a
LOAD /Applications/STM32CubeIDE.app/Contents/Eclipse/plugins/com.st.stm32cube.ide.mcu.externaltools.gnu-tools-for-stm32.10.3-2021.10.macos64_1.0.0.202111181127/tools/bin/../lib/gcc/arm-none-eabi/10.3.1/../../../../arm-none-eabi/lib/thumb/v7-m/nofp/libc_nano.a
END GROUP
START GROUP
LOAD /Applications/STM32CubeIDE.app/Contents/Eclipse/plugins/com.st.stm32cube.ide.mcu.externaltools.gnu-tools-for-stm32.10.3-2021.10.macos64_1.0.0.202111181127/tools/bin/../lib/gcc/arm-none-eabi/10.3.1/thumb/v7-m/nofp/libgcc.a
LOAD /Applications/STM32CubeIDE.app/Contents/Eclipse/plugins/com.st.stm32cube.ide.mcu.externaltools.gnu-tools-for-stm32.10.3-2021.10.macos64_1.0.0.202111181127/tools/bin/../lib/gcc/arm-none-eabi/10.3.1/../../../../arm-none-eabi/lib/thumb/v7-m/nofp/libc_nano.a
LOAD /Applications/STM32CubeIDE.app/Contents/Eclipse/plugins/com.st.stm32cube.ide.mcu.externaltools.gnu-tools-for-stm32.10.3-2021.10.macos64_1.0.0.202111181127/tools/bin/../lib/gcc/arm-none-eabi/10.3.1/../../../../arm-none-eabi/lib/thumb/v7-m/nofp/libnosys.a
END GROUP
START GROUP
LOAD /Applications/STM32CubeIDE.app/Contents/Eclipse/plugins/com.st.stm32cube.ide.mcu.externaltools.gnu-tools-for-stm32.10.3-2021.10.macos64_1.0.0.202111181127/tools/bin/../lib/gcc/arm-none-eabi/10.3.1/thumb/v7-m/nofp/libgcc.a
LOAD /Applications/STM32CubeIDE.app/Contents/Eclipse/plugins/com.st.stm32cube.ide.mcu.externaltools.gnu-tools-for-stm32.10.3-2021.10.macos64_1.0.0.202111181127/tools/bin/../lib/gcc/arm-none-eabi/10.3.1/../../../../arm-none-eabi/lib/thumb/v7-m/nofp/libc_nano.a
LOAD /Applications/STM32CubeIDE.app/Contents/Eclipse/plugins/com.st.stm32cube.ide.mcu.externaltools.gnu-tools-for-stm32.10.3-2021.10.macos64_1.0.0.202111181127/tools/bin/../lib/gcc/arm-none-eabi/10.3.1/../../../../arm-none-eabi/lib/thumb/v7-m/nofp/libnosys.a
END GROUP
LOAD /Applications/STM32CubeIDE.app/Contents/Eclipse/plugins/com.st.stm32cube.ide.mcu.externaltools.gnu-tools-for-stm32.10.3-2021.10.macos64_1.0.0.202111181127/tools/bin/../lib/gcc/arm-none-eabi/10.3.1/thumb/v7-m/nofp/crtend.o
LOAD /Applications/STM32CubeIDE.app/Contents/Eclipse/plugins/com.st.stm32cube.ide.mcu.externaltools.gnu-tools-for-stm32.10.3-2021.10.macos64_1.0.0.202111181127/tools/bin/../lib/gcc/arm-none-eabi/10.3.1/thumb/v7-m/nofp/crtn.o
                0x0000000020010000                _estack = (ORIGIN (RAM) + LENGTH (RAM))
                0x0000000000000200                _Min_Heap_Size = 0x200
                0x0000000000000400                _Min_Stack_Size = 0x400

.isr_vector     0x0000000008000000      0x1e4
                0x0000000008000000                . = ALIGN (0x4)
 *(.isr_vector)
 .isr_vector    0x0000000008000000      0x1e4 ./Core/Startup/startup_stm32f103vetx.o
                0x0000000008000000                g_pfnVectors
                0x00000000080001e4                . = ALIGN (0x4)

.text           0x00000000080001e4     0x7f90
                0x00000000080001e4                . = ALIGN (0x4)
 *(.text)
 .text          0x00000000080001e4       0x40 /Applications/STM32CubeIDE.app/Contents/Eclipse/plugins/com.st.stm32cube.ide.mcu.externaltools.gnu-tools-for-stm32.10.3-2021.10.macos64_1.0.0.202111181127/tools/bin/../lib/gcc/arm-none-eabi/10.3.1/thumb/v7-m/nofp/crtbegin.o
 .text          0x0000000008000224      0x168 /Applications/STM32CubeIDE.app/Contents/Eclipse/plugins/com.st.stm32cube.ide.mcu.externaltools.gnu-tools-for-stm32.10.3-2021.10.macos64_1.0.0.202111181127/tools/bin/../lib/gcc/arm-none-eabi/10.3.1/thumb/v7-m/nofp/libgcc.a(_arm_mulsf3.o)
                0x0000000008000224                __mulsf3
                0x0000000008000224                __aeabi_fmul
 .text          0x000000000800038c      0x21c /Applications/STM32CubeIDE.app/Contents/Eclipse/plugins/com.st.stm32cube.ide.mcu.externaltools.gnu-tools-for-stm32.10.3-2021.10.macos64_1.0.0.202111181127/tools/bin/../lib/gcc/arm-none-eabi/10.3.1/thumb/v7-m/nofp/libgcc.a(_arm_addsubsf3.o)
                0x000000000800038c                __aeabi_frsub
                0x0000000008000394                __aeabi_fsub
                0x0000000008000394                __subsf3
                0x0000000008000398                __aeabi_fadd
                0x0000000008000398                __addsf3
                0x00000000080004f8                __aeabi_ui2f
                0x00000000080004f8                __floatunsisf
                0x0000000008000500                __floatsisf
                0x0000000008000500                __aeabi_i2f
                0x000000000800051c                __aeabi_ul2f
                0x000000000800051c                __floatundisf
                0x000000000800052c                __aeabi_l2f
                0x000000000800052c                __floatdisf
 .text          0x00000000080005a8       0x4c /Applications/STM32CubeIDE.app/Contents/Eclipse/plugins/com.st.stm32cube.ide.mcu.externaltools.gnu-tools-for-stm32.10.3-2021.10.macos64_1.0.0.202111181127/tools/bin/../lib/gcc/arm-none-eabi/10.3.1/thumb/v7-m/nofp/libgcc.a(_arm_fixsfsi.o)
                0x00000000080005a8                __fixsfsi
                0x00000000080005a8                __aeabi_f2iz
 *(.text*)
 .text.XPT2046_DelayUS
                0x00000000080005f4       0x38 ./Core/Src/bsp_xpt2046_lcd.o
 .text.XPT2046_WriteCMD
                0x000000000800062c       0x88 ./Core/Src/bsp_xpt2046_lcd.o
 .text.XPT2046_ReadCMD
                0x00000000080006b4       0x78 ./Core/Src/bsp_xpt2046_lcd.o
 .text.XPT2046_ReadAdc
                0x000000000800072c       0x20 ./Core/Src/bsp_xpt2046_lcd.o
 .text.XPT2046_ReadAdc_XY
                0x000000000800074c       0x38 ./Core/Src/bsp_xpt2046_lcd.o
 .text.XPT2046_ReadAdc_Smooth_XY
                0x0000000008000784      0x22c ./Core/Src/bsp_xpt2046_lcd.o
 .text.XPT2046_Get_TouchedPoint
                0x00000000080009b0       0xf6 ./Core/Src/bsp_xpt2046_lcd.o
                0x00000000080009b0                XPT2046_Get_TouchedPoint
 *fill*         0x0000000008000aa6        0x2 
 .text.XPT2046_TouchDetect
                0x0000000008000aa8       0xe0 ./Core/Src/bsp_xpt2046_lcd.o
                0x0000000008000aa8                XPT2046_TouchDetect
 .text.XPT2046_TouchDown
                0x0000000008000b88       0x2c ./Core/Src/bsp_xpt2046_lcd.o
                0x0000000008000b88                XPT2046_TouchDown
 .text.XPT2046_TouchUp
                0x0000000008000bb4       0x4a ./Core/Src/bsp_xpt2046_lcd.o
                0x0000000008000bb4                XPT2046_TouchUp
 *fill*         0x0000000008000bfe        0x2 
 .text.XPT2046_TouchEvenHandler
                0x0000000008000c00       0x80 ./Core/Src/bsp_xpt2046_lcd.o
                0x0000000008000c00                XPT2046_TouchEvenHandler
 .text.Delay    0x0000000008000c80       0x22 ./Core/Src/lcd.o
                0x0000000008000c80                Delay
 .text.LCD_INIT
                0x0000000008000ca2       0x2e ./Core/Src/lcd.o
                0x0000000008000ca2                LCD_INIT
 .text.LCD_Rst  0x0000000008000cd0       0x30 ./Core/Src/lcd.o
                0x0000000008000cd0                LCD_Rst
 .text.LCD_BackLed_Control
                0x0000000008000d00       0x38 ./Core/Src/lcd.o
                0x0000000008000d00                LCD_BackLed_Control
 .text.LCD_Write_Cmd
                0x0000000008000d38       0x1c ./Core/Src/lcd.o
                0x0000000008000d38                LCD_Write_Cmd
 .text.LCD_Write_Data
                0x0000000008000d54       0x20 ./Core/Src/lcd.o
                0x0000000008000d54                LCD_Write_Data
 .text.LCD_REG_Config
                0x0000000008000d74      0x234 ./Core/Src/lcd.o
                0x0000000008000d74                LCD_REG_Config
 .text.LCD_OpenWindow
                0x0000000008000fa8       0xb2 ./Core/Src/lcd.o
                0x0000000008000fa8                LCD_OpenWindow
 .text.LCD_FillColor
                0x000000000800105a       0x3c ./Core/Src/lcd.o
                0x000000000800105a                LCD_FillColor
 .text.LCD_Clear
                0x0000000008001096       0x46 ./Core/Src/lcd.o
                0x0000000008001096                LCD_Clear
 .text.LCD_DrawChar
                0x00000000080010dc       0x9c ./Core/Src/lcd.o
                0x00000000080010dc                LCD_DrawChar
 .text.LCD_DrawString
                0x0000000008001178       0x6a ./Core/Src/lcd.o
                0x0000000008001178                LCD_DrawString
 *fill*         0x00000000080011e2        0x2 
 .text.PrintDevice_light
                0x00000000080011e4      0x158 ./Core/Src/main.o
                0x00000000080011e4                PrintDevice_light
 .text.PrintDevice_dark
                0x000000000800133c      0x154 ./Core/Src/main.o
                0x000000000800133c                PrintDevice_dark
 .text.Find_Data
                0x0000000008001490       0x28 ./Core/Src/main.o
                0x0000000008001490                Find_Data
 .text.Update_Button1
                0x00000000080014b8       0x20 ./Core/Src/main.o
                0x00000000080014b8                Update_Button1
 .text.Update_Button2
                0x00000000080014d8       0x20 ./Core/Src/main.o
                0x00000000080014d8                Update_Button2
 .text.Button1_On
                0x00000000080014f8       0x88 ./Core/Src/main.o
                0x00000000080014f8                Button1_On
 .text.Button2_On
                0x0000000008001580       0x88 ./Core/Src/main.o
                0x0000000008001580                Button2_On
 .text.Button1_Off
                0x0000000008001608       0x88 ./Core/Src/main.o
                0x0000000008001608                Button1_Off
 .text.Button2_Off
                0x0000000008001690       0x88 ./Core/Src/main.o
                0x0000000008001690                Button2_Off
 .text.main     0x0000000008001718      0x42c ./Core/Src/main.o
                0x0000000008001718                main
 .text.SystemClock_Config
                0x0000000008001b44       0xbe ./Core/Src/main.o
                0x0000000008001b44                SystemClock_Config
 *fill*         0x0000000008001c02        0x2 
 .text.MX_ADC1_Init
                0x0000000008001c04       0x7c ./Core/Src/main.o
 .text.MX_I2C1_Init
                0x0000000008001c80       0x5c ./Core/Src/main.o
 .text.MX_SPI1_Init
                0x0000000008001cdc       0x6c ./Core/Src/main.o
 .text.MX_TIM1_Init
                0x0000000008001d48       0xa0 ./Core/Src/main.o
 .text.MX_TIM2_Init
                0x0000000008001de8       0xb4 ./Core/Src/main.o
 .text.MX_TIM5_Init
                0x0000000008001e9c       0xa8 ./Core/Src/main.o
 .text.MX_GPIO_Init
                0x0000000008001f44      0x1d8 ./Core/Src/main.o
 .text.MX_FSMC_Init
                0x000000000800211c       0xc8 ./Core/Src/main.o
 .text.HAL_TIM_IC_CaptureCallback
                0x00000000080021e4      0x1ac ./Core/Src/main.o
                0x00000000080021e4                HAL_TIM_IC_CaptureCallback
 .text.Error_Handler
                0x0000000008002390        0xa ./Core/Src/main.o
                0x0000000008002390                Error_Handler
 .text.PN532_WriteFrame
                0x000000000800239a      0x1a6 ./Core/Src/pn532.o
                0x000000000800239a                PN532_WriteFrame
 .text.PN532_ReadFrame
                0x0000000008002540      0x1fc ./Core/Src/pn532.o
                0x0000000008002540                PN532_ReadFrame
 .text.PN532_CallFunction
                0x000000000800273c      0x24c ./Core/Src/pn532.o
                0x000000000800273c                PN532_CallFunction
 .text.PN532_SamConfiguration
                0x0000000008002988       0x44 ./Core/Src/pn532.o
                0x0000000008002988                PN532_SamConfiguration
 .text.PN532_ReadPassiveTarget
                0x00000000080029cc       0xb4 ./Core/Src/pn532.o
                0x00000000080029cc                PN532_ReadPassiveTarget
 .text.PN532_Reset
                0x0000000008002a80       0x48 ./Core/Src/pn532_stm32f1.o
                0x0000000008002a80                PN532_Reset
 .text.PN532_Log
                0x0000000008002ac8       0x1c ./Core/Src/pn532_stm32f1.o
                0x0000000008002ac8                PN532_Log
 .text.spi_rw   0x0000000008002ae4       0x50 ./Core/Src/pn532_stm32f1.o
                0x0000000008002ae4                spi_rw
 .text.PN532_SPI_ReadData
                0x0000000008002b34       0xb0 ./Core/Src/pn532_stm32f1.o
                0x0000000008002b34                PN532_SPI_ReadData
 .text.PN532_SPI_WriteData
                0x0000000008002be4       0xaa ./Core/Src/pn532_stm32f1.o
                0x0000000008002be4                PN532_SPI_WriteData
 .text.PN532_SPI_WaitReady
                0x0000000008002c8e       0x50 ./Core/Src/pn532_stm32f1.o
                0x0000000008002c8e                PN532_SPI_WaitReady
 *fill*         0x0000000008002cde        0x2 
 .text.PN532_SPI_Wakeup
                0x0000000008002ce0       0x44 ./Core/Src/pn532_stm32f1.o
                0x0000000008002ce0                PN532_SPI_Wakeup
 .text.PN532_SPI_Init
                0x0000000008002d24       0x54 ./Core/Src/pn532_stm32f1.o
                0x0000000008002d24                PN532_SPI_Init
 .text.HAL_MspInit
                0x0000000008002d78       0x64 ./Core/Src/stm32f1xx_hal_msp.o
                0x0000000008002d78                HAL_MspInit
 .text.HAL_ADC_MspInit
                0x0000000008002ddc       0x78 ./Core/Src/stm32f1xx_hal_msp.o
                0x0000000008002ddc                HAL_ADC_MspInit
 .text.HAL_I2C_MspInit
                0x0000000008002e54       0x7c ./Core/Src/stm32f1xx_hal_msp.o
                0x0000000008002e54                HAL_I2C_MspInit
 .text.HAL_SPI_MspInit
                0x0000000008002ed0       0xa4 ./Core/Src/stm32f1xx_hal_msp.o
                0x0000000008002ed0                HAL_SPI_MspInit
 .text.HAL_TIM_Base_MspInit
                0x0000000008002f74       0x3c ./Core/Src/stm32f1xx_hal_msp.o
                0x0000000008002f74                HAL_TIM_Base_MspInit
 .text.HAL_TIM_PWM_MspInit
                0x0000000008002fb0       0x48 ./Core/Src/stm32f1xx_hal_msp.o
                0x0000000008002fb0                HAL_TIM_PWM_MspInit
 .text.HAL_TIM_IC_MspInit
                0x0000000008002ff8       0x8c ./Core/Src/stm32f1xx_hal_msp.o
                0x0000000008002ff8                HAL_TIM_IC_MspInit
 .text.HAL_TIM_MspPostInit
                0x0000000008003084       0x60 ./Core/Src/stm32f1xx_hal_msp.o
                0x0000000008003084                HAL_TIM_MspPostInit
 .text.HAL_FSMC_MspInit
                0x00000000080030e4       0x88 ./Core/Src/stm32f1xx_hal_msp.o
 .text.HAL_SRAM_MspInit
                0x000000000800316c       0x14 ./Core/Src/stm32f1xx_hal_msp.o
                0x000000000800316c                HAL_SRAM_MspInit
 .text.NMI_Handler
                0x0000000008003180        0x6 ./Core/Src/stm32f1xx_it.o
                0x0000000008003180                NMI_Handler
 .text.HardFault_Handler
                0x0000000008003186        0x6 ./Core/Src/stm32f1xx_it.o
                0x0000000008003186                HardFault_Handler
 .text.MemManage_Handler
                0x000000000800318c        0x6 ./Core/Src/stm32f1xx_it.o
                0x000000000800318c                MemManage_Handler
 .text.BusFault_Handler
                0x0000000008003192        0x6 ./Core/Src/stm32f1xx_it.o
                0x0000000008003192                BusFault_Handler
 .text.UsageFault_Handler
                0x0000000008003198        0x6 ./Core/Src/stm32f1xx_it.o
                0x0000000008003198                UsageFault_Handler
 .text.SVC_Handler
                0x000000000800319e        0xc ./Core/Src/stm32f1xx_it.o
                0x000000000800319e                SVC_Handler
 .text.DebugMon_Handler
                0x00000000080031aa        0xc ./Core/Src/stm32f1xx_it.o
                0x00000000080031aa                DebugMon_Handler
 .text.PendSV_Handler
                0x00000000080031b6        0xc ./Core/Src/stm32f1xx_it.o
                0x00000000080031b6                PendSV_Handler
 .text.SysTick_Handler
                0x00000000080031c2        0xc ./Core/Src/stm32f1xx_it.o
                0x00000000080031c2                SysTick_Handler
 .text.EXTI9_5_IRQHandler
                0x00000000080031ce        0xe ./Core/Src/stm32f1xx_it.o
                0x00000000080031ce                EXTI9_5_IRQHandler
 .text.TIM2_IRQHandler
                0x00000000080031dc       0x14 ./Core/Src/stm32f1xx_it.o
                0x00000000080031dc                TIM2_IRQHandler
 .text.SPI1_IRQHandler
                0x00000000080031f0       0x14 ./Core/Src/stm32f1xx_it.o
                0x00000000080031f0                SPI1_IRQHandler
 .text.TIM5_IRQHandler
                0x0000000008003204       0x14 ./Core/Src/stm32f1xx_it.o
                0x0000000008003204                TIM5_IRQHandler
 .text._read    0x0000000008003218       0x3a ./Core/Src/syscalls.o
                0x0000000008003218                _read
 .text._write   0x0000000008003252       0x38 ./Core/Src/syscalls.o
                0x0000000008003252                _write
 .text._close   0x000000000800328a       0x16 ./Core/Src/syscalls.o
                0x000000000800328a                _close
 .text._fstat   0x00000000080032a0       0x1e ./Core/Src/syscalls.o
                0x00000000080032a0                _fstat
 .text._isatty  0x00000000080032be       0x14 ./Core/Src/syscalls.o
                0x00000000080032be                _isatty
 .text._lseek   0x00000000080032d2       0x18 ./Core/Src/syscalls.o
                0x00000000080032d2                _lseek
 *fill*         0x00000000080032ea        0x2 
 .text._sbrk    0x00000000080032ec       0x6c ./Core/Src/sysmem.o
                0x00000000080032ec                _sbrk
 .text.SystemInit
                0x0000000008003358        0xc ./Core/Src/system_stm32f1xx.o
                0x0000000008003358                SystemInit
 .text.Reset_Handler
                0x0000000008003364       0x48 ./Core/Startup/startup_stm32f103vetx.o
                0x0000000008003364                Reset_Handler
 .text.Default_Handler
                0x00000000080033ac        0x2 ./Core/Startup/startup_stm32f103vetx.o
                0x00000000080033ac                DMA2_Channel3_IRQHandler
                0x00000000080033ac                EXTI2_IRQHandler
                0x00000000080033ac                TIM8_TRG_COM_IRQHandler
                0x00000000080033ac                TIM8_CC_IRQHandler
                0x00000000080033ac                TIM1_CC_IRQHandler
                0x00000000080033ac                TIM6_IRQHandler
                0x00000000080033ac                PVD_IRQHandler
                0x00000000080033ac                SDIO_IRQHandler
                0x00000000080033ac                EXTI3_IRQHandler
                0x00000000080033ac                EXTI0_IRQHandler
                0x00000000080033ac                I2C2_EV_IRQHandler
                0x00000000080033ac                ADC1_2_IRQHandler
                0x00000000080033ac                TAMPER_IRQHandler
                0x00000000080033ac                TIM8_UP_IRQHandler
                0x00000000080033ac                DMA2_Channel2_IRQHandler
                0x00000000080033ac                DMA1_Channel4_IRQHandler
                0x00000000080033ac                USART3_IRQHandler
                0x00000000080033ac                RTC_IRQHandler
                0x00000000080033ac                DMA1_Channel7_IRQHandler
                0x00000000080033ac                CAN1_RX1_IRQHandler
                0x00000000080033ac                UART5_IRQHandler
                0x00000000080033ac                ADC3_IRQHandler
                0x00000000080033ac                TIM4_IRQHandler
                0x00000000080033ac                DMA2_Channel1_IRQHandler
                0x00000000080033ac                I2C1_EV_IRQHandler
                0x00000000080033ac                DMA1_Channel6_IRQHandler
                0x00000000080033ac                UART4_IRQHandler
                0x00000000080033ac                TIM3_IRQHandler
                0x00000000080033ac                RCC_IRQHandler
                0x00000000080033ac                TIM1_TRG_COM_IRQHandler
                0x00000000080033ac                DMA1_Channel1_IRQHandler
                0x00000000080033ac                Default_Handler
                0x00000000080033ac                EXTI15_10_IRQHandler
                0x00000000080033ac                TIM7_IRQHandler
                0x00000000080033ac                SPI2_IRQHandler
                0x00000000080033ac                DMA1_Channel5_IRQHandler
                0x00000000080033ac                EXTI4_IRQHandler
                0x00000000080033ac                USB_LP_CAN1_RX0_IRQHandler
                0x00000000080033ac                USB_HP_CAN1_TX_IRQHandler
                0x00000000080033ac                DMA1_Channel3_IRQHandler
                0x00000000080033ac                FSMC_IRQHandler
                0x00000000080033ac                TIM1_UP_IRQHandler
                0x00000000080033ac                WWDG_IRQHandler
                0x00000000080033ac                TIM1_BRK_IRQHandler
                0x00000000080033ac                EXTI1_IRQHandler
                0x00000000080033ac                DMA2_Channel4_5_IRQHandler
                0x00000000080033ac                USART2_IRQHandler
                0x00000000080033ac                I2C2_ER_IRQHandler
                0x00000000080033ac                DMA1_Channel2_IRQHandler
                0x00000000080033ac                TIM8_BRK_IRQHandler
                0x00000000080033ac                CAN1_SCE_IRQHandler
                0x00000000080033ac                FLASH_IRQHandler
                0x00000000080033ac                USART1_IRQHandler
                0x00000000080033ac                SPI3_IRQHandler
                0x00000000080033ac                I2C1_ER_IRQHandler
                0x00000000080033ac                USBWakeUp_IRQHandler
                0x00000000080033ac                RTC_Alarm_IRQHandler
 *fill*         0x00000000080033ae        0x2 
 .text.HAL_Init
                0x00000000080033b0       0x2c ./Drivers/STM32F1xx_HAL_Driver/Src/stm32f1xx_hal.o
                0x00000000080033b0                HAL_Init
 .text.HAL_InitTick
                0x00000000080033dc       0x60 ./Drivers/STM32F1xx_HAL_Driver/Src/stm32f1xx_hal.o
                0x00000000080033dc                HAL_InitTick
 .text.HAL_IncTick
                0x000000000800343c       0x24 ./Drivers/STM32F1xx_HAL_Driver/Src/stm32f1xx_hal.o
                0x000000000800343c                HAL_IncTick
 .text.HAL_GetTick
                0x0000000008003460       0x14 ./Drivers/STM32F1xx_HAL_Driver/Src/stm32f1xx_hal.o
                0x0000000008003460                HAL_GetTick
 .text.HAL_Delay
                0x0000000008003474       0x48 ./Drivers/STM32F1xx_HAL_Driver/Src/stm32f1xx_hal.o
                0x0000000008003474                HAL_Delay
 .text.HAL_ADC_Init
                0x00000000080034bc      0x1d4 ./Drivers/STM32F1xx_HAL_Driver/Src/stm32f1xx_hal_adc.o
                0x00000000080034bc                HAL_ADC_Init
 .text.HAL_ADC_Start
                0x0000000008003690      0x15c ./Drivers/STM32F1xx_HAL_Driver/Src/stm32f1xx_hal_adc.o
                0x0000000008003690                HAL_ADC_Start
 .text.HAL_ADC_PollForConversion
                0x00000000080037ec      0x20c ./Drivers/STM32F1xx_HAL_Driver/Src/stm32f1xx_hal_adc.o
                0x00000000080037ec                HAL_ADC_PollForConversion
 .text.HAL_ADC_GetValue
                0x00000000080039f8       0x18 ./Drivers/STM32F1xx_HAL_Driver/Src/stm32f1xx_hal_adc.o
                0x00000000080039f8                HAL_ADC_GetValue
 .text.HAL_ADC_ConfigChannel
                0x0000000008003a10      0x1f0 ./Drivers/STM32F1xx_HAL_Driver/Src/stm32f1xx_hal_adc.o
                0x0000000008003a10                HAL_ADC_ConfigChannel
 .text.ADC_Enable
                0x0000000008003c00       0xb4 ./Drivers/STM32F1xx_HAL_Driver/Src/stm32f1xx_hal_adc.o
                0x0000000008003c00                ADC_Enable
 .text.ADC_ConversionStop_Disable
                0x0000000008003cb4       0x82 ./Drivers/STM32F1xx_HAL_Driver/Src/stm32f1xx_hal_adc.o
                0x0000000008003cb4                ADC_ConversionStop_Disable
 *fill*         0x0000000008003d36        0x2 
 .text.__NVIC_SetPriorityGrouping
                0x0000000008003d38       0x48 ./Drivers/STM32F1xx_HAL_Driver/Src/stm32f1xx_hal_cortex.o
 .text.__NVIC_GetPriorityGrouping
                0x0000000008003d80       0x1c ./Drivers/STM32F1xx_HAL_Driver/Src/stm32f1xx_hal_cortex.o
 .text.__NVIC_EnableIRQ
                0x0000000008003d9c       0x38 ./Drivers/STM32F1xx_HAL_Driver/Src/stm32f1xx_hal_cortex.o
 .text.__NVIC_SetPriority
                0x0000000008003dd4       0x54 ./Drivers/STM32F1xx_HAL_Driver/Src/stm32f1xx_hal_cortex.o
 .text.NVIC_EncodePriority
                0x0000000008003e28       0x64 ./Drivers/STM32F1xx_HAL_Driver/Src/stm32f1xx_hal_cortex.o
 .text.SysTick_Config
                0x0000000008003e8c       0x44 ./Drivers/STM32F1xx_HAL_Driver/Src/stm32f1xx_hal_cortex.o
 .text.HAL_NVIC_SetPriorityGrouping
                0x0000000008003ed0       0x16 ./Drivers/STM32F1xx_HAL_Driver/Src/stm32f1xx_hal_cortex.o
                0x0000000008003ed0                HAL_NVIC_SetPriorityGrouping
 .text.HAL_NVIC_SetPriority
                0x0000000008003ee6       0x38 ./Drivers/STM32F1xx_HAL_Driver/Src/stm32f1xx_hal_cortex.o
                0x0000000008003ee6                HAL_NVIC_SetPriority
 .text.HAL_NVIC_EnableIRQ
                0x0000000008003f1e       0x1c ./Drivers/STM32F1xx_HAL_Driver/Src/stm32f1xx_hal_cortex.o
                0x0000000008003f1e                HAL_NVIC_EnableIRQ
 .text.HAL_SYSTICK_Config
                0x0000000008003f3a       0x18 ./Drivers/STM32F1xx_HAL_Driver/Src/stm32f1xx_hal_cortex.o
                0x0000000008003f3a                HAL_SYSTICK_Config
 *fill*         0x0000000008003f52        0x2 
 .text.HAL_DMA_Abort_IT
                0x0000000008003f54      0x210 ./Drivers/STM32F1xx_HAL_Driver/Src/stm32f1xx_hal_dma.o
                0x0000000008003f54                HAL_DMA_Abort_IT
 .text.HAL_GPIO_Init
                0x0000000008004164      0x328 ./Drivers/STM32F1xx_HAL_Driver/Src/stm32f1xx_hal_gpio.o
                0x0000000008004164                HAL_GPIO_Init
 .text.HAL_GPIO_ReadPin
                0x000000000800448c       0x2e ./Drivers/STM32F1xx_HAL_Driver/Src/stm32f1xx_hal_gpio.o
                0x000000000800448c                HAL_GPIO_ReadPin
 .text.HAL_GPIO_WritePin
                0x00000000080044ba       0x30 ./Drivers/STM32F1xx_HAL_Driver/Src/stm32f1xx_hal_gpio.o
                0x00000000080044ba                HAL_GPIO_WritePin
 *fill*         0x00000000080044ea        0x2 
 .text.HAL_GPIO_EXTI_IRQHandler
                0x00000000080044ec       0x30 ./Drivers/STM32F1xx_HAL_Driver/Src/stm32f1xx_hal_gpio.o
                0x00000000080044ec                HAL_GPIO_EXTI_IRQHandler
 .text.HAL_GPIO_EXTI_Callback
                0x000000000800451c       0x14 ./Drivers/STM32F1xx_HAL_Driver/Src/stm32f1xx_hal_gpio.o
                0x000000000800451c                HAL_GPIO_EXTI_Callback
 .text.HAL_I2C_Init
                0x0000000008004530      0x288 ./Drivers/STM32F1xx_HAL_Driver/Src/stm32f1xx_hal_i2c.o
                0x0000000008004530                HAL_I2C_Init
 .text.HAL_RCC_OscConfig
                0x00000000080047b8      0x504 ./Drivers/STM32F1xx_HAL_Driver/Src/stm32f1xx_hal_rcc.o
                0x00000000080047b8                HAL_RCC_OscConfig
 .text.HAL_RCC_ClockConfig
                0x0000000008004cbc      0x1d4 ./Drivers/STM32F1xx_HAL_Driver/Src/stm32f1xx_hal_rcc.o
                0x0000000008004cbc                HAL_RCC_ClockConfig
 .text.HAL_RCC_GetSysClockFreq
                0x0000000008004e90       0xa8 ./Drivers/STM32F1xx_HAL_Driver/Src/stm32f1xx_hal_rcc.o
                0x0000000008004e90                HAL_RCC_GetSysClockFreq
 .text.HAL_RCC_GetHCLKFreq
                0x0000000008004f38       0x14 ./Drivers/STM32F1xx_HAL_Driver/Src/stm32f1xx_hal_rcc.o
                0x0000000008004f38                HAL_RCC_GetHCLKFreq
 .text.HAL_RCC_GetPCLK1Freq
                0x0000000008004f4c       0x28 ./Drivers/STM32F1xx_HAL_Driver/Src/stm32f1xx_hal_rcc.o
                0x0000000008004f4c                HAL_RCC_GetPCLK1Freq
 .text.HAL_RCC_GetPCLK2Freq
                0x0000000008004f74       0x28 ./Drivers/STM32F1xx_HAL_Driver/Src/stm32f1xx_hal_rcc.o
                0x0000000008004f74                HAL_RCC_GetPCLK2Freq
 .text.RCC_Delay
                0x0000000008004f9c       0x3c ./Drivers/STM32F1xx_HAL_Driver/Src/stm32f1xx_hal_rcc.o
 .text.HAL_RCCEx_PeriphCLKConfig
                0x0000000008004fd8      0x16c ./Drivers/STM32F1xx_HAL_Driver/Src/stm32f1xx_hal_rcc_ex.o
                0x0000000008004fd8                HAL_RCCEx_PeriphCLKConfig
 .text.HAL_RCCEx_GetPeriphCLKFreq
                0x0000000008005144      0x1b0 ./Drivers/STM32F1xx_HAL_Driver/Src/stm32f1xx_hal_rcc_ex.o
                0x0000000008005144                HAL_RCCEx_GetPeriphCLKFreq
 .text.HAL_SPI_Init
                0x00000000080052f4      0x108 ./Drivers/STM32F1xx_HAL_Driver/Src/stm32f1xx_hal_spi.o
                0x00000000080052f4                HAL_SPI_Init
 .text.HAL_SPI_TransmitReceive
                0x00000000080053fc      0x360 ./Drivers/STM32F1xx_HAL_Driver/Src/stm32f1xx_hal_spi.o
                0x00000000080053fc                HAL_SPI_TransmitReceive
 .text.HAL_SPI_IRQHandler
                0x000000000800575c      0x1cc ./Drivers/STM32F1xx_HAL_Driver/Src/stm32f1xx_hal_spi.o
                0x000000000800575c                HAL_SPI_IRQHandler
 .text.HAL_SPI_ErrorCallback
                0x0000000008005928       0x12 ./Drivers/STM32F1xx_HAL_Driver/Src/stm32f1xx_hal_spi.o
                0x0000000008005928                HAL_SPI_ErrorCallback
 .text.SPI_DMAAbortOnError
                0x000000000800593a       0x28 ./Drivers/STM32F1xx_HAL_Driver/Src/stm32f1xx_hal_spi.o
 *fill*         0x0000000008005962        0x2 
 .text.SPI_WaitFlagStateUntilTimeout
                0x0000000008005964      0x110 ./Drivers/STM32F1xx_HAL_Driver/Src/stm32f1xx_hal_spi.o
 .text.SPI_EndRxTxTransaction
                0x0000000008005a74       0x3c ./Drivers/STM32F1xx_HAL_Driver/Src/stm32f1xx_hal_spi.o
 .text.HAL_SRAM_Init
                0x0000000008005ab0       0x9a ./Drivers/STM32F1xx_HAL_Driver/Src/stm32f1xx_hal_sram.o
                0x0000000008005ab0                HAL_SRAM_Init
 .text.HAL_TIM_Base_Init
                0x0000000008005b4a       0x9e ./Drivers/STM32F1xx_HAL_Driver/Src/stm32f1xx_hal_tim.o
                0x0000000008005b4a                HAL_TIM_Base_Init
 .text.HAL_TIM_Base_Start
                0x0000000008005be8       0xb0 ./Drivers/STM32F1xx_HAL_Driver/Src/stm32f1xx_hal_tim.o
                0x0000000008005be8                HAL_TIM_Base_Start
 .text.HAL_TIM_PWM_Init
                0x0000000008005c98       0x9e ./Drivers/STM32F1xx_HAL_Driver/Src/stm32f1xx_hal_tim.o
                0x0000000008005c98                HAL_TIM_PWM_Init
 .text.HAL_TIM_IC_Init
                0x0000000008005d36       0x9e ./Drivers/STM32F1xx_HAL_Driver/Src/stm32f1xx_hal_tim.o
                0x0000000008005d36                HAL_TIM_IC_Init
 .text.HAL_TIM_IC_Start_IT
                0x0000000008005dd4      0x234 ./Drivers/STM32F1xx_HAL_Driver/Src/stm32f1xx_hal_tim.o
                0x0000000008005dd4                HAL_TIM_IC_Start_IT
 .text.HAL_TIM_IRQHandler
                0x0000000008006008      0x210 ./Drivers/STM32F1xx_HAL_Driver/Src/stm32f1xx_hal_tim.o
                0x0000000008006008                HAL_TIM_IRQHandler
 .text.HAL_TIM_IC_ConfigChannel
                0x0000000008006218      0x138 ./Drivers/STM32F1xx_HAL_Driver/Src/stm32f1xx_hal_tim.o
                0x0000000008006218                HAL_TIM_IC_ConfigChannel
 .text.HAL_TIM_PWM_ConfigChannel
                0x0000000008006350      0x184 ./Drivers/STM32F1xx_HAL_Driver/Src/stm32f1xx_hal_tim.o
                0x0000000008006350                HAL_TIM_PWM_ConfigChannel
 .text.HAL_TIM_ConfigClockSource
                0x00000000080064d4      0x18e ./Drivers/STM32F1xx_HAL_Driver/Src/stm32f1xx_hal_tim.o
                0x00000000080064d4                HAL_TIM_ConfigClockSource
 *fill*         0x0000000008006662        0x2 
 .text.HAL_TIM_ReadCapturedValue
                0x0000000008006664       0x88 ./Drivers/STM32F1xx_HAL_Driver/Src/stm32f1xx_hal_tim.o
                0x0000000008006664                HAL_TIM_ReadCapturedValue
 .text.HAL_TIM_PeriodElapsedCallback
                0x00000000080066ec       0x12 ./Drivers/STM32F1xx_HAL_Driver/Src/stm32f1xx_hal_tim.o
                0x00000000080066ec                HAL_TIM_PeriodElapsedCallback
 .text.HAL_TIM_OC_DelayElapsedCallback
                0x00000000080066fe       0x12 ./Drivers/STM32F1xx_HAL_Driver/Src/stm32f1xx_hal_tim.o
                0x00000000080066fe                HAL_TIM_OC_DelayElapsedCallback
 .text.HAL_TIM_PWM_PulseFinishedCallback
                0x0000000008006710       0x12 ./Drivers/STM32F1xx_HAL_Driver/Src/stm32f1xx_hal_tim.o
                0x0000000008006710                HAL_TIM_PWM_PulseFinishedCallback
 .text.HAL_TIM_TriggerCallback
                0x0000000008006722       0x12 ./Drivers/STM32F1xx_HAL_Driver/Src/stm32f1xx_hal_tim.o
                0x0000000008006722                HAL_TIM_TriggerCallback
 .text.TIM_Base_SetConfig
                0x0000000008006734       0xf4 ./Drivers/STM32F1xx_HAL_Driver/Src/stm32f1xx_hal_tim.o
                0x0000000008006734                TIM_Base_SetConfig
 .text.TIM_OC1_SetConfig
                0x0000000008006828       0xe0 ./Drivers/STM32F1xx_HAL_Driver/Src/stm32f1xx_hal_tim.o
 .text.TIM_OC2_SetConfig
                0x0000000008006908       0xe8 ./Drivers/STM32F1xx_HAL_Driver/Src/stm32f1xx_hal_tim.o
                0x0000000008006908                TIM_OC2_SetConfig
 .text.TIM_OC3_SetConfig
                0x00000000080069f0       0xe8 ./Drivers/STM32F1xx_HAL_Driver/Src/stm32f1xx_hal_tim.o
 .text.TIM_OC4_SetConfig
                0x0000000008006ad8       0xa8 ./Drivers/STM32F1xx_HAL_Driver/Src/stm32f1xx_hal_tim.o
 .text.TIM_TI1_SetConfig
                0x0000000008006b80       0xcc ./Drivers/STM32F1xx_HAL_Driver/Src/stm32f1xx_hal_tim.o
                0x0000000008006b80                TIM_TI1_SetConfig
 .text.TIM_TI1_ConfigInputStage
                0x0000000008006c4c       0x5c ./Drivers/STM32F1xx_HAL_Driver/Src/stm32f1xx_hal_tim.o
 .text.TIM_TI2_SetConfig
                0x0000000008006ca8       0x78 ./Drivers/STM32F1xx_HAL_Driver/Src/stm32f1xx_hal_tim.o
 .text.TIM_TI2_ConfigInputStage
                0x0000000008006d20       0x5e ./Drivers/STM32F1xx_HAL_Driver/Src/stm32f1xx_hal_tim.o
 .text.TIM_TI3_SetConfig
                0x0000000008006d7e       0x76 ./Drivers/STM32F1xx_HAL_Driver/Src/stm32f1xx_hal_tim.o
 .text.TIM_TI4_SetConfig
                0x0000000008006df4       0x78 ./Drivers/STM32F1xx_HAL_Driver/Src/stm32f1xx_hal_tim.o
 .text.TIM_ITRx_SetConfig
                0x0000000008006e6c       0x34 ./Drivers/STM32F1xx_HAL_Driver/Src/stm32f1xx_hal_tim.o
 .text.TIM_ETR_SetConfig
                0x0000000008006ea0       0x3e ./Drivers/STM32F1xx_HAL_Driver/Src/stm32f1xx_hal_tim.o
                0x0000000008006ea0                TIM_ETR_SetConfig
 .text.TIM_CCxChannelCmd
                0x0000000008006ede       0x48 ./Drivers/STM32F1xx_HAL_Driver/Src/stm32f1xx_hal_tim.o
                0x0000000008006ede                TIM_CCxChannelCmd
 *fill*         0x0000000008006f26        0x2 
 .text.HAL_TIMEx_MasterConfigSynchronization
                0x0000000008006f28       0xd8 ./Drivers/STM32F1xx_HAL_Driver/Src/stm32f1xx_hal_tim_ex.o
                0x0000000008006f28                HAL_TIMEx_MasterConfigSynchronization
 .text.HAL_TIMEx_CommutCallback
                0x0000000008007000       0x12 ./Drivers/STM32F1xx_HAL_Driver/Src/stm32f1xx_hal_tim_ex.o
                0x0000000008007000                HAL_TIMEx_CommutCallback
 .text.HAL_TIMEx_BreakCallback
                0x0000000008007012       0x12 ./Drivers/STM32F1xx_HAL_Driver/Src/stm32f1xx_hal_tim_ex.o
                0x0000000008007012                HAL_TIMEx_BreakCallback
 .text.FSMC_NORSRAM_Init
                0x0000000008007024       0xd4 ./Drivers/STM32F1xx_HAL_Driver/Src/stm32f1xx_ll_fsmc.o
                0x0000000008007024                FSMC_NORSRAM_Init
 .text.FSMC_NORSRAM_Timing_Init
                0x00000000080070f8       0x68 ./Drivers/STM32F1xx_HAL_Driver/Src/stm32f1xx_ll_fsmc.o
                0x00000000080070f8                FSMC_NORSRAM_Timing_Init
 .text.FSMC_NORSRAM_Extended_Timing_Init
                0x0000000008007160       0x70 ./Drivers/STM32F1xx_HAL_Driver/Src/stm32f1xx_ll_fsmc.o
                0x0000000008007160                FSMC_NORSRAM_Extended_Timing_Init
 .text.__errno  0x00000000080071d0        0xc /Applications/STM32CubeIDE.app/Contents/Eclipse/plugins/com.st.stm32cube.ide.mcu.externaltools.gnu-tools-for-stm32.10.3-2021.10.macos64_1.0.0.202111181127/tools/bin/../lib/gcc/arm-none-eabi/10.3.1/../../../../arm-none-eabi/lib/thumb/v7-m/nofp/libc_nano.a(lib_a-errno.o)
                0x00000000080071d0                __errno
 .text.__libc_init_array
                0x00000000080071dc       0x48 /Applications/STM32CubeIDE.app/Contents/Eclipse/plugins/com.st.stm32cube.ide.mcu.externaltools.gnu-tools-for-stm32.10.3-2021.10.macos64_1.0.0.202111181127/tools/bin/../lib/gcc/arm-none-eabi/10.3.1/../../../../arm-none-eabi/lib/thumb/v7-m/nofp/libc_nano.a(lib_a-init.o)
                0x00000000080071dc                __libc_init_array
 .text.memset   0x0000000008007224       0x10 /Applications/STM32CubeIDE.app/Contents/Eclipse/plugins/com.st.stm32cube.ide.mcu.externaltools.gnu-tools-for-stm32.10.3-2021.10.macos64_1.0.0.202111181127/tools/bin/../lib/gcc/arm-none-eabi/10.3.1/../../../../arm-none-eabi/lib/thumb/v7-m/nofp/libc_nano.a(lib_a-memset.o)
                0x0000000008007224                memset
 .text.printf   0x0000000008007234       0x30 /Applications/STM32CubeIDE.app/Contents/Eclipse/plugins/com.st.stm32cube.ide.mcu.externaltools.gnu-tools-for-stm32.10.3-2021.10.macos64_1.0.0.202111181127/tools/bin/../lib/gcc/arm-none-eabi/10.3.1/../../../../arm-none-eabi/lib/thumb/v7-m/nofp/libc_nano.a(lib_a-printf.o)
                0x0000000008007234                printf
                0x0000000008007234                iprintf
 .text.std      0x0000000008007264       0x48 /Applications/STM32CubeIDE.app/Contents/Eclipse/plugins/com.st.stm32cube.ide.mcu.externaltools.gnu-tools-for-stm32.10.3-2021.10.macos64_1.0.0.202111181127/tools/bin/../lib/gcc/arm-none-eabi/10.3.1/../../../../arm-none-eabi/lib/thumb/v7-m/nofp/libc_nano.a(lib_a-findfp.o)
 .text._cleanup_r
                0x00000000080072ac        0xc /Applications/STM32CubeIDE.app/Contents/Eclipse/plugins/com.st.stm32cube.ide.mcu.externaltools.gnu-tools-for-stm32.10.3-2021.10.macos64_1.0.0.202111181127/tools/bin/../lib/gcc/arm-none-eabi/10.3.1/../../../../arm-none-eabi/lib/thumb/v7-m/nofp/libc_nano.a(lib_a-findfp.o)
                0x00000000080072ac                _cleanup_r
 .text.__sfmoreglue
                0x00000000080072b8       0x2c /Applications/STM32CubeIDE.app/Contents/Eclipse/plugins/com.st.stm32cube.ide.mcu.externaltools.gnu-tools-for-stm32.10.3-2021.10.macos64_1.0.0.202111181127/tools/bin/../lib/gcc/arm-none-eabi/10.3.1/../../../../arm-none-eabi/lib/thumb/v7-m/nofp/libc_nano.a(lib_a-findfp.o)
                0x00000000080072b8                __sfmoreglue
 .text.__sfp_lock_acquire
                0x00000000080072e4        0xc /Applications/STM32CubeIDE.app/Contents/Eclipse/plugins/com.st.stm32cube.ide.mcu.externaltools.gnu-tools-for-stm32.10.3-2021.10.macos64_1.0.0.202111181127/tools/bin/../lib/gcc/arm-none-eabi/10.3.1/../../../../arm-none-eabi/lib/thumb/v7-m/nofp/libc_nano.a(lib_a-findfp.o)
                0x00000000080072e4                __sfp_lock_acquire
 .text.__sfp_lock_release
                0x00000000080072f0        0xc /Applications/STM32CubeIDE.app/Contents/Eclipse/plugins/com.st.stm32cube.ide.mcu.externaltools.gnu-tools-for-stm32.10.3-2021.10.macos64_1.0.0.202111181127/tools/bin/../lib/gcc/arm-none-eabi/10.3.1/../../../../arm-none-eabi/lib/thumb/v7-m/nofp/libc_nano.a(lib_a-findfp.o)
                0x00000000080072f0                __sfp_lock_release
 .text.__sinit_lock_acquire
                0x00000000080072fc        0xc /Applications/STM32CubeIDE.app/Contents/Eclipse/plugins/com.st.stm32cube.ide.mcu.externaltools.gnu-tools-for-stm32.10.3-2021.10.macos64_1.0.0.202111181127/tools/bin/../lib/gcc/arm-none-eabi/10.3.1/../../../../arm-none-eabi/lib/thumb/v7-m/nofp/libc_nano.a(lib_a-findfp.o)
                0x00000000080072fc                __sinit_lock_acquire
 .text.__sinit_lock_release
                0x0000000008007308        0xc /Applications/STM32CubeIDE.app/Contents/Eclipse/plugins/com.st.stm32cube.ide.mcu.externaltools.gnu-tools-for-stm32.10.3-2021.10.macos64_1.0.0.202111181127/tools/bin/../lib/gcc/arm-none-eabi/10.3.1/../../../../arm-none-eabi/lib/thumb/v7-m/nofp/libc_nano.a(lib_a-findfp.o)
                0x0000000008007308                __sinit_lock_release
 .text.__sinit  0x0000000008007314       0x70 /Applications/STM32CubeIDE.app/Contents/Eclipse/plugins/com.st.stm32cube.ide.mcu.externaltools.gnu-tools-for-stm32.10.3-2021.10.macos64_1.0.0.202111181127/tools/bin/../lib/gcc/arm-none-eabi/10.3.1/../../../../arm-none-eabi/lib/thumb/v7-m/nofp/libc_nano.a(lib_a-findfp.o)
                0x0000000008007314                __sinit
 .text.__sfp    0x0000000008007384       0x8c /Applications/STM32CubeIDE.app/Contents/Eclipse/plugins/com.st.stm32cube.ide.mcu.externaltools.gnu-tools-for-stm32.10.3-2021.10.macos64_1.0.0.202111181127/tools/bin/../lib/gcc/arm-none-eabi/10.3.1/../../../../arm-none-eabi/lib/thumb/v7-m/nofp/libc_nano.a(lib_a-findfp.o)
                0x0000000008007384                __sfp
 .text._fwalk_reent
                0x0000000008007410       0x3e /Applications/STM32CubeIDE.app/Contents/Eclipse/plugins/com.st.stm32cube.ide.mcu.externaltools.gnu-tools-for-stm32.10.3-2021.10.macos64_1.0.0.202111181127/tools/bin/../lib/gcc/arm-none-eabi/10.3.1/../../../../arm-none-eabi/lib/thumb/v7-m/nofp/libc_nano.a(lib_a-fwalk.o)
                0x0000000008007410                _fwalk_reent
 .text.__retarget_lock_init_recursive
                0x000000000800744e        0x2 /Applications/STM32CubeIDE.app/Contents/Eclipse/plugins/com.st.stm32cube.ide.mcu.externaltools.gnu-tools-for-stm32.10.3-2021.10.macos64_1.0.0.202111181127/tools/bin/../lib/gcc/arm-none-eabi/10.3.1/../../../../arm-none-eabi/lib/thumb/v7-m/nofp/libc_nano.a(lib_a-lock.o)
                0x000000000800744e                __retarget_lock_init_recursive
 .text.__retarget_lock_acquire_recursive
                0x0000000008007450        0x2 /Applications/STM32CubeIDE.app/Contents/Eclipse/plugins/com.st.stm32cube.ide.mcu.externaltools.gnu-tools-for-stm32.10.3-2021.10.macos64_1.0.0.202111181127/tools/bin/../lib/gcc/arm-none-eabi/10.3.1/../../../../arm-none-eabi/lib/thumb/v7-m/nofp/libc_nano.a(lib_a-lock.o)
                0x0000000008007450                __retarget_lock_acquire_recursive
 .text.__retarget_lock_release_recursive
                0x0000000008007452        0x2 /Applications/STM32CubeIDE.app/Contents/Eclipse/plugins/com.st.stm32cube.ide.mcu.externaltools.gnu-tools-for-stm32.10.3-2021.10.macos64_1.0.0.202111181127/tools/bin/../lib/gcc/arm-none-eabi/10.3.1/../../../../arm-none-eabi/lib/thumb/v7-m/nofp/libc_nano.a(lib_a-lock.o)
                0x0000000008007452                __retarget_lock_release_recursive
 .text.sbrk_aligned
                0x0000000008007454       0x40 /Applications/STM32CubeIDE.app/Contents/Eclipse/plugins/com.st.stm32cube.ide.mcu.externaltools.gnu-tools-for-stm32.10.3-2021.10.macos64_1.0.0.202111181127/tools/bin/../lib/gcc/arm-none-eabi/10.3.1/../../../../arm-none-eabi/lib/thumb/v7-m/nofp/libc_nano.a(lib_a-nano-mallocr.o)
 .text._malloc_r
                0x0000000008007494       0xe8 /Applications/STM32CubeIDE.app/Contents/Eclipse/plugins/com.st.stm32cube.ide.mcu.externaltools.gnu-tools-for-stm32.10.3-2021.10.macos64_1.0.0.202111181127/tools/bin/../lib/gcc/arm-none-eabi/10.3.1/../../../../arm-none-eabi/lib/thumb/v7-m/nofp/libc_nano.a(lib_a-nano-mallocr.o)
                0x0000000008007494                _malloc_r
 .text.__sfputc_r
                0x000000000800757c       0x2a /Applications/STM32CubeIDE.app/Contents/Eclipse/plugins/com.st.stm32cube.ide.mcu.externaltools.gnu-tools-for-stm32.10.3-2021.10.macos64_1.0.0.202111181127/tools/bin/../lib/gcc/arm-none-eabi/10.3.1/../../../../arm-none-eabi/lib/thumb/v7-m/nofp/libc_nano.a(lib_a-nano-vfprintf.o)
 .text.__sfputs_r
                0x00000000080075a6       0x24 /Applications/STM32CubeIDE.app/Contents/Eclipse/plugins/com.st.stm32cube.ide.mcu.externaltools.gnu-tools-for-stm32.10.3-2021.10.macos64_1.0.0.202111181127/tools/bin/../lib/gcc/arm-none-eabi/10.3.1/../../../../arm-none-eabi/lib/thumb/v7-m/nofp/libc_nano.a(lib_a-nano-vfprintf.o)
                0x00000000080075a6                __sfputs_r
 *fill*         0x00000000080075ca        0x2 
 .text._vfprintf_r
                0x00000000080075cc      0x260 /Applications/STM32CubeIDE.app/Contents/Eclipse/plugins/com.st.stm32cube.ide.mcu.externaltools.gnu-tools-for-stm32.10.3-2021.10.macos64_1.0.0.202111181127/tools/bin/../lib/gcc/arm-none-eabi/10.3.1/../../../../arm-none-eabi/lib/thumb/v7-m/nofp/libc_nano.a(lib_a-nano-vfprintf.o)
                0x00000000080075cc                _vfiprintf_r
                0x00000000080075cc                _vfprintf_r
 .text._printf_common
                0x000000000800782c       0xde /Applications/STM32CubeIDE.app/Contents/Eclipse/plugins/com.st.stm32cube.ide.mcu.externaltools.gnu-tools-for-stm32.10.3-2021.10.macos64_1.0.0.202111181127/tools/bin/../lib/gcc/arm-none-eabi/10.3.1/../../../../arm-none-eabi/lib/thumb/v7-m/nofp/libc_nano.a(lib_a-nano-vfprintf_i.o)
                0x000000000800782c                _printf_common
 *fill*         0x000000000800790a        0x2 
 .text._printf_i
                0x000000000800790c      0x24c /Applications/STM32CubeIDE.app/Contents/Eclipse/plugins/com.st.stm32cube.ide.mcu.externaltools.gnu-tools-for-stm32.10.3-2021.10.macos64_1.0.0.202111181127/tools/bin/../lib/gcc/arm-none-eabi/10.3.1/../../../../arm-none-eabi/lib/thumb/v7-m/nofp/libc_nano.a(lib_a-nano-vfprintf_i.o)
                0x000000000800790c                _printf_i
 .text._sbrk_r  0x0000000008007b58       0x20 /Applications/STM32CubeIDE.app/Contents/Eclipse/plugins/com.st.stm32cube.ide.mcu.externaltools.gnu-tools-for-stm32.10.3-2021.10.macos64_1.0.0.202111181127/tools/bin/../lib/gcc/arm-none-eabi/10.3.1/../../../../arm-none-eabi/lib/thumb/v7-m/nofp/libc_nano.a(lib_a-sbrkr.o)
                0x0000000008007b58                _sbrk_r
 .text.__sread  0x0000000008007b78       0x22 /Applications/STM32CubeIDE.app/Contents/Eclipse/plugins/com.st.stm32cube.ide.mcu.externaltools.gnu-tools-for-stm32.10.3-2021.10.macos64_1.0.0.202111181127/tools/bin/../lib/gcc/arm-none-eabi/10.3.1/../../../../arm-none-eabi/lib/thumb/v7-m/nofp/libc_nano.a(lib_a-stdio.o)
                0x0000000008007b78                __sread
 .text.__swrite
                0x0000000008007b9a       0x38 /Applications/STM32CubeIDE.app/Contents/Eclipse/plugins/com.st.stm32cube.ide.mcu.externaltools.gnu-tools-for-stm32.10.3-2021.10.macos64_1.0.0.202111181127/tools/bin/../lib/gcc/arm-none-eabi/10.3.1/../../../../arm-none-eabi/lib/thumb/v7-m/nofp/libc_nano.a(lib_a-stdio.o)
                0x0000000008007b9a                __swrite
 .text.__sseek  0x0000000008007bd2       0x24 /Applications/STM32CubeIDE.app/Contents/Eclipse/plugins/com.st.stm32cube.ide.mcu.externaltools.gnu-tools-for-stm32.10.3-2021.10.macos64_1.0.0.202111181127/tools/bin/../lib/gcc/arm-none-eabi/10.3.1/../../../../arm-none-eabi/lib/thumb/v7-m/nofp/libc_nano.a(lib_a-stdio.o)
                0x0000000008007bd2                __sseek
 .text.__sclose
                0x0000000008007bf6        0x8 /Applications/STM32CubeIDE.app/Contents/Eclipse/plugins/com.st.stm32cube.ide.mcu.externaltools.gnu-tools-for-stm32.10.3-2021.10.macos64_1.0.0.202111181127/tools/bin/../lib/gcc/arm-none-eabi/10.3.1/../../../../arm-none-eabi/lib/thumb/v7-m/nofp/libc_nano.a(lib_a-stdio.o)
                0x0000000008007bf6                __sclose
 *fill*         0x0000000008007bfe        0x2 
 .text.__swbuf_r
                0x0000000008007c00       0xa4 /Applications/STM32CubeIDE.app/Contents/Eclipse/plugins/com.st.stm32cube.ide.mcu.externaltools.gnu-tools-for-stm32.10.3-2021.10.macos64_1.0.0.202111181127/tools/bin/../lib/gcc/arm-none-eabi/10.3.1/../../../../arm-none-eabi/lib/thumb/v7-m/nofp/libc_nano.a(lib_a-wbuf.o)
                0x0000000008007c00                __swbuf_r
 .text._write_r
                0x0000000008007ca4       0x24 /Applications/STM32CubeIDE.app/Contents/Eclipse/plugins/com.st.stm32cube.ide.mcu.externaltools.gnu-tools-for-stm32.10.3-2021.10.macos64_1.0.0.202111181127/tools/bin/../lib/gcc/arm-none-eabi/10.3.1/../../../../arm-none-eabi/lib/thumb/v7-m/nofp/libc_nano.a(lib_a-writer.o)
                0x0000000008007ca4                _write_r
 .text.__swsetup_r
                0x0000000008007cc8       0xdc /Applications/STM32CubeIDE.app/Contents/Eclipse/plugins/com.st.stm32cube.ide.mcu.externaltools.gnu-tools-for-stm32.10.3-2021.10.macos64_1.0.0.202111181127/tools/bin/../lib/gcc/arm-none-eabi/10.3.1/../../../../arm-none-eabi/lib/thumb/v7-m/nofp/libc_nano.a(lib_a-wsetup.o)
                0x0000000008007cc8                __swsetup_r
 .text._close_r
                0x0000000008007da4       0x20 /Applications/STM32CubeIDE.app/Contents/Eclipse/plugins/com.st.stm32cube.ide.mcu.externaltools.gnu-tools-for-stm32.10.3-2021.10.macos64_1.0.0.202111181127/tools/bin/../lib/gcc/arm-none-eabi/10.3.1/../../../../arm-none-eabi/lib/thumb/v7-m/nofp/libc_nano.a(lib_a-closer.o)
                0x0000000008007da4                _close_r
 .text.__sflush_r
                0x0000000008007dc4      0x104 /Applications/STM32CubeIDE.app/Contents/Eclipse/plugins/com.st.stm32cube.ide.mcu.externaltools.gnu-tools-for-stm32.10.3-2021.10.macos64_1.0.0.202111181127/tools/bin/../lib/gcc/arm-none-eabi/10.3.1/../../../../arm-none-eabi/lib/thumb/v7-m/nofp/libc_nano.a(lib_a-fflush.o)
                0x0000000008007dc4                __sflush_r
 .text._fflush_r
                0x0000000008007ec8       0x78 /Applications/STM32CubeIDE.app/Contents/Eclipse/plugins/com.st.stm32cube.ide.mcu.externaltools.gnu-tools-for-stm32.10.3-2021.10.macos64_1.0.0.202111181127/tools/bin/../lib/gcc/arm-none-eabi/10.3.1/../../../../arm-none-eabi/lib/thumb/v7-m/nofp/libc_nano.a(lib_a-fflush.o)
                0x0000000008007ec8                _fflush_r
 .text._lseek_r
                0x0000000008007f40       0x24 /Applications/STM32CubeIDE.app/Contents/Eclipse/plugins/com.st.stm32cube.ide.mcu.externaltools.gnu-tools-for-stm32.10.3-2021.10.macos64_1.0.0.202111181127/tools/bin/../lib/gcc/arm-none-eabi/10.3.1/../../../../arm-none-eabi/lib/thumb/v7-m/nofp/libc_nano.a(lib_a-lseekr.o)
                0x0000000008007f40                _lseek_r
 .text.__swhatbuf_r
                0x0000000008007f64       0x4a /Applications/STM32CubeIDE.app/Contents/Eclipse/plugins/com.st.stm32cube.ide.mcu.externaltools.gnu-tools-for-stm32.10.3-2021.10.macos64_1.0.0.202111181127/tools/bin/../lib/gcc/arm-none-eabi/10.3.1/../../../../arm-none-eabi/lib/thumb/v7-m/nofp/libc_nano.a(lib_a-makebuf.o)
                0x0000000008007f64                __swhatbuf_r
 *fill*         0x0000000008007fae        0x2 
 .text.__smakebuf_r
                0x0000000008007fb0       0x80 /Applications/STM32CubeIDE.app/Contents/Eclipse/plugins/com.st.stm32cube.ide.mcu.externaltools.gnu-tools-for-stm32.10.3-2021.10.macos64_1.0.0.202111181127/tools/bin/../lib/gcc/arm-none-eabi/10.3.1/../../../../arm-none-eabi/lib/thumb/v7-m/nofp/libc_nano.a(lib_a-makebuf.o)
                0x0000000008007fb0                __smakebuf_r
 .text.memchr   0x0000000008008030       0x1c /Applications/STM32CubeIDE.app/Contents/Eclipse/plugins/com.st.stm32cube.ide.mcu.externaltools.gnu-tools-for-stm32.10.3-2021.10.macos64_1.0.0.202111181127/tools/bin/../lib/gcc/arm-none-eabi/10.3.1/../../../../arm-none-eabi/lib/thumb/v7-m/nofp/libc_nano.a(lib_a-memchr-stub.o)
                0x0000000008008030                memchr
 .text.__malloc_lock
                0x000000000800804c        0xc /Applications/STM32CubeIDE.app/Contents/Eclipse/plugins/com.st.stm32cube.ide.mcu.externaltools.gnu-tools-for-stm32.10.3-2021.10.macos64_1.0.0.202111181127/tools/bin/../lib/gcc/arm-none-eabi/10.3.1/../../../../arm-none-eabi/lib/thumb/v7-m/nofp/libc_nano.a(lib_a-mlock.o)
                0x000000000800804c                __malloc_lock
 .text.__malloc_unlock
                0x0000000008008058        0xc /Applications/STM32CubeIDE.app/Contents/Eclipse/plugins/com.st.stm32cube.ide.mcu.externaltools.gnu-tools-for-stm32.10.3-2021.10.macos64_1.0.0.202111181127/tools/bin/../lib/gcc/arm-none-eabi/10.3.1/../../../../arm-none-eabi/lib/thumb/v7-m/nofp/libc_nano.a(lib_a-mlock.o)
                0x0000000008008058                __malloc_unlock
 .text._free_r  0x0000000008008064       0x90 /Applications/STM32CubeIDE.app/Contents/Eclipse/plugins/com.st.stm32cube.ide.mcu.externaltools.gnu-tools-for-stm32.10.3-2021.10.macos64_1.0.0.202111181127/tools/bin/../lib/gcc/arm-none-eabi/10.3.1/../../../../arm-none-eabi/lib/thumb/v7-m/nofp/libc_nano.a(lib_a-nano-freer.o)
                0x0000000008008064                _free_r
 .text._read_r  0x00000000080080f4       0x24 /Applications/STM32CubeIDE.app/Contents/Eclipse/plugins/com.st.stm32cube.ide.mcu.externaltools.gnu-tools-for-stm32.10.3-2021.10.macos64_1.0.0.202111181127/tools/bin/../lib/gcc/arm-none-eabi/10.3.1/../../../../arm-none-eabi/lib/thumb/v7-m/nofp/libc_nano.a(lib_a-readr.o)
                0x00000000080080f4                _read_r
 .text._fstat_r
                0x0000000008008118       0x24 /Applications/STM32CubeIDE.app/Contents/Eclipse/plugins/com.st.stm32cube.ide.mcu.externaltools.gnu-tools-for-stm32.10.3-2021.10.macos64_1.0.0.202111181127/tools/bin/../lib/gcc/arm-none-eabi/10.3.1/../../../../arm-none-eabi/lib/thumb/v7-m/nofp/libc_nano.a(lib_a-fstatr.o)
                0x0000000008008118                _fstat_r
 .text._isatty_r
                0x000000000800813c       0x20 /Applications/STM32CubeIDE.app/Contents/Eclipse/plugins/com.st.stm32cube.ide.mcu.externaltools.gnu-tools-for-stm32.10.3-2021.10.macos64_1.0.0.202111181127/tools/bin/../lib/gcc/arm-none-eabi/10.3.1/../../../../arm-none-eabi/lib/thumb/v7-m/nofp/libc_nano.a(lib_a-isattyr.o)
                0x000000000800813c                _isatty_r
 *(.glue_7)
 .glue_7        0x000000000800815c        0x0 linker stubs
 *(.glue_7t)
 .glue_7t       0x000000000800815c        0x0 linker stubs
 *(.eh_frame)
 .eh_frame      0x000000000800815c        0x0 /Applications/STM32CubeIDE.app/Contents/Eclipse/plugins/com.st.stm32cube.ide.mcu.externaltools.gnu-tools-for-stm32.10.3-2021.10.macos64_1.0.0.202111181127/tools/bin/../lib/gcc/arm-none-eabi/10.3.1/thumb/v7-m/nofp/crtbegin.o
 *(.init)
 .init          0x000000000800815c        0x4 /Applications/STM32CubeIDE.app/Contents/Eclipse/plugins/com.st.stm32cube.ide.mcu.externaltools.gnu-tools-for-stm32.10.3-2021.10.macos64_1.0.0.202111181127/tools/bin/../lib/gcc/arm-none-eabi/10.3.1/thumb/v7-m/nofp/crti.o
                0x000000000800815c                _init
 .init          0x0000000008008160        0x8 /Applications/STM32CubeIDE.app/Contents/Eclipse/plugins/com.st.stm32cube.ide.mcu.externaltools.gnu-tools-for-stm32.10.3-2021.10.macos64_1.0.0.202111181127/tools/bin/../lib/gcc/arm-none-eabi/10.3.1/thumb/v7-m/nofp/crtn.o
 *(.fini)
 .fini          0x0000000008008168        0x4 /Applications/STM32CubeIDE.app/Contents/Eclipse/plugins/com.st.stm32cube.ide.mcu.externaltools.gnu-tools-for-stm32.10.3-2021.10.macos64_1.0.0.202111181127/tools/bin/../lib/gcc/arm-none-eabi/10.3.1/thumb/v7-m/nofp/crti.o
                0x0000000008008168                _fini
 .fini          0x000000000800816c        0x8 /Applications/STM32CubeIDE.app/Contents/Eclipse/plugins/com.st.stm32cube.ide.mcu.externaltools.gnu-tools-for-stm32.10.3-2021.10.macos64_1.0.0.202111181127/tools/bin/../lib/gcc/arm-none-eabi/10.3.1/thumb/v7-m/nofp/crtn.o
                0x0000000008008174                . = ALIGN (0x4)
                0x0000000008008174                _etext = .

.vfp11_veneer   0x0000000008008174        0x0
 .vfp11_veneer  0x0000000008008174        0x0 linker stubs

.v4_bx          0x0000000008008174        0x0
 .v4_bx         0x0000000008008174        0x0 linker stubs

.iplt           0x0000000008008174        0x0
 .iplt          0x0000000008008174        0x0 /Applications/STM32CubeIDE.app/Contents/Eclipse/plugins/com.st.stm32cube.ide.mcu.externaltools.gnu-tools-for-stm32.10.3-2021.10.macos64_1.0.0.202111181127/tools/bin/../lib/gcc/arm-none-eabi/10.3.1/thumb/v7-m/nofp/crtbegin.o

.rodata         0x0000000008008174      0x8f8
                0x0000000008008174                . = ALIGN (0x4)
 *(.rodata)
 .rodata        0x0000000008008174       0x9a ./Core/Src/main.o
 *fill*         0x000000000800820e        0x2 
 .rodata        0x0000000008008210      0x183 ./Core/Src/pn532.o
 *fill*         0x0000000008008393        0x1 
 .rodata        0x0000000008008394        0x5 ./Core/Src/pn532_stm32f1.o
 *(.rodata*)
 *fill*         0x0000000008008399        0x3 
 .rodata.ucAscii_1608
                0x000000000800839c      0x5f0 ./Core/Src/lcd.o
                0x000000000800839c                ucAscii_1608
 .rodata.PN532_ACK
                0x000000000800898c        0x6 ./Core/Src/pn532.o
                0x000000000800898c                PN532_ACK
 *fill*         0x0000000008008992        0x2 
 .rodata.AHBPrescTable
                0x0000000008008994       0x10 ./Core/Src/system_stm32f1xx.o
                0x0000000008008994                AHBPrescTable
 .rodata.APBPrescTable
                0x00000000080089a4        0x8 ./Core/Src/system_stm32f1xx.o
                0x00000000080089a4                APBPrescTable
 .rodata.aPLLMULFactorTable.1
                0x00000000080089ac       0x10 ./Drivers/STM32F1xx_HAL_Driver/Src/stm32f1xx_hal_rcc.o
 .rodata.aPredivFactorTable.0
                0x00000000080089bc        0x2 ./Drivers/STM32F1xx_HAL_Driver/Src/stm32f1xx_hal_rcc.o
 *fill*         0x00000000080089be        0x2 
 .rodata.aPLLMULFactorTable.1
                0x00000000080089c0       0x10 ./Drivers/STM32F1xx_HAL_Driver/Src/stm32f1xx_hal_rcc_ex.o
 .rodata.aPredivFactorTable.0
                0x00000000080089d0        0x2 ./Drivers/STM32F1xx_HAL_Driver/Src/stm32f1xx_hal_rcc_ex.o
 *fill*         0x00000000080089d2        0x2 
 .rodata._global_impure_ptr
                0x00000000080089d4        0x4 /Applications/STM32CubeIDE.app/Contents/Eclipse/plugins/com.st.stm32cube.ide.mcu.externaltools.gnu-tools-for-stm32.10.3-2021.10.macos64_1.0.0.202111181127/tools/bin/../lib/gcc/arm-none-eabi/10.3.1/../../../../arm-none-eabi/lib/thumb/v7-m/nofp/libc_nano.a(lib_a-impure.o)
                0x00000000080089d4                _global_impure_ptr
 .rodata.__sf_fake_stderr
                0x00000000080089d8       0x20 /Applications/STM32CubeIDE.app/Contents/Eclipse/plugins/com.st.stm32cube.ide.mcu.externaltools.gnu-tools-for-stm32.10.3-2021.10.macos64_1.0.0.202111181127/tools/bin/../lib/gcc/arm-none-eabi/10.3.1/../../../../arm-none-eabi/lib/thumb/v7-m/nofp/libc_nano.a(lib_a-findfp.o)
                0x00000000080089d8                __sf_fake_stderr
 .rodata.__sf_fake_stdin
                0x00000000080089f8       0x20 /Applications/STM32CubeIDE.app/Contents/Eclipse/plugins/com.st.stm32cube.ide.mcu.externaltools.gnu-tools-for-stm32.10.3-2021.10.macos64_1.0.0.202111181127/tools/bin/../lib/gcc/arm-none-eabi/10.3.1/../../../../arm-none-eabi/lib/thumb/v7-m/nofp/libc_nano.a(lib_a-findfp.o)
                0x00000000080089f8                __sf_fake_stdin
 .rodata.__sf_fake_stdout
                0x0000000008008a18       0x20 /Applications/STM32CubeIDE.app/Contents/Eclipse/plugins/com.st.stm32cube.ide.mcu.externaltools.gnu-tools-for-stm32.10.3-2021.10.macos64_1.0.0.202111181127/tools/bin/../lib/gcc/arm-none-eabi/10.3.1/../../../../arm-none-eabi/lib/thumb/v7-m/nofp/libc_nano.a(lib_a-findfp.o)
                0x0000000008008a18                __sf_fake_stdout
 .rodata._vfprintf_r.str1.1
                0x0000000008008a38       0x11 /Applications/STM32CubeIDE.app/Contents/Eclipse/plugins/com.st.stm32cube.ide.mcu.externaltools.gnu-tools-for-stm32.10.3-2021.10.macos64_1.0.0.202111181127/tools/bin/../lib/gcc/arm-none-eabi/10.3.1/../../../../arm-none-eabi/lib/thumb/v7-m/nofp/libc_nano.a(lib_a-nano-vfprintf.o)
 .rodata._printf_i.str1.1
                0x0000000008008a49       0x22 /Applications/STM32CubeIDE.app/Contents/Eclipse/plugins/com.st.stm32cube.ide.mcu.externaltools.gnu-tools-for-stm32.10.3-2021.10.macos64_1.0.0.202111181127/tools/bin/../lib/gcc/arm-none-eabi/10.3.1/../../../../arm-none-eabi/lib/thumb/v7-m/nofp/libc_nano.a(lib_a-nano-vfprintf_i.o)
                0x0000000008008a6c                . = ALIGN (0x4)
 *fill*         0x0000000008008a6b        0x1 

.rel.dyn        0x0000000008008a6c        0x0
 .rel.iplt      0x0000000008008a6c        0x0 /Applications/STM32CubeIDE.app/Contents/Eclipse/plugins/com.st.stm32cube.ide.mcu.externaltools.gnu-tools-for-stm32.10.3-2021.10.macos64_1.0.0.202111181127/tools/bin/../lib/gcc/arm-none-eabi/10.3.1/thumb/v7-m/nofp/crtbegin.o

.ARM.extab      0x0000000008008a6c        0x0
                0x0000000008008a6c                . = ALIGN (0x4)
 *(.ARM.extab* .gnu.linkonce.armextab.*)
                0x0000000008008a6c                . = ALIGN (0x4)

.ARM            0x0000000008008a6c        0x0
                0x0000000008008a6c                . = ALIGN (0x4)
                0x0000000008008a6c                __exidx_start = .
 *(.ARM.exidx*)
                0x0000000008008a6c                __exidx_end = .
                0x0000000008008a6c                . = ALIGN (0x4)

.preinit_array  0x0000000008008a6c        0x0
                0x0000000008008a6c                . = ALIGN (0x4)
                0x0000000008008a6c                PROVIDE (__preinit_array_start = .)
 *(.preinit_array*)
                0x0000000008008a6c                PROVIDE (__preinit_array_end = .)
                0x0000000008008a6c                . = ALIGN (0x4)

.init_array     0x0000000008008a6c        0x4
                0x0000000008008a6c                . = ALIGN (0x4)
                0x0000000008008a6c                PROVIDE (__init_array_start = .)
 *(SORT_BY_NAME(.init_array.*))
 *(.init_array*)
 .init_array    0x0000000008008a6c        0x4 /Applications/STM32CubeIDE.app/Contents/Eclipse/plugins/com.st.stm32cube.ide.mcu.externaltools.gnu-tools-for-stm32.10.3-2021.10.macos64_1.0.0.202111181127/tools/bin/../lib/gcc/arm-none-eabi/10.3.1/thumb/v7-m/nofp/crtbegin.o
                0x0000000008008a70                PROVIDE (__init_array_end = .)
                0x0000000008008a70                . = ALIGN (0x4)

.fini_array     0x0000000008008a70        0x4
                0x0000000008008a70                . = ALIGN (0x4)
                [!provide]                        PROVIDE (__fini_array_start = .)
 *(SORT_BY_NAME(.fini_array.*))
 *(.fini_array*)
 .fini_array    0x0000000008008a70        0x4 /Applications/STM32CubeIDE.app/Contents/Eclipse/plugins/com.st.stm32cube.ide.mcu.externaltools.gnu-tools-for-stm32.10.3-2021.10.macos64_1.0.0.202111181127/tools/bin/../lib/gcc/arm-none-eabi/10.3.1/thumb/v7-m/nofp/crtbegin.o
                [!provide]                        PROVIDE (__fini_array_end = .)
                0x0000000008008a74                . = ALIGN (0x4)
                0x0000000008008a74                _sidata = LOADADDR (.data)

.data           0x0000000020000000      0x138 load address 0x0000000008008a74
                0x0000000020000000                . = ALIGN (0x4)
                0x0000000020000000                _sdata = .
 *(.data)
 *(.data*)
 .data.strXPT2046_TouchPara
                0x0000000020000000       0xc0 ./Core/Src/bsp_xpt2046_lcd.o
                0x0000000020000000                strXPT2046_TouchPara
 .data.cinfo.0  0x00000000200000c0        0x8 ./Core/Src/bsp_xpt2046_lcd.o
 .data.SystemCoreClock
                0x00000000200000c8        0x4 ./Core/Src/system_stm32f1xx.o
                0x00000000200000c8                SystemCoreClock
 .data.uwTickPrio
                0x00000000200000cc        0x4 ./Drivers/STM32F1xx_HAL_Driver/Src/stm32f1xx_hal.o
                0x00000000200000cc                uwTickPrio
 .data.uwTickFreq
                0x00000000200000d0        0x1 ./Drivers/STM32F1xx_HAL_Driver/Src/stm32f1xx_hal.o
                0x00000000200000d0                uwTickFreq
 *fill*         0x00000000200000d1        0x3 
 .data._impure_ptr
                0x00000000200000d4        0x4 /Applications/STM32CubeIDE.app/Contents/Eclipse/plugins/com.st.stm32cube.ide.mcu.externaltools.gnu-tools-for-stm32.10.3-2021.10.macos64_1.0.0.202111181127/tools/bin/../lib/gcc/arm-none-eabi/10.3.1/../../../../arm-none-eabi/lib/thumb/v7-m/nofp/libc_nano.a(lib_a-impure.o)
                0x00000000200000d4                _impure_ptr
 .data.impure_data
                0x00000000200000d8       0x60 /Applications/STM32CubeIDE.app/Contents/Eclipse/plugins/com.st.stm32cube.ide.mcu.externaltools.gnu-tools-for-stm32.10.3-2021.10.macos64_1.0.0.202111181127/tools/bin/../lib/gcc/arm-none-eabi/10.3.1/../../../../arm-none-eabi/lib/thumb/v7-m/nofp/libc_nano.a(lib_a-impure.o)
 *(.RamFunc)
 *(.RamFunc*)
                0x0000000020000138                . = ALIGN (0x4)
                0x0000000020000138                _edata = .

.igot.plt       0x0000000020000138        0x0 load address 0x0000000008008bac
 .igot.plt      0x0000000020000138        0x0 /Applications/STM32CubeIDE.app/Contents/Eclipse/plugins/com.st.stm32cube.ide.mcu.externaltools.gnu-tools-for-stm32.10.3-2021.10.macos64_1.0.0.202111181127/tools/bin/../lib/gcc/arm-none-eabi/10.3.1/thumb/v7-m/nofp/crtbegin.o
                0x0000000020000138                . = ALIGN (0x4)

.bss            0x0000000020000138      0x340 load address 0x0000000008008bac
                0x0000000020000138                _sbss = .
                0x0000000020000138                __bss_start__ = _sbss
 *(.bss)
 .bss           0x0000000020000138       0x1c /Applications/STM32CubeIDE.app/Contents/Eclipse/plugins/com.st.stm32cube.ide.mcu.externaltools.gnu-tools-for-stm32.10.3-2021.10.macos64_1.0.0.202111181127/tools/bin/../lib/gcc/arm-none-eabi/10.3.1/thumb/v7-m/nofp/crtbegin.o
 *(.bss*)
 .bss.ucXPT2046_TouchFlag
                0x0000000020000154        0x1 ./Core/Src/bsp_xpt2046_lcd.o
                0x0000000020000154                ucXPT2046_TouchFlag
 .bss.touch_state.2
                0x0000000020000155        0x1 ./Core/Src/bsp_xpt2046_lcd.o
 *fill*         0x0000000020000156        0x2 
 .bss.i.1       0x0000000020000158        0x4 ./Core/Src/bsp_xpt2046_lcd.o
 .bss.hadc1     0x000000002000015c       0x30 ./Core/Src/main.o
                0x000000002000015c                hadc1
 .bss.hi2c1     0x000000002000018c       0x54 ./Core/Src/main.o
                0x000000002000018c                hi2c1
 .bss.hspi1     0x00000000200001e0       0x58 ./Core/Src/main.o
                0x00000000200001e0                hspi1
 .bss.htim1     0x0000000020000238       0x48 ./Core/Src/main.o
                0x0000000020000238                htim1
 .bss.htim2     0x0000000020000280       0x48 ./Core/Src/main.o
                0x0000000020000280                htim2
 .bss.htim5     0x00000000200002c8       0x48 ./Core/Src/main.o
                0x00000000200002c8                htim5
 .bss.hsram1    0x0000000020000310       0x48 ./Core/Src/main.o
                0x0000000020000310                hsram1
 .bss.receive_Code
                0x0000000020000358        0x4 ./Core/Src/main.o
                0x0000000020000358                receive_Code
 .bss.receive   0x000000002000035c       0x21 ./Core/Src/main.o
                0x000000002000035c                receive
 .bss.receive_Flag
                0x000000002000037d        0x1 ./Core/Src/main.o
                0x000000002000037d                receive_Flag
 *fill*         0x000000002000037e        0x2 
 .bss.pwm_low_level_time
                0x0000000020000380        0x4 ./Core/Src/main.o
                0x0000000020000380                pwm_low_level_time
 .bss.pwm_high_level_time
                0x0000000020000384        0x4 ./Core/Src/main.o
                0x0000000020000384                pwm_high_level_time
 .bss.button1   0x0000000020000388        0x1 ./Core/Src/main.o
                0x0000000020000388                button1
 .bss.button2   0x0000000020000389        0x1 ./Core/Src/main.o
                0x0000000020000389                button2
 .bss.light_dark_mode
                0x000000002000038a        0x1 ./Core/Src/main.o
                0x000000002000038a                light_dark_mode
 *fill*         0x000000002000038b        0x1 
 .bss.tim_mode_raise_or_falling
                0x000000002000038c        0x4 ./Core/Src/main.o
                0x000000002000038c                tim_mode_raise_or_falling
 .bss.Index     0x0000000020000390        0x4 ./Core/Src/main.o
                0x0000000020000390                Index
 .bss.ok        0x0000000020000394        0x4 ./Core/Src/main.o
                0x0000000020000394                ok
 .bss.ok2       0x0000000020000398        0x4 ./Core/Src/main.o
                0x0000000020000398                ok2
 .bss.datawp    0x000000002000039c       0x8c ./Core/Src/main.o
                0x000000002000039c                datawp
 .bss.x         0x0000000020000428        0x4 ./Core/Src/main.o
                0x0000000020000428                x
 .bss.y         0x000000002000042c        0x4 ./Core/Src/main.o
                0x000000002000042c                y
 .bss.uid       0x0000000020000430        0xa ./Core/Src/main.o
                0x0000000020000430                uid
 *fill*         0x000000002000043a        0x2 
 .bss.uid_len   0x000000002000043c        0x4 ./Core/Src/main.o
                0x000000002000043c                uid_len
 .bss.pn532     0x0000000020000440       0x18 ./Core/Src/main.o
                0x0000000020000440                pn532
 .bss.open      0x0000000020000458        0x1 ./Core/Src/main.o
                0x0000000020000458                open
 .bss.user      0x0000000020000459        0x1 ./Core/Src/main.o
                0x0000000020000459                user
 .bss.user_change
                0x000000002000045a        0x1 ./Core/Src/main.o
                0x000000002000045a                user_change
 *fill*         0x000000002000045b        0x1 
 .bss.FSMC_Initialized
                0x000000002000045c        0x4 ./Core/Src/stm32f1xx_hal_msp.o
 .bss.__sbrk_heap_end
                0x0000000020000460        0x4 ./Core/Src/sysmem.o
 .bss.uwTick    0x0000000020000464        0x4 ./Drivers/STM32F1xx_HAL_Driver/Src/stm32f1xx_hal.o
                0x0000000020000464                uwTick
 .bss.__lock___malloc_recursive_mutex
                0x0000000020000468        0x1 /Applications/STM32CubeIDE.app/Contents/Eclipse/plugins/com.st.stm32cube.ide.mcu.externaltools.gnu-tools-for-stm32.10.3-2021.10.macos64_1.0.0.202111181127/tools/bin/../lib/gcc/arm-none-eabi/10.3.1/../../../../arm-none-eabi/lib/thumb/v7-m/nofp/libc_nano.a(lib_a-lock.o)
                0x0000000020000468                __lock___malloc_recursive_mutex
 .bss.__lock___sfp_recursive_mutex
                0x0000000020000469        0x1 /Applications/STM32CubeIDE.app/Contents/Eclipse/plugins/com.st.stm32cube.ide.mcu.externaltools.gnu-tools-for-stm32.10.3-2021.10.macos64_1.0.0.202111181127/tools/bin/../lib/gcc/arm-none-eabi/10.3.1/../../../../arm-none-eabi/lib/thumb/v7-m/nofp/libc_nano.a(lib_a-lock.o)
                0x0000000020000469                __lock___sfp_recursive_mutex
 .bss.__lock___sinit_recursive_mutex
                0x000000002000046a        0x1 /Applications/STM32CubeIDE.app/Contents/Eclipse/plugins/com.st.stm32cube.ide.mcu.externaltools.gnu-tools-for-stm32.10.3-2021.10.macos64_1.0.0.202111181127/tools/bin/../lib/gcc/arm-none-eabi/10.3.1/../../../../arm-none-eabi/lib/thumb/v7-m/nofp/libc_nano.a(lib_a-lock.o)
                0x000000002000046a                __lock___sinit_recursive_mutex
 *fill*         0x000000002000046b        0x1 
 .bss.__malloc_free_list
                0x000000002000046c        0x4 /Applications/STM32CubeIDE.app/Contents/Eclipse/plugins/com.st.stm32cube.ide.mcu.externaltools.gnu-tools-for-stm32.10.3-2021.10.macos64_1.0.0.202111181127/tools/bin/../lib/gcc/arm-none-eabi/10.3.1/../../../../arm-none-eabi/lib/thumb/v7-m/nofp/libc_nano.a(lib_a-nano-mallocr.o)
                0x000000002000046c                __malloc_free_list
 .bss.__malloc_sbrk_start
                0x0000000020000470        0x4 /Applications/STM32CubeIDE.app/Contents/Eclipse/plugins/com.st.stm32cube.ide.mcu.externaltools.gnu-tools-for-stm32.10.3-2021.10.macos64_1.0.0.202111181127/tools/bin/../lib/gcc/arm-none-eabi/10.3.1/../../../../arm-none-eabi/lib/thumb/v7-m/nofp/libc_nano.a(lib_a-nano-mallocr.o)
                0x0000000020000470                __malloc_sbrk_start
 .bss.errno     0x0000000020000474        0x4 /Applications/STM32CubeIDE.app/Contents/Eclipse/plugins/com.st.stm32cube.ide.mcu.externaltools.gnu-tools-for-stm32.10.3-2021.10.macos64_1.0.0.202111181127/tools/bin/../lib/gcc/arm-none-eabi/10.3.1/../../../../arm-none-eabi/lib/thumb/v7-m/nofp/libc_nano.a(lib_a-reent.o)
                0x0000000020000474                errno
 *(COMMON)
                0x0000000020000478                . = ALIGN (0x4)
                0x0000000020000478                _ebss = .
                0x0000000020000478                __bss_end__ = _ebss

._user_heap_stack
                0x0000000020000478      0x600 load address 0x0000000008008bac
                0x0000000020000478                . = ALIGN (0x8)
                [!provide]                        PROVIDE (end = .)
                0x0000000020000478                PROVIDE (_end = .)
                0x0000000020000678                . = (. + _Min_Heap_Size)
 *fill*         0x0000000020000478      0x200 
                0x0000000020000a78                . = (. + _Min_Stack_Size)
 *fill*         0x0000000020000678      0x400 
                0x0000000020000a78                . = ALIGN (0x8)

/DISCARD/
 libc.a(*)
 libm.a(*)
 libgcc.a(*)

.ARM.attributes
                0x0000000000000000       0x29
 *(.ARM.attributes)
 .ARM.attributes
                0x0000000000000000       0x1d /Applications/STM32CubeIDE.app/Contents/Eclipse/plugins/com.st.stm32cube.ide.mcu.externaltools.gnu-tools-for-stm32.10.3-2021.10.macos64_1.0.0.202111181127/tools/bin/../lib/gcc/arm-none-eabi/10.3.1/thumb/v7-m/nofp/crti.o
 .ARM.attributes
                0x000000000000001d       0x2d /Applications/STM32CubeIDE.app/Contents/Eclipse/plugins/com.st.stm32cube.ide.mcu.externaltools.gnu-tools-for-stm32.10.3-2021.10.macos64_1.0.0.202111181127/tools/bin/../lib/gcc/arm-none-eabi/10.3.1/thumb/v7-m/nofp/crtbegin.o
 .ARM.attributes
                0x000000000000004a       0x2d ./Core/Src/bsp_xpt2046_lcd.o
 .ARM.attributes
                0x0000000000000077       0x2d ./Core/Src/lcd.o
 .ARM.attributes
                0x00000000000000a4       0x2d ./Core/Src/main.o
 .ARM.attributes
                0x00000000000000d1       0x2d ./Core/Src/pn532.o
 .ARM.attributes
                0x00000000000000fe       0x2d ./Core/Src/pn532_stm32f1.o
 .ARM.attributes
                0x000000000000012b       0x2d ./Core/Src/stm32f1xx_hal_msp.o
 .ARM.attributes
                0x0000000000000158       0x2d ./Core/Src/stm32f1xx_it.o
 .ARM.attributes
                0x0000000000000185       0x2d ./Core/Src/syscalls.o
 .ARM.attributes
                0x00000000000001b2       0x2d ./Core/Src/sysmem.o
 .ARM.attributes
                0x00000000000001df       0x2d ./Core/Src/system_stm32f1xx.o
 .ARM.attributes
                0x000000000000020c       0x21 ./Core/Startup/startup_stm32f103vetx.o
 .ARM.attributes
                0x000000000000022d       0x2d ./Drivers/STM32F1xx_HAL_Driver/Src/stm32f1xx_hal.o
 .ARM.attributes
                0x000000000000025a       0x2d ./Drivers/STM32F1xx_HAL_Driver/Src/stm32f1xx_hal_adc.o
 .ARM.attributes
                0x0000000000000287       0x2d ./Drivers/STM32F1xx_HAL_Driver/Src/stm32f1xx_hal_cortex.o
 .ARM.attributes
                0x00000000000002b4       0x2d ./Drivers/STM32F1xx_HAL_Driver/Src/stm32f1xx_hal_dma.o
 .ARM.attributes
                0x00000000000002e1       0x2d ./Drivers/STM32F1xx_HAL_Driver/Src/stm32f1xx_hal_gpio.o
 .ARM.attributes
                0x000000000000030e       0x2d ./Drivers/STM32F1xx_HAL_Driver/Src/stm32f1xx_hal_i2c.o
 .ARM.attributes
                0x000000000000033b       0x2d ./Drivers/STM32F1xx_HAL_Driver/Src/stm32f1xx_hal_rcc.o
 .ARM.attributes
                0x0000000000000368       0x2d ./Drivers/STM32F1xx_HAL_Driver/Src/stm32f1xx_hal_rcc_ex.o
 .ARM.attributes
                0x0000000000000395       0x2d ./Drivers/STM32F1xx_HAL_Driver/Src/stm32f1xx_hal_spi.o
 .ARM.attributes
                0x00000000000003c2       0x2d ./Drivers/STM32F1xx_HAL_Driver/Src/stm32f1xx_hal_sram.o
 .ARM.attributes
                0x00000000000003ef       0x2d ./Drivers/STM32F1xx_HAL_Driver/Src/stm32f1xx_hal_tim.o
 .ARM.attributes
                0x000000000000041c       0x2d ./Drivers/STM32F1xx_HAL_Driver/Src/stm32f1xx_hal_tim_ex.o
 .ARM.attributes
                0x0000000000000449       0x2d ./Drivers/STM32F1xx_HAL_Driver/Src/stm32f1xx_ll_fsmc.o
 .ARM.attributes
                0x0000000000000476       0x2d /Applications/STM32CubeIDE.app/Contents/Eclipse/plugins/com.st.stm32cube.ide.mcu.externaltools.gnu-tools-for-stm32.10.3-2021.10.macos64_1.0.0.202111181127/tools/bin/../lib/gcc/arm-none-eabi/10.3.1/../../../../arm-none-eabi/lib/thumb/v7-m/nofp/libc_nano.a(lib_a-errno.o)
 .ARM.attributes
                0x00000000000004a3       0x2d /Applications/STM32CubeIDE.app/Contents/Eclipse/plugins/com.st.stm32cube.ide.mcu.externaltools.gnu-tools-for-stm32.10.3-2021.10.macos64_1.0.0.202111181127/tools/bin/../lib/gcc/arm-none-eabi/10.3.1/../../../../arm-none-eabi/lib/thumb/v7-m/nofp/libc_nano.a(lib_a-impure.o)
 .ARM.attributes
                0x00000000000004d0       0x2d /Applications/STM32CubeIDE.app/Contents/Eclipse/plugins/com.st.stm32cube.ide.mcu.externaltools.gnu-tools-for-stm32.10.3-2021.10.macos64_1.0.0.202111181127/tools/bin/../lib/gcc/arm-none-eabi/10.3.1/../../../../arm-none-eabi/lib/thumb/v7-m/nofp/libc_nano.a(lib_a-init.o)
 .ARM.attributes
                0x00000000000004fd       0x2d /Applications/STM32CubeIDE.app/Contents/Eclipse/plugins/com.st.stm32cube.ide.mcu.externaltools.gnu-tools-for-stm32.10.3-2021.10.macos64_1.0.0.202111181127/tools/bin/../lib/gcc/arm-none-eabi/10.3.1/../../../../arm-none-eabi/lib/thumb/v7-m/nofp/libc_nano.a(lib_a-memset.o)
 .ARM.attributes
                0x000000000000052a       0x2d /Applications/STM32CubeIDE.app/Contents/Eclipse/plugins/com.st.stm32cube.ide.mcu.externaltools.gnu-tools-for-stm32.10.3-2021.10.macos64_1.0.0.202111181127/tools/bin/../lib/gcc/arm-none-eabi/10.3.1/../../../../arm-none-eabi/lib/thumb/v7-m/nofp/libc_nano.a(lib_a-printf.o)
 .ARM.attributes
                0x0000000000000557       0x2d /Applications/STM32CubeIDE.app/Contents/Eclipse/plugins/com.st.stm32cube.ide.mcu.externaltools.gnu-tools-for-stm32.10.3-2021.10.macos64_1.0.0.202111181127/tools/bin/../lib/gcc/arm-none-eabi/10.3.1/../../../../arm-none-eabi/lib/thumb/v7-m/nofp/libc_nano.a(lib_a-findfp.o)
 .ARM.attributes
                0x0000000000000584       0x2d /Applications/STM32CubeIDE.app/Contents/Eclipse/plugins/com.st.stm32cube.ide.mcu.externaltools.gnu-tools-for-stm32.10.3-2021.10.macos64_1.0.0.202111181127/tools/bin/../lib/gcc/arm-none-eabi/10.3.1/../../../../arm-none-eabi/lib/thumb/v7-m/nofp/libc_nano.a(lib_a-fwalk.o)
 .ARM.attributes
                0x00000000000005b1       0x2d /Applications/STM32CubeIDE.app/Contents/Eclipse/plugins/com.st.stm32cube.ide.mcu.externaltools.gnu-tools-for-stm32.10.3-2021.10.macos64_1.0.0.202111181127/tools/bin/../lib/gcc/arm-none-eabi/10.3.1/../../../../arm-none-eabi/lib/thumb/v7-m/nofp/libc_nano.a(lib_a-lock.o)
 .ARM.attributes
                0x00000000000005de       0x2d /Applications/STM32CubeIDE.app/Contents/Eclipse/plugins/com.st.stm32cube.ide.mcu.externaltools.gnu-tools-for-stm32.10.3-2021.10.macos64_1.0.0.202111181127/tools/bin/../lib/gcc/arm-none-eabi/10.3.1/../../../../arm-none-eabi/lib/thumb/v7-m/nofp/libc_nano.a(lib_a-nano-mallocr.o)
 .ARM.attributes
                0x000000000000060b       0x2d /Applications/STM32CubeIDE.app/Contents/Eclipse/plugins/com.st.stm32cube.ide.mcu.externaltools.gnu-tools-for-stm32.10.3-2021.10.macos64_1.0.0.202111181127/tools/bin/../lib/gcc/arm-none-eabi/10.3.1/../../../../arm-none-eabi/lib/thumb/v7-m/nofp/libc_nano.a(lib_a-nano-vfprintf.o)
 .ARM.attributes
                0x0000000000000638       0x2d /Applications/STM32CubeIDE.app/Contents/Eclipse/plugins/com.st.stm32cube.ide.mcu.externaltools.gnu-tools-for-stm32.10.3-2021.10.macos64_1.0.0.202111181127/tools/bin/../lib/gcc/arm-none-eabi/10.3.1/../../../../arm-none-eabi/lib/thumb/v7-m/nofp/libc_nano.a(lib_a-nano-vfprintf_i.o)
 .ARM.attributes
                0x0000000000000665       0x2d /Applications/STM32CubeIDE.app/Contents/Eclipse/plugins/com.st.stm32cube.ide.mcu.externaltools.gnu-tools-for-stm32.10.3-2021.10.macos64_1.0.0.202111181127/tools/bin/../lib/gcc/arm-none-eabi/10.3.1/../../../../arm-none-eabi/lib/thumb/v7-m/nofp/libc_nano.a(lib_a-sbrkr.o)
 .ARM.attributes
                0x0000000000000692       0x2d /Applications/STM32CubeIDE.app/Contents/Eclipse/plugins/com.st.stm32cube.ide.mcu.externaltools.gnu-tools-for-stm32.10.3-2021.10.macos64_1.0.0.202111181127/tools/bin/../lib/gcc/arm-none-eabi/10.3.1/../../../../arm-none-eabi/lib/thumb/v7-m/nofp/libc_nano.a(lib_a-stdio.o)
 .ARM.attributes
                0x00000000000006bf       0x2d /Applications/STM32CubeIDE.app/Contents/Eclipse/plugins/com.st.stm32cube.ide.mcu.externaltools.gnu-tools-for-stm32.10.3-2021.10.macos64_1.0.0.202111181127/tools/bin/../lib/gcc/arm-none-eabi/10.3.1/../../../../arm-none-eabi/lib/thumb/v7-m/nofp/libc_nano.a(lib_a-wbuf.o)
 .ARM.attributes
                0x00000000000006ec       0x2d /Applications/STM32CubeIDE.app/Contents/Eclipse/plugins/com.st.stm32cube.ide.mcu.externaltools.gnu-tools-for-stm32.10.3-2021.10.macos64_1.0.0.202111181127/tools/bin/../lib/gcc/arm-none-eabi/10.3.1/../../../../arm-none-eabi/lib/thumb/v7-m/nofp/libc_nano.a(lib_a-writer.o)
 .ARM.attributes
                0x0000000000000719       0x2d /Applications/STM32CubeIDE.app/Contents/Eclipse/plugins/com.st.stm32cube.ide.mcu.externaltools.gnu-tools-for-stm32.10.3-2021.10.macos64_1.0.0.202111181127/tools/bin/../lib/gcc/arm-none-eabi/10.3.1/../../../../arm-none-eabi/lib/thumb/v7-m/nofp/libc_nano.a(lib_a-wsetup.o)
 .ARM.attributes
                0x0000000000000746       0x2d /Applications/STM32CubeIDE.app/Contents/Eclipse/plugins/com.st.stm32cube.ide.mcu.externaltools.gnu-tools-for-stm32.10.3-2021.10.macos64_1.0.0.202111181127/tools/bin/../lib/gcc/arm-none-eabi/10.3.1/../../../../arm-none-eabi/lib/thumb/v7-m/nofp/libc_nano.a(lib_a-closer.o)
 .ARM.attributes
                0x0000000000000773       0x2d /Applications/STM32CubeIDE.app/Contents/Eclipse/plugins/com.st.stm32cube.ide.mcu.externaltools.gnu-tools-for-stm32.10.3-2021.10.macos64_1.0.0.202111181127/tools/bin/../lib/gcc/arm-none-eabi/10.3.1/../../../../arm-none-eabi/lib/thumb/v7-m/nofp/libc_nano.a(lib_a-fflush.o)
 .ARM.attributes
                0x00000000000007a0       0x2d /Applications/STM32CubeIDE.app/Contents/Eclipse/plugins/com.st.stm32cube.ide.mcu.externaltools.gnu-tools-for-stm32.10.3-2021.10.macos64_1.0.0.202111181127/tools/bin/../lib/gcc/arm-none-eabi/10.3.1/../../../../arm-none-eabi/lib/thumb/v7-m/nofp/libc_nano.a(lib_a-lseekr.o)
 .ARM.attributes
                0x00000000000007cd       0x2d /Applications/STM32CubeIDE.app/Contents/Eclipse/plugins/com.st.stm32cube.ide.mcu.externaltools.gnu-tools-for-stm32.10.3-2021.10.macos64_1.0.0.202111181127/tools/bin/../lib/gcc/arm-none-eabi/10.3.1/../../../../arm-none-eabi/lib/thumb/v7-m/nofp/libc_nano.a(lib_a-makebuf.o)
 .ARM.attributes
                0x00000000000007fa       0x2d /Applications/STM32CubeIDE.app/Contents/Eclipse/plugins/com.st.stm32cube.ide.mcu.externaltools.gnu-tools-for-stm32.10.3-2021.10.macos64_1.0.0.202111181127/tools/bin/../lib/gcc/arm-none-eabi/10.3.1/../../../../arm-none-eabi/lib/thumb/v7-m/nofp/libc_nano.a(lib_a-memchr-stub.o)
 .ARM.attributes
                0x0000000000000827       0x2d /Applications/STM32CubeIDE.app/Contents/Eclipse/plugins/com.st.stm32cube.ide.mcu.externaltools.gnu-tools-for-stm32.10.3-2021.10.macos64_1.0.0.202111181127/tools/bin/../lib/gcc/arm-none-eabi/10.3.1/../../../../arm-none-eabi/lib/thumb/v7-m/nofp/libc_nano.a(lib_a-mlock.o)
 .ARM.attributes
                0x0000000000000854       0x2d /Applications/STM32CubeIDE.app/Contents/Eclipse/plugins/com.st.stm32cube.ide.mcu.externaltools.gnu-tools-for-stm32.10.3-2021.10.macos64_1.0.0.202111181127/tools/bin/../lib/gcc/arm-none-eabi/10.3.1/../../../../arm-none-eabi/lib/thumb/v7-m/nofp/libc_nano.a(lib_a-nano-freer.o)
 .ARM.attributes
                0x0000000000000881       0x2d /Applications/STM32CubeIDE.app/Contents/Eclipse/plugins/com.st.stm32cube.ide.mcu.externaltools.gnu-tools-for-stm32.10.3-2021.10.macos64_1.0.0.202111181127/tools/bin/../lib/gcc/arm-none-eabi/10.3.1/../../../../arm-none-eabi/lib/thumb/v7-m/nofp/libc_nano.a(lib_a-readr.o)
 .ARM.attributes
                0x00000000000008ae       0x2d /Applications/STM32CubeIDE.app/Contents/Eclipse/plugins/com.st.stm32cube.ide.mcu.externaltools.gnu-tools-for-stm32.10.3-2021.10.macos64_1.0.0.202111181127/tools/bin/../lib/gcc/arm-none-eabi/10.3.1/../../../../arm-none-eabi/lib/thumb/v7-m/nofp/libc_nano.a(lib_a-reent.o)
 .ARM.attributes
                0x00000000000008db       0x2d /Applications/STM32CubeIDE.app/Contents/Eclipse/plugins/com.st.stm32cube.ide.mcu.externaltools.gnu-tools-for-stm32.10.3-2021.10.macos64_1.0.0.202111181127/tools/bin/../lib/gcc/arm-none-eabi/10.3.1/../../../../arm-none-eabi/lib/thumb/v7-m/nofp/libc_nano.a(lib_a-fstatr.o)
 .ARM.attributes
                0x0000000000000908       0x2d /Applications/STM32CubeIDE.app/Contents/Eclipse/plugins/com.st.stm32cube.ide.mcu.externaltools.gnu-tools-for-stm32.10.3-2021.10.macos64_1.0.0.202111181127/tools/bin/../lib/gcc/arm-none-eabi/10.3.1/../../../../arm-none-eabi/lib/thumb/v7-m/nofp/libc_nano.a(lib_a-isattyr.o)
 .ARM.attributes
                0x0000000000000935       0x1d /Applications/STM32CubeIDE.app/Contents/Eclipse/plugins/com.st.stm32cube.ide.mcu.externaltools.gnu-tools-for-stm32.10.3-2021.10.macos64_1.0.0.202111181127/tools/bin/../lib/gcc/arm-none-eabi/10.3.1/thumb/v7-m/nofp/libgcc.a(_arm_mulsf3.o)
 .ARM.attributes
                0x0000000000000952       0x1d /Applications/STM32CubeIDE.app/Contents/Eclipse/plugins/com.st.stm32cube.ide.mcu.externaltools.gnu-tools-for-stm32.10.3-2021.10.macos64_1.0.0.202111181127/tools/bin/../lib/gcc/arm-none-eabi/10.3.1/thumb/v7-m/nofp/libgcc.a(_arm_addsubsf3.o)
 .ARM.attributes
                0x000000000000096f       0x1d /Applications/STM32CubeIDE.app/Contents/Eclipse/plugins/com.st.stm32cube.ide.mcu.externaltools.gnu-tools-for-stm32.10.3-2021.10.macos64_1.0.0.202111181127/tools/bin/../lib/gcc/arm-none-eabi/10.3.1/thumb/v7-m/nofp/libgcc.a(_arm_fixsfsi.o)
 .ARM.attributes
                0x000000000000098c       0x1d /Applications/STM32CubeIDE.app/Contents/Eclipse/plugins/com.st.stm32cube.ide.mcu.externaltools.gnu-tools-for-stm32.10.3-2021.10.macos64_1.0.0.202111181127/tools/bin/../lib/gcc/arm-none-eabi/10.3.1/thumb/v7-m/nofp/crtn.o
OUTPUT(ELEC3300_project.elf elf32-littlearm)
LOAD linker stubs
LOAD /Applications/STM32CubeIDE.app/Contents/Eclipse/plugins/com.st.stm32cube.ide.mcu.externaltools.gnu-tools-for-stm32.10.3-2021.10.macos64_1.0.0.202111181127/tools/bin/../lib/gcc/arm-none-eabi/10.3.1/../../../../arm-none-eabi/lib/thumb/v7-m/nofp/libc.a
LOAD /Applications/STM32CubeIDE.app/Contents/Eclipse/plugins/com.st.stm32cube.ide.mcu.externaltools.gnu-tools-for-stm32.10.3-2021.10.macos64_1.0.0.202111181127/tools/bin/../lib/gcc/arm-none-eabi/10.3.1/../../../../arm-none-eabi/lib/thumb/v7-m/nofp/libm.a
LOAD /Applications/STM32CubeIDE.app/Contents/Eclipse/plugins/com.st.stm32cube.ide.mcu.externaltools.gnu-tools-for-stm32.10.3-2021.10.macos64_1.0.0.202111181127/tools/bin/../lib/gcc/arm-none-eabi/10.3.1/thumb/v7-m/nofp/libgcc.a

.debug_info     0x0000000000000000    0x14871
 .debug_info    0x0000000000000000      0x912 ./Core/Src/bsp_xpt2046_lcd.o
 .debug_info    0x0000000000000912      0x7d0 ./Core/Src/lcd.o
 .debug_info    0x00000000000010e2     0x255f ./Core/Src/main.o
 .debug_info    0x0000000000003641      0xa2a ./Core/Src/pn532.o
 .debug_info    0x000000000000406b      0xa43 ./Core/Src/pn532_stm32f1.o
 .debug_info    0x0000000000004aae     0x1851 ./Core/Src/stm32f1xx_hal_msp.o
 .debug_info    0x00000000000062ff      0xa26 ./Core/Src/stm32f1xx_it.o
 .debug_info    0x0000000000006d25      0x6e0 ./Core/Src/syscalls.o
 .debug_info    0x0000000000007405      0x171 ./Core/Src/sysmem.o
 .debug_info    0x0000000000007576      0x23d ./Core/Src/system_stm32f1xx.o
 .debug_info    0x00000000000077b3       0x22 ./Core/Startup/startup_stm32f103vetx.o
 .debug_info    0x00000000000077d5      0x79a ./Drivers/STM32F1xx_HAL_Driver/Src/stm32f1xx_hal.o
 .debug_info    0x0000000000007f6f      0xcfe ./Drivers/STM32F1xx_HAL_Driver/Src/stm32f1xx_hal_adc.o
 .debug_info    0x0000000000008c6d      0xb86 ./Drivers/STM32F1xx_HAL_Driver/Src/stm32f1xx_hal_cortex.o
 .debug_info    0x00000000000097f3      0x744 ./Drivers/STM32F1xx_HAL_Driver/Src/stm32f1xx_hal_dma.o
 .debug_info    0x0000000000009f37      0x615 ./Drivers/STM32F1xx_HAL_Driver/Src/stm32f1xx_hal_gpio.o
 .debug_info    0x000000000000a54c     0x2761 ./Drivers/STM32F1xx_HAL_Driver/Src/stm32f1xx_hal_i2c.o
 .debug_info    0x000000000000ccad      0x865 ./Drivers/STM32F1xx_HAL_Driver/Src/stm32f1xx_hal_rcc.o
 .debug_info    0x000000000000d512      0x40f ./Drivers/STM32F1xx_HAL_Driver/Src/stm32f1xx_hal_rcc_ex.o
 .debug_info    0x000000000000d921     0x166b ./Drivers/STM32F1xx_HAL_Driver/Src/stm32f1xx_hal_spi.o
 .debug_info    0x000000000000ef8c      0xd6b ./Drivers/STM32F1xx_HAL_Driver/Src/stm32f1xx_hal_sram.o
 .debug_info    0x000000000000fcf7     0x2bab ./Drivers/STM32F1xx_HAL_Driver/Src/stm32f1xx_hal_tim.o
 .debug_info    0x00000000000128a2     0x15c7 ./Drivers/STM32F1xx_HAL_Driver/Src/stm32f1xx_hal_tim_ex.o
 .debug_info    0x0000000000013e69      0xa08 ./Drivers/STM32F1xx_HAL_Driver/Src/stm32f1xx_ll_fsmc.o

.debug_abbrev   0x0000000000000000     0x30d1
 .debug_abbrev  0x0000000000000000      0x2dd ./Core/Src/bsp_xpt2046_lcd.o
 .debug_abbrev  0x00000000000002dd      0x218 ./Core/Src/lcd.o
 .debug_abbrev  0x00000000000004f5      0x3c3 ./Core/Src/main.o