Archive member included to satisfy reference by file (symbol)

/Applications/STM32CubeIDE.app/Contents/Eclipse/plugins/com.st.stm32cube.ide.mcu.externaltools.gnu-tools-for-stm32.10.3-2021.10.macos64_1.0.0.202111181127/tools/bin/../lib/gcc/arm-none-eabi/10.3.1/../../../../arm-none-eabi/lib/thumb/v7-m/nofp/libc_nano.a(lib_a-errno.o)
                              ./Core/Src/syscalls.o (__errno)
/Applications/STM32CubeIDE.app/Contents/Eclipse/plugins/com.st.stm32cube.ide.mcu.externaltools.gnu-tools-for-stm32.10.3-2021.10.macos64_1.0.0.202111181127/tools/bin/../lib/gcc/arm-none-eabi/10.3.1/../../../../arm-none-eabi/lib/thumb/v7-m/nofp/libc_nano.a(lib_a-exit.o)
                              /Applications/STM32CubeIDE.app/Contents/Eclipse/plugins/com.st.stm32cube.ide.mcu.externaltools.gnu-tools-for-stm32.10.3-2021.10.macos64_1.0.0.202111181127/tools/bin/../lib/gcc/arm-none-eabi/10.3.1/../../../../arm-none-eabi/lib/thumb/v7-m/nofp/crt0.o (exit)
/Applications/STM32CubeIDE.app/Contents/Eclipse/plugins/com.st.stm32cube.ide.mcu.externaltools.gnu-tools-for-stm32.10.3-2021.10.macos64_1.0.0.202111181127/tools/bin/../lib/gcc/arm-none-eabi/10.3.1/../../../../arm-none-eabi/lib/thumb/v7-m/nofp/libc_nano.a(lib_a-impure.o)
                              /Applications/STM32CubeIDE.app/Contents/Eclipse/plugins/com.st.stm32cube.ide.mcu.externaltools.gnu-tools-for-stm32.10.3-2021.10.macos64_1.0.0.202111181127/tools/bin/../lib/gcc/arm-none-eabi/10.3.1/../../../../arm-none-eabi/lib/thumb/v7-m/nofp/libc_nano.a(lib_a-exit.o) (_global_impure_ptr)
/Applications/STM32CubeIDE.app/Contents/Eclipse/plugins/com.st.stm32cube.ide.mcu.externaltools.gnu-tools-for-stm32.10.3-2021.10.macos64_1.0.0.202111181127/tools/bin/../lib/gcc/arm-none-eabi/10.3.1/../../../../arm-none-eabi/lib/thumb/v7-m/nofp/libc_nano.a(lib_a-init.o)
                              /Applications/STM32CubeIDE.app/Contents/Eclipse/plugins/com.st.stm32cube.ide.mcu.externaltools.gnu-tools-for-stm32.10.3-2021.10.macos64_1.0.0.202111181127/tools/bin/../lib/gcc/arm-none-eabi/10.3.1/../../../../arm-none-eabi/lib/thumb/v7-m/nofp/crt0.o (__libc_init_array)
/Applications/STM32CubeIDE.app/Contents/Eclipse/plugins/com.st.stm32cube.ide.mcu.externaltools.gnu-tools-for-stm32.10.3-2021.10.macos64_1.0.0.202111181127/tools/bin/../lib/gcc/arm-none-eabi/10.3.1/../../../../arm-none-eabi/lib/thumb/v7-m/nofp/libc_nano.a(lib_a-memset.o)
                              /Applications/STM32CubeIDE.app/Contents/Eclipse/plugins/com.st.stm32cube.ide.mcu.externaltools.gnu-tools-for-stm32.10.3-2021.10.macos64_1.0.0.202111181127/tools/bin/../lib/gcc/arm-none-eabi/10.3.1/../../../../arm-none-eabi/lib/thumb/v7-m/nofp/crt0.o (memset)
/Applications/STM32CubeIDE.app/Contents/Eclipse/plugins/com.st.stm32cube.ide.mcu.externaltools.gnu-tools-for-stm32.10.3-2021.10.macos64_1.0.0.202111181127/tools/bin/../lib/gcc/arm-none-eabi/10.3.1/../../../../arm-none-eabi/lib/thumb/v7-m/nofp/libc_nano.a(lib_a-sprintf.o)
                              ./Core/Src/ESP_DATA_HANDLER.o (sprintf)
/Applications/STM32CubeIDE.app/Contents/Eclipse/plugins/com.st.stm32cube.ide.mcu.externaltools.gnu-tools-for-stm32.10.3-2021.10.macos64_1.0.0.202111181127/tools/bin/../lib/gcc/arm-none-eabi/10.3.1/../../../../arm-none-eabi/lib/thumb/v7-m/nofp/libc_nano.a(lib_a-strcat.o)
                              ./Core/Src/ESP_DATA_HANDLER.o (strcat)
/Applications/STM32CubeIDE.app/Contents/Eclipse/plugins/com.st.stm32cube.ide.mcu.externaltools.gnu-tools-for-stm32.10.3-2021.10.macos64_1.0.0.202111181127/tools/bin/../lib/gcc/arm-none-eabi/10.3.1/../../../../arm-none-eabi/lib/thumb/v7-m/nofp/libc_nano.a(lib_a-strcmp.o)
                              ./Core/Src/ESP_DATA_HANDLER.o (strcmp)
/Applications/STM32CubeIDE.app/Contents/Eclipse/plugins/com.st.stm32cube.ide.mcu.externaltools.gnu-tools-for-stm32.10.3-2021.10.macos64_1.0.0.202111181127/tools/bin/../lib/gcc/arm-none-eabi/10.3.1/../../../../arm-none-eabi/lib/thumb/v7-m/nofp/libc_nano.a(lib_a-strlen.o)
                              ./Core/Src/ESP_DATA_HANDLER.o (strlen)
/Applications/STM32CubeIDE.app/Contents/Eclipse/plugins/com.st.stm32cube.ide.mcu.externaltools.gnu-tools-for-stm32.10.3-2021.10.macos64_1.0.0.202111181127/tools/bin/../lib/gcc/arm-none-eabi/10.3.1/../../../../arm-none-eabi/lib/thumb/v7-m/nofp/libc_nano.a(lib_a-nano-svfprintf.o)
                              /Applications/STM32CubeIDE.app/Contents/Eclipse/plugins/com.st.stm32cube.ide.mcu.externaltools.gnu-tools-for-stm32.10.3-2021.10.macos64_1.0.0.202111181127/tools/bin/../lib/gcc/arm-none-eabi/10.3.1/../../../../arm-none-eabi/lib/thumb/v7-m/nofp/libc_nano.a(lib_a-sprintf.o) (_svfprintf_r)
/Applications/STM32CubeIDE.app/Contents/Eclipse/plugins/com.st.stm32cube.ide.mcu.externaltools.gnu-tools-for-stm32.10.3-2021.10.macos64_1.0.0.202111181127/tools/bin/../lib/gcc/arm-none-eabi/10.3.1/../../../../arm-none-eabi/lib/thumb/v7-m/nofp/libc_nano.a(lib_a-nano-vfprintf_i.o)
[...]
Memory Configuration

Name             Origin             Length             Attributes
RAM              0x0000000020000000 0x0000000000010000 xrw
FLASH            0x0000000008000000 0x0000000000080000 xr
*default*        0x0000000000000000 0xffffffffffffffff

Linker script and memory map

LOAD /Applications/STM32CubeIDE.app/Contents/Eclipse/plugins/com.st.stm32cube.ide.mcu.externaltools.gnu-tools-for-stm32.10.3-2021.10.macos64_1.0.0.202111181127/tools/bin/../lib/gcc/arm-none-eabi/10.3.1/thumb/v7-m/nofp/crti.o
LOAD /Applications/STM32CubeIDE.app/Contents/Eclipse/plugins/com.st.stm32cube.ide.mcu.externaltools.gnu-tools-for-stm32.10.3-2021.10.macos64_1.0.0.202111181127/tools/bin/../lib/gcc/arm-none-eabi/10.3.1/thumb/v7-m/nofp/crtbegin.o
LOAD /Applications/STM32CubeIDE.app/Contents/Eclipse/plugins/com.st.stm32cube.ide.mcu.externaltools.gnu-tools-for-stm32.10.3-2021.10.macos64_1.0.0.202111181127/tools/bin/../lib/gcc/arm-none-eabi/10.3.1/../../../../arm-none-eabi/lib/thumb/v7-m/nofp/crt0.o
LOAD ./Core/Src/ESP_DATA_HANDLER.o
LOAD ./Core/Src/UartRingbuffer.o
LOAD ./Core/Src/lcd.o
LOAD ./Core/Src/main.o
LOAD ./Core/Src/stm32f1xx_hal_msp.o
LOAD ./Core/Src/stm32f1xx_it.o
LOAD ./Core/Src/syscalls.o
LOAD ./Core/Src/sysmem.o
LOAD ./Core/Src/system_stm32f1xx.o
LOAD ./Core/Startup/startup_stm32f103vetx.o
LOAD ./Drivers/STM32F1xx_HAL_Driver/Src/stm32f1xx_hal.o
LOAD ./Drivers/STM32F1xx_HAL_Driver/Src/stm32f1xx_hal_cortex.o
LOAD ./Drivers/STM32F1xx_HAL_Driver/Src/stm32f1xx_hal_dma.o
LOAD ./Drivers/STM32F1xx_HAL_Driver/Src/stm32f1xx_hal_exti.o
LOAD ./Drivers/STM32F1xx_HAL_Driver/Src/stm32f1xx_hal_flash.o
LOAD ./Drivers/STM32F1xx_HAL_Driver/Src/stm32f1xx_hal_flash_ex.o
LOAD ./Drivers/STM32F1xx_HAL_Driver/Src/stm32f1xx_hal_gpio.o
LOAD ./Drivers/STM32F1xx_HAL_Driver/Src/stm32f1xx_hal_gpio_ex.o
LOAD ./Drivers/STM32F1xx_HAL_Driver/Src/stm32f1xx_hal_pwr.o
LOAD ./Drivers/STM32F1xx_HAL_Driver/Src/stm32f1xx_hal_rcc.o
LOAD ./Drivers/STM32F1xx_HAL_Driver/Src/stm32f1xx_hal_rcc_ex.o
LOAD ./Drivers/STM32F1xx_HAL_Driver/Src/stm32f1xx_hal_sram.o
LOAD ./Drivers/STM32F1xx_HAL_Driver/Src/stm32f1xx_hal_tim.o
LOAD ./Drivers/STM32F1xx_HAL_Driver/Src/stm32f1xx_hal_tim_ex.o
LOAD ./Drivers/STM32F1xx_HAL_Driver/Src/stm32f1xx_hal_uart.o
LOAD ./Drivers/STM32F1xx_HAL_Driver/Src/stm32f1xx_ll_fsmc.o
START GROUP
LOAD /Applications/STM32CubeIDE.app/Contents/Eclipse/plugins/com.st.stm32cube.ide.mcu.externaltools.gnu-tools-for-stm32.10.3-2021.10.macos64_1.0.0.202111181127/tools/bin/../lib/gcc/arm-none-eabi/10.3.1/../../../../arm-none-eabi/lib/thumb/v7-m/nofp/libc_nano.a
LOAD /Applications/STM32CubeIDE.app/Contents/Eclipse/plugins/com.st.stm32cube.ide.mcu.externaltools.gnu-tools-for-stm32.10.3-2021.10.macos64_1.0.0.202111181127/tools/bin/../lib/gcc/arm-none-eabi/10.3.1/../../../../arm-none-eabi/lib/thumb/v7-m/nofp/libm.a
END GROUP
START GROUP
LOAD /Applications/STM32CubeIDE.app/Contents/Eclipse/plugins/com.st.stm32cube.ide.mcu.externaltools.gnu-tools-for-stm32.10.3-2021.10.macos64_1.0.0.202111181127/tools/bin/../lib/gcc/arm-none-eabi/10.3.1/thumb/v7-m/nofp/libgcc.a
LOAD /Applications/STM32CubeIDE.app/Contents/Eclipse/plugins/com.st.stm32cube.ide.mcu.externaltools.gnu-tools-for-stm32.10.3-2021.10.macos64_1.0.0.202111181127/tools/bin/../lib/gcc/arm-none-eabi/10.3.1/../../../../arm-none-eabi/lib/thumb/v7-m/nofp/libc_nano.a
END GROUP
START GROUP
LOAD /Applications/STM32CubeIDE.app/Contents/Eclipse/plugins/com.st.stm32cube.ide.mcu.externaltools.gnu-tools-for-stm32.10.3-2021.10.macos64_1.0.0.202111181127/tools/bin/../lib/gcc/arm-none-eabi/10.3.1/thumb/v7-m/nofp/libgcc.a
LOAD /Applications/STM32CubeIDE.app/Contents/Eclipse/plugins/com.st.stm32cube.ide.mcu.externaltools.gnu-tools-for-stm32.10.3-2021.10.macos64_1.0.0.202111181127/tools/bin/../lib/gcc/arm-none-eabi/10.3.1/../../../../arm-none-eabi/lib/thumb/v7-m/nofp/libc_nano.a
LOAD /Applications/STM32CubeIDE.app/Contents/Eclipse/plugins/com.st.stm32cube.ide.mcu.externaltools.gnu-tools-for-stm32.10.3-2021.10.macos64_1.0.0.202111181127/tools/bin/../lib/gcc/arm-none-eabi/10.3.1/../../../../arm-none-eabi/lib/thumb/v7-m/nofp/libnosys.a
END GROUP
START GROUP
LOAD /Applications/STM32CubeIDE.app/Contents/Eclipse/plugins/com.st.stm32cube.ide.mcu.externaltools.gnu-tools-for-stm32.10.3-2021.10.macos64_1.0.0.202111181127/tools/bin/../lib/gcc/arm-none-eabi/10.3.1/thumb/v7-m/nofp/libgcc.a
LOAD /Applications/STM32CubeIDE.app/Contents/Eclipse/plugins/com.st.stm32cube.ide.mcu.externaltools.gnu-tools-for-stm32.10.3-2021.10.macos64_1.0.0.202111181127/tools/bin/../lib/gcc/arm-none-eabi/10.3.1/../../../../arm-none-eabi/lib/thumb/v7-m/nofp/libc_nano.a
LOAD /Applications/STM32CubeIDE.app/Contents/Eclipse/plugins/com.st.stm32cube.ide.mcu.externaltools.gnu-tools-for-stm32.10.3-2021.10.macos64_1.0.0.202111181127/tools/bin/../lib/gcc/arm-none-eabi/10.3.1/../../../../arm-none-eabi/lib/thumb/v7-m/nofp/libnosys.a
END GROUP
LOAD /Applications/STM32CubeIDE.app/Contents/Eclipse/plugins/com.st.stm32cube.ide.mcu.externaltools.gnu-tools-for-stm32.10.3-2021.10.macos64_1.0.0.202111181127/tools/bin/../lib/gcc/arm-none-eabi/10.3.1/thumb/v7-m/nofp/crtend.o
LOAD /Applications/STM32CubeIDE.app/Contents/Eclipse/plugins/com.st.stm32cube.ide.mcu.externaltools.gnu-tools-for-stm32.10.3-2021.10.macos64_1.0.0.202111181127/tools/bin/../lib/gcc/arm-none-eabi/10.3.1/thumb/v7-m/nofp/crtn.o
                0x0000000020010000                _estack = (ORIGIN (RAM) + LENGTH (RAM))
                0x0000000000000200                _Min_Heap_Size = 0x200
                0x0000000000000400                _Min_Stack_Size = 0x400

.isr_vector     0x0000000008000000      0x1e4
                0x0000000008000000                . = ALIGN (0x4)
 *(.isr_vector)
 .isr_vector    0x0000000008000000      0x1e4 ./Core/Startup/startup_stm32f103vetx.o
                0x0000000008000000                g_pfnVectors
                0x00000000080001e4                . = ALIGN (0x4)

.text           0x00000000080001e4     0x3254
                0x00000000080001e4                . = ALIGN (0x4)
 *(.text)
 .text          0x00000000080001e4       0x40 /Applications/STM32CubeIDE.app/Contents/Eclipse/plugins/com.st.stm32cube.ide.mcu.externaltools.gnu-tools-for-stm32.10.3-2021.10.macos64_1.0.0.202111181127/tools/bin/../lib/gcc/arm-none-eabi/10.3.1/thumb/v7-m/nofp/crtbegin.o
 .text          0x0000000008000224       0x14 /Applications/STM32CubeIDE.app/Contents/Eclipse/plugins/com.st.stm32cube.ide.mcu.externaltools.gnu-tools-for-stm32.10.3-2021.10.macos64_1.0.0.202111181127/tools/bin/../lib/gcc/arm-none-eabi/10.3.1/../../../../arm-none-eabi/lib/thumb/v7-m/nofp/libc_nano.a(lib_a-strcmp.o)
                0x0000000008000224                strcmp
 .text          0x0000000008000238       0x10 /Applications/STM32CubeIDE.app/Contents/Eclipse/plugins/com.st.stm32cube.ide.mcu.externaltools.gnu-tools-for-stm32.10.3-2021.10.macos64_1.0.0.202111181127/tools/bin/../lib/gcc/arm-none-eabi/10.3.1/../../../../arm-none-eabi/lib/thumb/v7-m/nofp/libc_nano.a(lib_a-strlen.o)
                0x0000000008000238                strlen
 *(.text*)
 .text.sizeofuser
                0x0000000008000248       0x34 ./Core/Src/ESP_DATA_HANDLER.o
                0x0000000008000248                sizeofuser
 .text.ESP_Init
                0x000000000800027c       0xfc ./Core/Src/ESP_DATA_HANDLER.o
                0x000000000800027c                ESP_Init
 .text.Server_Send
                0x0000000008000378       0x9c ./Core/Src/ESP_DATA_HANDLER.o
                0x0000000008000378                Server_Send
 .text.Server_Handle
                0x0000000008000414      0x218 ./Core/Src/ESP_DATA_HANDLER.o
                0x0000000008000414                Server_Handle
 .text.Server_Start
                0x000000000800062c      0x16c ./Core/Src/ESP_DATA_HANDLER.o
                0x000000000800062c                Server_Start
 .text.Ringbuf_init
                0x0000000008000798       0x4c ./Core/Src/UartRingbuffer.o
                0x0000000008000798                Ringbuf_init
 .text.store_char
                0x00000000080007e4       0x3c ./Core/Src/UartRingbuffer.o
                0x00000000080007e4                store_char
 .text.Look_for
                0x0000000008000820       0xa4 ./Core/Src/UartRingbuffer.o
                0x0000000008000820                Look_for
 .text.Uart_read
                0x00000000080008c4       0x4c ./Core/Src/UartRingbuffer.o
                0x00000000080008c4                Uart_read
 .text.Uart_write
                0x0000000008000910       0x64 ./Core/Src/UartRingbuffer.o
                0x0000000008000910                Uart_write
 .text.IsDataAvailable
                0x0000000008000974       0x2c ./Core/Src/UartRingbuffer.o
                0x0000000008000974                IsDataAvailable
 .text.Uart_sendstring
                0x00000000080009a0       0x2a ./Core/Src/UartRingbuffer.o
                0x00000000080009a0                Uart_sendstring
 .text.GetDataFromBuffer
                0x00000000080009ca      0x140 ./Core/Src/UartRingbuffer.o
                0x00000000080009ca                GetDataFromBuffer
 *fill*         0x0000000008000b0a        0x2 
 .text.Uart_flush
                0x0000000008000b0c       0x24 ./Core/Src/UartRingbuffer.o
                0x0000000008000b0c                Uart_flush
 .text.Uart_peek
                0x0000000008000b30       0x34 ./Core/Src/UartRingbuffer.o
                0x0000000008000b30                Uart_peek
 .text.Copy_upto
                0x0000000008000b64       0xe8 ./Core/Src/UartRingbuffer.o
                0x0000000008000b64                Copy_upto
 .text.Get_after
                0x0000000008000c4c       0x56 ./Core/Src/UartRingbuffer.o
                0x0000000008000c4c                Get_after
 *fill*         0x0000000008000ca2        0x2 
 .text.Wait_for
                0x0000000008000ca4       0xa8 ./Core/Src/UartRingbuffer.o
                0x0000000008000ca4                Wait_for
 .text.Uart_isr
                0x0000000008000d4c       0xb4 ./Core/Src/UartRingbuffer.o
                0x0000000008000d4c                Uart_isr
 .text.Delay    0x0000000008000e00       0x22 ./Core/Src/lcd.o
                0x0000000008000e00                Delay
 .text.LCD_INIT
                0x0000000008000e22       0x2e ./Core/Src/lcd.o
                0x0000000008000e22                LCD_INIT
 .text.LCD_Rst  0x0000000008000e50       0x30 ./Core/Src/lcd.o
                0x0000000008000e50                LCD_Rst
 .text.LCD_BackLed_Control
                0x0000000008000e80       0x38 ./Core/Src/lcd.o
                0x0000000008000e80                LCD_BackLed_Control
 .text.LCD_Write_Cmd
                0x0000000008000eb8       0x1c ./Core/Src/lcd.o
                0x0000000008000eb8                LCD_Write_Cmd
 .text.LCD_Write_Data
                0x0000000008000ed4       0x20 ./Core/Src/lcd.o
                0x0000000008000ed4                LCD_Write_Data
 .text.LCD_REG_Config
                0x0000000008000ef4      0x234 ./Core/Src/lcd.o
                0x0000000008000ef4                LCD_REG_Config
 .text.LCD_OpenWindow
                0x0000000008001128       0xb2 ./Core/Src/lcd.o
                0x0000000008001128                LCD_OpenWindow
 .text.LCD_FillColor
                0x00000000080011da       0x3c ./Core/Src/lcd.o
                0x00000000080011da                LCD_FillColor
 .text.LCD_Clear
                0x0000000008001216       0x46 ./Core/Src/lcd.o
                0x0000000008001216                LCD_Clear
 .text.main     0x000000000800125c       0x38 ./Core/Src/main.o
                0x000000000800125c                main
 .text.SystemClock_Config
                0x0000000008001294       0x8a ./Core/Src/main.o
                0x0000000008001294                SystemClock_Config
 *fill*         0x000000000800131e        0x2 
 .text.MX_USART3_UART_Init
                0x0000000008001320       0x54 ./Core/Src/main.o
 .text.MX_GPIO_Init
                0x0000000008001374       0xf0 ./Core/Src/main.o
 .text.MX_FSMC_Init
                0x0000000008001464       0xc8 ./Core/Src/main.o
 .text.Error_Handler
                0x000000000800152c        0xa ./Core/Src/main.o
                0x000000000800152c                Error_Handler
 *fill*         0x0000000008001536        0x2 
 .text.HAL_MspInit
                0x0000000008001538       0x64 ./Core/Src/stm32f1xx_hal_msp.o
                0x0000000008001538                HAL_MspInit
 .text.HAL_UART_MspInit
                0x000000000800159c       0xa8 ./Core/Src/stm32f1xx_hal_msp.o
                0x000000000800159c                HAL_UART_MspInit
 .text.HAL_FSMC_MspInit
                0x0000000008001644       0x88 ./Core/Src/stm32f1xx_hal_msp.o
 .text.HAL_SRAM_MspInit
                0x00000000080016cc       0x14 ./Core/Src/stm32f1xx_hal_msp.o
                0x00000000080016cc                HAL_SRAM_MspInit
 .text.NMI_Handler
                0x00000000080016e0        0x6 ./Core/Src/stm32f1xx_it.o
                0x00000000080016e0                NMI_Handler
 .text.HardFault_Handler
                0x00000000080016e6        0x6 ./Core/Src/stm32f1xx_it.o
                0x00000000080016e6                HardFault_Handler
 .text.MemManage_Handler
                0x00000000080016ec        0x6 ./Core/Src/stm32f1xx_it.o
                0x00000000080016ec                MemManage_Handler
 .text.BusFault_Handler
                0x00000000080016f2        0x6 ./Core/Src/stm32f1xx_it.o
                0x00000000080016f2                BusFault_Handler
 .text.UsageFault_Handler
                0x00000000080016f8        0x6 ./Core/Src/stm32f1xx_it.o
                0x00000000080016f8                UsageFault_Handler
 .text.SVC_Handler
                0x00000000080016fe        0xc ./Core/Src/stm32f1xx_it.o
                0x00000000080016fe                SVC_Handler
 .text.DebugMon_Handler
                0x000000000800170a        0xc ./Core/Src/stm32f1xx_it.o
                0x000000000800170a                DebugMon_Handler
 .text.PendSV_Handler
                0x0000000008001716        0xc ./Core/Src/stm32f1xx_it.o
                0x0000000008001716                PendSV_Handler
 .text.SysTick_Handler
                0x0000000008001722        0xc ./Core/Src/stm32f1xx_it.o
                0x0000000008001722                SysTick_Handler
 *fill*         0x000000000800172e        0x2 
 .text.USART3_IRQHandler
                0x0000000008001730       0x14 ./Core/Src/stm32f1xx_it.o
                0x0000000008001730                USART3_IRQHandler
 .text._sbrk    0x0000000008001744       0x6c ./Core/Src/sysmem.o
                0x0000000008001744                _sbrk
 .text.SystemInit
                0x00000000080017b0        0xc ./Core/Src/system_stm32f1xx.o
                0x00000000080017b0                SystemInit
 .text.Reset_Handler
                0x00000000080017bc       0x48 ./Core/Startup/startup_stm32f103vetx.o
                0x00000000080017bc                Reset_Handler
 .text.Default_Handler
                0x0000000008001804        0x2 ./Core/Startup/startup_stm32f103vetx.o
                0x0000000008001804                DMA2_Channel3_IRQHandler
                0x0000000008001804                EXTI2_IRQHandler
                0x0000000008001804                TIM8_TRG_COM_IRQHandler
                0x0000000008001804                TIM8_CC_IRQHandler
                0x0000000008001804                TIM1_CC_IRQHandler
                0x0000000008001804                TIM6_IRQHandler
                0x0000000008001804                PVD_IRQHandler
                0x0000000008001804                SDIO_IRQHandler
                0x0000000008001804                EXTI3_IRQHandler
                0x0000000008001804                EXTI0_IRQHandler
                0x0000000008001804                I2C2_EV_IRQHandler
                0x0000000008001804                ADC1_2_IRQHandler
                0x0000000008001804                SPI1_IRQHandler
                0x0000000008001804                TAMPER_IRQHandler
                0x0000000008001804                TIM8_UP_IRQHandler
                0x0000000008001804                DMA2_Channel2_IRQHandler
                0x0000000008001804                DMA1_Channel4_IRQHandler
                0x0000000008001804                RTC_IRQHandler
                0x0000000008001804                DMA1_Channel7_IRQHandler
                0x0000000008001804                CAN1_RX1_IRQHandler
                0x0000000008001804                UART5_IRQHandler
                0x0000000008001804                ADC3_IRQHandler
                0x0000000008001804                TIM4_IRQHandler
                0x0000000008001804                DMA2_Channel1_IRQHandler
                0x0000000008001804                I2C1_EV_IRQHandler
                0x0000000008001804                DMA1_Channel6_IRQHandler
                0x0000000008001804                UART4_IRQHandler
                0x0000000008001804                TIM3_IRQHandler
                0x0000000008001804                RCC_IRQHandler
                0x0000000008001804                TIM1_TRG_COM_IRQHandler
                0x0000000008001804                DMA1_Channel1_IRQHandler
                0x0000000008001804                Default_Handler
                0x0000000008001804                EXTI15_10_IRQHandler
                0x0000000008001804                TIM7_IRQHandler
                0x0000000008001804                TIM5_IRQHandler
                0x0000000008001804                EXTI9_5_IRQHandler
                0x0000000008001804                SPI2_IRQHandler
                0x0000000008001804                DMA1_Channel5_IRQHandler
                0x0000000008001804                EXTI4_IRQHandler
                0x0000000008001804                USB_LP_CAN1_RX0_IRQHandler
                0x0000000008001804                USB_HP_CAN1_TX_IRQHandler
                0x0000000008001804                DMA1_Channel3_IRQHandler
                0x0000000008001804                FSMC_IRQHandler
                0x0000000008001804                TIM1_UP_IRQHandler
                0x0000000008001804                WWDG_IRQHandler
                0x0000000008001804                TIM2_IRQHandler
                0x0000000008001804                TIM1_BRK_IRQHandler
                0x0000000008001804                EXTI1_IRQHandler
                0x0000000008001804                DMA2_Channel4_5_IRQHandler
                0x0000000008001804                USART2_IRQHandler
                0x0000000008001804                I2C2_ER_IRQHandler
                0x0000000008001804                DMA1_Channel2_IRQHandler
                0x0000000008001804                TIM8_BRK_IRQHandler
                0x0000000008001804                CAN1_SCE_IRQHandler
                0x0000000008001804                FLASH_IRQHandler
                0x0000000008001804                USART1_IRQHandler
                0x0000000008001804                SPI3_IRQHandler
                0x0000000008001804                I2C1_ER_IRQHandler
                0x0000000008001804                USBWakeUp_IRQHandler
                0x0000000008001804                RTC_Alarm_IRQHandler
 *fill*         0x0000000008001806        0x2 
 .text.HAL_Init
                0x0000000008001808       0x2c ./Drivers/STM32F1xx_HAL_Driver/Src/stm32f1xx_hal.o
                0x0000000008001808                HAL_Init
 .text.HAL_InitTick
                0x0000000008001834       0x60 ./Drivers/STM32F1xx_HAL_Driver/Src/stm32f1xx_hal.o
                0x0000000008001834                HAL_InitTick
 .text.HAL_IncTick
                0x0000000008001894       0x24 ./Drivers/STM32F1xx_HAL_Driver/Src/stm32f1xx_hal.o
                0x0000000008001894                HAL_IncTick
 .text.HAL_GetTick
                0x00000000080018b8       0x14 ./Drivers/STM32F1xx_HAL_Driver/Src/stm32f1xx_hal.o
                0x00000000080018b8                HAL_GetTick
 .text.HAL_Delay
                0x00000000080018cc       0x48 ./Drivers/STM32F1xx_HAL_Driver/Src/stm32f1xx_hal.o
                0x00000000080018cc                HAL_Delay
 .text.__NVIC_SetPriorityGrouping
                0x0000000008001914       0x48 ./Drivers/STM32F1xx_HAL_Driver/Src/stm32f1xx_hal_cortex.o
 .text.__NVIC_GetPriorityGrouping
                0x000000000800195c       0x1c ./Drivers/STM32F1xx_HAL_Driver/Src/stm32f1xx_hal_cortex.o
 .text.__NVIC_EnableIRQ
                0x0000000008001978       0x38 ./Drivers/STM32F1xx_HAL_Driver/Src/stm32f1xx_hal_cortex.o
 .text.__NVIC_SetPriority
                0x00000000080019b0       0x54 ./Drivers/STM32F1xx_HAL_Driver/Src/stm32f1xx_hal_cortex.o
 .text.NVIC_EncodePriority
                0x0000000008001a04       0x64 ./Drivers/STM32F1xx_HAL_Driver/Src/stm32f1xx_hal_cortex.o
 .text.SysTick_Config
                0x0000000008001a68       0x44 ./Drivers/STM32F1xx_HAL_Driver/Src/stm32f1xx_hal_cortex.o
 .text.HAL_NVIC_SetPriorityGrouping
                0x0000000008001aac       0x16 ./Drivers/STM32F1xx_HAL_Driver/Src/stm32f1xx_hal_cortex.o
                0x0000000008001aac                HAL_NVIC_SetPriorityGrouping
 .text.HAL_NVIC_SetPriority
                0x0000000008001ac2       0x38 ./Drivers/STM32F1xx_HAL_Driver/Src/stm32f1xx_hal_cortex.o
                0x0000000008001ac2                HAL_NVIC_SetPriority
 .text.HAL_NVIC_EnableIRQ
                0x0000000008001afa       0x1c ./Drivers/STM32F1xx_HAL_Driver/Src/stm32f1xx_hal_cortex.o
                0x0000000008001afa                HAL_NVIC_EnableIRQ
 .text.HAL_SYSTICK_Config
                0x0000000008001b16       0x18 ./Drivers/STM32F1xx_HAL_Driver/Src/stm32f1xx_hal_cortex.o
                0x0000000008001b16                HAL_SYSTICK_Config
 *fill*         0x0000000008001b2e        0x2 
 .text.HAL_GPIO_Init
                0x0000000008001b30      0x328 ./Drivers/STM32F1xx_HAL_Driver/Src/stm32f1xx_hal_gpio.o
                0x0000000008001b30                HAL_GPIO_Init
 .text.HAL_GPIO_WritePin
                0x0000000008001e58       0x30 ./Drivers/STM32F1xx_HAL_Driver/Src/stm32f1xx_hal_gpio.o
                0x0000000008001e58                HAL_GPIO_WritePin
 .text.HAL_RCC_OscConfig
                0x0000000008001e88      0x504 ./Drivers/STM32F1xx_HAL_Driver/Src/stm32f1xx_hal_rcc.o
                0x0000000008001e88                HAL_RCC_OscConfig
 .text.HAL_RCC_ClockConfig
                0x000000000800238c      0x1d4 ./Drivers/STM32F1xx_HAL_Driver/Src/stm32f1xx_hal_rcc.o
                0x000000000800238c                HAL_RCC_ClockConfig
 .text.HAL_RCC_GetSysClockFreq
                0x0000000008002560       0xa8 ./Drivers/STM32F1xx_HAL_Driver/Src/stm32f1xx_hal_rcc.o
                0x0000000008002560                HAL_RCC_GetSysClockFreq
 .text.HAL_RCC_GetHCLKFreq
                0x0000000008002608       0x14 ./Drivers/STM32F1xx_HAL_Driver/Src/stm32f1xx_hal_rcc.o
                0x0000000008002608                HAL_RCC_GetHCLKFreq
 .text.HAL_RCC_GetPCLK1Freq
                0x000000000800261c       0x28 ./Drivers/STM32F1xx_HAL_Driver/Src/stm32f1xx_hal_rcc.o
                0x000000000800261c                HAL_RCC_GetPCLK1Freq
 .text.HAL_RCC_GetPCLK2Freq
                0x0000000008002644       0x28 ./Drivers/STM32F1xx_HAL_Driver/Src/stm32f1xx_hal_rcc.o
                0x0000000008002644                HAL_RCC_GetPCLK2Freq
 .text.RCC_Delay
                0x000000000800266c       0x3c ./Drivers/STM32F1xx_HAL_Driver/Src/stm32f1xx_hal_rcc.o
 .text.HAL_SRAM_Init
                0x00000000080026a8       0x9a ./Drivers/STM32F1xx_HAL_Driver/Src/stm32f1xx_hal_sram.o
                0x00000000080026a8                HAL_SRAM_Init
 .text.HAL_UART_Init
                0x0000000008002742       0xa0 ./Drivers/STM32F1xx_HAL_Driver/Src/stm32f1xx_hal_uart.o
                0x0000000008002742                HAL_UART_Init
 *fill*         0x00000000080027e2        0x2 
 .text.UART_SetConfig
                0x00000000080027e4      0x11c ./Drivers/STM32F1xx_HAL_Driver/Src/stm32f1xx_hal_uart.o
 .text.FSMC_NORSRAM_Init
                0x0000000008002900       0xd4 ./Drivers/STM32F1xx_HAL_Driver/Src/stm32f1xx_ll_fsmc.o
                0x0000000008002900                FSMC_NORSRAM_Init
 .text.FSMC_NORSRAM_Timing_Init
                0x00000000080029d4       0x68 ./Drivers/STM32F1xx_HAL_Driver/Src/stm32f1xx_ll_fsmc.o
                0x00000000080029d4                FSMC_NORSRAM_Timing_Init
 .text.FSMC_NORSRAM_Extended_Timing_Init
                0x0000000008002a3c       0x70 ./Drivers/STM32F1xx_HAL_Driver/Src/stm32f1xx_ll_fsmc.o
                0x0000000008002a3c                FSMC_NORSRAM_Extended_Timing_Init
 .text.__errno  0x0000000008002aac        0xc /Applications/STM32CubeIDE.app/Contents/Eclipse/plugins/com.st.stm32cube.ide.mcu.externaltools.gnu-tools-for-stm32.10.3-2021.10.macos64_1.0.0.202111181127/tools/bin/../lib/gcc/arm-none-eabi/10.3.1/../../../../arm-none-eabi/lib/thumb/v7-m/nofp/libc_nano.a(lib_a-errno.o)
                0x0000000008002aac                __errno
 .text.__libc_init_array
                0x0000000008002ab8       0x48 /Applications/STM32CubeIDE.app/Contents/Eclipse/plugins/com.st.stm32cube.ide.mcu.externaltools.gnu-tools-for-stm32.10.3-2021.10.macos64_1.0.0.202111181127/tools/bin/../lib/gcc/arm-none-eabi/10.3.1/../../../../arm-none-eabi/lib/thumb/v7-m/nofp/libc_nano.a(lib_a-init.o)
                0x0000000008002ab8                __libc_init_array
 .text.memset   0x0000000008002b00       0x10 /Applications/STM32CubeIDE.app/Contents/Eclipse/plugins/com.st.stm32cube.ide.mcu.externaltools.gnu-tools-for-stm32.10.3-2021.10.macos64_1.0.0.202111181127/tools/bin/../lib/gcc/arm-none-eabi/10.3.1/../../../../arm-none-eabi/lib/thumb/v7-m/nofp/libc_nano.a(lib_a-memset.o)
                0x0000000008002b00                memset
 .text.sprintf  0x0000000008002b10       0x40 /Applications/STM32CubeIDE.app/Contents/Eclipse/plugins/com.st.stm32cube.ide.mcu.externaltools.gnu-tools-for-stm32.10.3-2021.10.macos64_1.0.0.202111181127/tools/bin/../lib/gcc/arm-none-eabi/10.3.1/../../../../arm-none-eabi/lib/thumb/v7-m/nofp/libc_nano.a(lib_a-sprintf.o)
                0x0000000008002b10                sprintf
                0x0000000008002b10                siprintf
 .text.strcat   0x0000000008002b50       0x1e /Applications/STM32CubeIDE.app/Contents/Eclipse/plugins/com.st.stm32cube.ide.mcu.externaltools.gnu-tools-for-stm32.10.3-2021.10.macos64_1.0.0.202111181127/tools/bin/../lib/gcc/arm-none-eabi/10.3.1/../../../../arm-none-eabi/lib/thumb/v7-m/nofp/libc_nano.a(lib_a-strcat.o)
                0x0000000008002b50                strcat
 .text.__ssputs_r
                0x0000000008002b6e       0xb6 /Applications/STM32CubeIDE.app/Contents/Eclipse/plugins/com.st.stm32cube.ide.mcu.externaltools.gnu-tools-for-stm32.10.3-2021.10.macos64_1.0.0.202111181127/tools/bin/../lib/gcc/arm-none-eabi/10.3.1/../../../../arm-none-eabi/lib/thumb/v7-m/nofp/libc_nano.a(lib_a-nano-svfprintf.o)
                0x0000000008002b6e                __ssputs_r
 .text._svfprintf_r
                0x0000000008002c24      0x200 /Applications/STM32CubeIDE.app/Contents/Eclipse/plugins/com.st.stm32cube.ide.mcu.externaltools.gnu-tools-for-stm32.10.3-2021.10.macos64_1.0.0.202111181127/tools/bin/../lib/gcc/arm-none-eabi/10.3.1/../../../../arm-none-eabi/lib/thumb/v7-m/nofp/libc_nano.a(lib_a-nano-svfprintf.o)
                0x0000000008002c24                _svfprintf_r
                0x0000000008002c24                _svfiprintf_r
 .text._printf_common
                0x0000000008002e24       0xde /Applications/STM32CubeIDE.app/Contents/Eclipse/plugins/com.st.stm32cube.ide.mcu.externaltools.gnu-tools-for-stm32.10.3-2021.10.macos64_1.0.0.202111181127/tools/bin/../lib/gcc/arm-none-eabi/10.3.1/../../../../arm-none-eabi/lib/thumb/v7-m/nofp/libc_nano.a(lib_a-nano-vfprintf_i.o)
                0x0000000008002e24                _printf_common
 *fill*         0x0000000008002f02        0x2 
 .text._printf_i
                0x0000000008002f04      0x24c /Applications/STM32CubeIDE.app/Contents/Eclipse/plugins/com.st.stm32cube.ide.mcu.externaltools.gnu-tools-for-stm32.10.3-2021.10.macos64_1.0.0.202111181127/tools/bin/../lib/gcc/arm-none-eabi/10.3.1/../../../../arm-none-eabi/lib/thumb/v7-m/nofp/libc_nano.a(lib_a-nano-vfprintf_i.o)
                0x0000000008002f04                _printf_i
 .text.memchr   0x0000000008003150       0x1c /Applications/STM32CubeIDE.app/Contents/Eclipse/plugins/com.st.stm32cube.ide.mcu.externaltools.gnu-tools-for-stm32.10.3-2021.10.macos64_1.0.0.202111181127/tools/bin/../lib/gcc/arm-none-eabi/10.3.1/../../../../arm-none-eabi/lib/thumb/v7-m/nofp/libc_nano.a(lib_a-memchr-stub.o)
                0x0000000008003150                memchr
 .text.memcpy   0x000000000800316c       0x1c /Applications/STM32CubeIDE.app/Contents/Eclipse/plugins/com.st.stm32cube.ide.mcu.externaltools.gnu-tools-for-stm32.10.3-2021.10.macos64_1.0.0.202111181127/tools/bin/../lib/gcc/arm-none-eabi/10.3.1/../../../../arm-none-eabi/lib/thumb/v7-m/nofp/libc_nano.a(lib_a-memcpy-stub.o)
                0x000000000800316c                memcpy
 .text.memmove  0x0000000008003188       0x34 /Applications/STM32CubeIDE.app/Contents/Eclipse/plugins/com.st.stm32cube.ide.mcu.externaltools.gnu-tools-for-stm32.10.3-2021.10.macos64_1.0.0.202111181127/tools/bin/../lib/gcc/arm-none-eabi/10.3.1/../../../../arm-none-eabi/lib/thumb/v7-m/nofp/libc_nano.a(lib_a-memmove.o)
                0x0000000008003188                memmove
 .text._free_r  0x00000000080031bc       0x90 /Applications/STM32CubeIDE.app/Contents/Eclipse/plugins/com.st.stm32cube.ide.mcu.externaltools.gnu-tools-for-stm32.10.3-2021.10.macos64_1.0.0.202111181127/tools/bin/../lib/gcc/arm-none-eabi/10.3.1/../../../../arm-none-eabi/lib/thumb/v7-m/nofp/libc_nano.a(lib_a-nano-freer.o)
                0x00000000080031bc                _free_r
 .text.sbrk_aligned
                0x000000000800324c       0x40 /Applications/STM32CubeIDE.app/Contents/Eclipse/plugins/com.st.stm32cube.ide.mcu.externaltools.gnu-tools-for-stm32.10.3-2021.10.macos64_1.0.0.202111181127/tools/bin/../lib/gcc/arm-none-eabi/10.3.1/../../../../arm-none-eabi/lib/thumb/v7-m/nofp/libc_nano.a(lib_a-nano-mallocr.o)
 .text._malloc_r
                0x000000000800328c       0xe8 /Applications/STM32CubeIDE.app/Contents/Eclipse/plugins/com.st.stm32cube.ide.mcu.externaltools.gnu-tools-for-stm32.10.3-2021.10.macos64_1.0.0.202111181127/tools/bin/../lib/gcc/arm-none-eabi/10.3.1/../../../../arm-none-eabi/lib/thumb/v7-m/nofp/libc_nano.a(lib_a-nano-mallocr.o)
                0x000000000800328c                _malloc_r
 .text._realloc_r
                0x0000000008003374       0x5e /Applications/STM32CubeIDE.app/Contents/Eclipse/plugins/com.st.stm32cube.ide.mcu.externaltools.gnu-tools-for-stm32.10.3-2021.10.macos64_1.0.0.202111181127/tools/bin/../lib/gcc/arm-none-eabi/10.3.1/../../../../arm-none-eabi/lib/thumb/v7-m/nofp/libc_nano.a(lib_a-nano-reallocr.o)
                0x0000000008003374                _realloc_r
 *fill*         0x00000000080033d2        0x2 
 .text._sbrk_r  0x00000000080033d4       0x20 /Applications/STM32CubeIDE.app/Contents/Eclipse/plugins/com.st.stm32cube.ide.mcu.externaltools.gnu-tools-for-stm32.10.3-2021.10.macos64_1.0.0.202111181127/tools/bin/../lib/gcc/arm-none-eabi/10.3.1/../../../../arm-none-eabi/lib/thumb/v7-m/nofp/libc_nano.a(lib_a-sbrkr.o)
                0x00000000080033d4                _sbrk_r
 .text.__malloc_lock
                0x00000000080033f4        0xc /Applications/STM32CubeIDE.app/Contents/Eclipse/plugins/com.st.stm32cube.ide.mcu.externaltools.gnu-tools-for-stm32.10.3-2021.10.macos64_1.0.0.202111181127/tools/bin/../lib/gcc/arm-none-eabi/10.3.1/../../../../arm-none-eabi/lib/thumb/v7-m/nofp/libc_nano.a(lib_a-mlock.o)
                0x00000000080033f4                __malloc_lock
 .text.__malloc_unlock
                0x0000000008003400        0xc /Applications/STM32CubeIDE.app/Contents/Eclipse/plugins/com.st.stm32cube.ide.mcu.externaltools.gnu-tools-for-stm32.10.3-2021.10.macos64_1.0.0.202111181127/tools/bin/../lib/gcc/arm-none-eabi/10.3.1/../../../../arm-none-eabi/lib/thumb/v7-m/nofp/libc_nano.a(lib_a-mlock.o)
                0x0000000008003400                __malloc_unlock
 .text._malloc_usable_size_r
                0x000000000800340c       0x10 /Applications/STM32CubeIDE.app/Contents/Eclipse/plugins/com.st.stm32cube.ide.mcu.externaltools.gnu-tools-for-stm32.10.3-2021.10.macos64_1.0.0.202111181127/tools/bin/../lib/gcc/arm-none-eabi/10.3.1/../../../../arm-none-eabi/lib/thumb/v7-m/nofp/libc_nano.a(lib_a-nano-msizer.o)
                0x000000000800340c                _malloc_usable_size_r
 .text.__retarget_lock_acquire_recursive
                0x000000000800341c        0x2 /Applications/STM32CubeIDE.app/Contents/Eclipse/plugins/com.st.stm32cube.ide.mcu.externaltools.gnu-tools-for-stm32.10.3-2021.10.macos64_1.0.0.202111181127/tools/bin/../lib/gcc/arm-none-eabi/10.3.1/../../../../arm-none-eabi/lib/thumb/v7-m/nofp/libc_nano.a(lib_a-lock.o)
                0x000000000800341c                __retarget_lock_acquire_recursive
 .text.__retarget_lock_release_recursive
                0x000000000800341e        0x2 /Applications/STM32CubeIDE.app/Contents/Eclipse/plugins/com.st.stm32cube.ide.mcu.externaltools.gnu-tools-for-stm32.10.3-2021.10.macos64_1.0.0.202111181127/tools/bin/../lib/gcc/arm-none-eabi/10.3.1/../../../../arm-none-eabi/lib/thumb/v7-m/nofp/libc_nano.a(lib_a-lock.o)
                0x000000000800341e                __retarget_lock_release_recursive
 *(.glue_7)
 .glue_7        0x0000000008003420        0x0 linker stubs
 *(.glue_7t)
 .glue_7t       0x0000000008003420        0x0 linker stubs
 *(.eh_frame)
 .eh_frame      0x0000000008003420        0x0 /Applications/STM32CubeIDE.app/Contents/Eclipse/plugins/com.st.stm32cube.ide.mcu.externaltools.gnu-tools-for-stm32.10.3-2021.10.macos64_1.0.0.202111181127/tools/bin/../lib/gcc/arm-none-eabi/10.3.1/thumb/v7-m/nofp/crtbegin.o
 *(.init)
 .init          0x0000000008003420        0x4 /Applications/STM32CubeIDE.app/Contents/Eclipse/plugins/com.st.stm32cube.ide.mcu.externaltools.gnu-tools-for-stm32.10.3-2021.10.macos64_1.0.0.202111181127/tools/bin/../lib/gcc/arm-none-eabi/10.3.1/thumb/v7-m/nofp/crti.o
                0x0000000008003420                _init
 .init          0x0000000008003424        0x8 /Applications/STM32CubeIDE.app/Contents/Eclipse/plugins/com.st.stm32cube.ide.mcu.externaltools.gnu-tools-for-stm32.10.3-2021.10.macos64_1.0.0.202111181127/tools/bin/../lib/gcc/arm-none-eabi/10.3.1/thumb/v7-m/nofp/crtn.o
 *(.fini)
 .fini          0x000000000800342c        0x4 /Applications/STM32CubeIDE.app/Contents/Eclipse/plugins/com.st.stm32cube.ide.mcu.externaltools.gnu-tools-for-stm32.10.3-2021.10.macos64_1.0.0.202111181127/tools/bin/../lib/gcc/arm-none-eabi/10.3.1/thumb/v7-m/nofp/crti.o
                0x000000000800342c                _fini
 .fini          0x0000000008003430        0x8 /Applications/STM32CubeIDE.app/Contents/Eclipse/plugins/com.st.stm32cube.ide.mcu.externaltools.gnu-tools-for-stm32.10.3-2021.10.macos64_1.0.0.202111181127/tools/bin/../lib/gcc/arm-none-eabi/10.3.1/thumb/v7-m/nofp/crtn.o
                0x0000000008003438                . = ALIGN (0x4)
                0x0000000008003438                _etext = .

.vfp11_veneer   0x0000000008003438        0x0
 .vfp11_veneer  0x0000000008003438        0x0 linker stubs

.v4_bx          0x0000000008003438        0x0
 .v4_bx         0x0000000008003438        0x0 linker stubs

.iplt           0x0000000008003438        0x0
 .iplt          0x0000000008003438        0x0 /Applications/STM32CubeIDE.app/Contents/Eclipse/plugins/com.st.stm32cube.ide.mcu.externaltools.gnu-tools-for-stm32.10.3-2021.10.macos64_1.0.0.202111181127/tools/bin/../lib/gcc/arm-none-eabi/10.3.1/thumb/v7-m/nofp/crtbegin.o

.rodata         0x0000000008003438      0x778
                0x0000000008003438                . = ALIGN (0x4)
 *(.rodata)
 .rodata        0x0000000008003438      0x6ef ./Core/Src/ESP_DATA_HANDLER.o
 *fill*         0x0000000008003b27        0x1 
 .rodata        0x0000000008003b28       0x28 ./Core/Src/main.o
 *(.rodata*)
 .rodata.AHBPrescTable
                0x0000000008003b50       0x10 ./Core/Src/system_stm32f1xx.o
                0x0000000008003b50                AHBPrescTable
 .rodata.APBPrescTable
                0x0000000008003b60        0x8 ./Core/Src/system_stm32f1xx.o
                0x0000000008003b60                APBPrescTable
 .rodata.aPLLMULFactorTable.1
                0x0000000008003b68       0x10 ./Drivers/STM32F1xx_HAL_Driver/Src/stm32f1xx_hal_rcc.o
 .rodata.aPredivFactorTable.0
                0x0000000008003b78        0x2 ./Drivers/STM32F1xx_HAL_Driver/Src/stm32f1xx_hal_rcc.o
 .rodata._svfprintf_r.str1.1
                0x0000000008003b7a       0x11 /Applications/STM32CubeIDE.app/Contents/Eclipse/plugins/com.st.stm32cube.ide.mcu.externaltools.gnu-tools-for-stm32.10.3-2021.10.macos64_1.0.0.202111181127/tools/bin/../lib/gcc/arm-none-eabi/10.3.1/../../../../arm-none-eabi/lib/thumb/v7-m/nofp/libc_nano.a(lib_a-nano-svfprintf.o)
 .rodata._printf_i.str1.1
                0x0000000008003b8b       0x22 /Applications/STM32CubeIDE.app/Contents/Eclipse/plugins/com.st.stm32cube.ide.mcu.externaltools.gnu-tools-for-stm32.10.3-2021.10.macos64_1.0.0.202111181127/tools/bin/../lib/gcc/arm-none-eabi/10.3.1/../../../../arm-none-eabi/lib/thumb/v7-m/nofp/libc_nano.a(lib_a-nano-vfprintf_i.o)
                0x0000000008003bb0                . = ALIGN (0x4)
 *fill*         0x0000000008003bad        0x3 

.rel.dyn        0x0000000008003bb0        0x0
 .rel.iplt      0x0000000008003bb0        0x0 /Applications/STM32CubeIDE.app/Contents/Eclipse/plugins/com.st.stm32cube.ide.mcu.externaltools.gnu-tools-for-stm32.10.3-2021.10.macos64_1.0.0.202111181127/tools/bin/../lib/gcc/arm-none-eabi/10.3.1/thumb/v7-m/nofp/crtbegin.o

.ARM.extab      0x0000000008003bb0        0x0
                0x0000000008003bb0                . = ALIGN (0x4)
 *(.ARM.extab* .gnu.linkonce.armextab.*)
                0x0000000008003bb0                . = ALIGN (0x4)

.ARM            0x0000000008003bb0        0x0
                0x0000000008003bb0                . = ALIGN (0x4)
                0x0000000008003bb0                __exidx_start = .
 *(.ARM.exidx*)
                0x0000000008003bb0                __exidx_end = .
                0x0000000008003bb0                . = ALIGN (0x4)

.preinit_array  0x0000000008003bb0        0x0
                0x0000000008003bb0                . = ALIGN (0x4)
                0x0000000008003bb0                PROVIDE (__preinit_array_start = .)
 *(.preinit_array*)
                0x0000000008003bb0                PROVIDE (__preinit_array_end = .)
                0x0000000008003bb0                . = ALIGN (0x4)

.init_array     0x0000000008003bb0        0x4
                0x0000000008003bb0                . = ALIGN (0x4)
                0x0000000008003bb0                PROVIDE (__init_array_start = .)
 *(SORT_BY_NAME(.init_array.*))
 *(.init_array*)
 .init_array    0x0000000008003bb0        0x4 /Applications/STM32CubeIDE.app/Contents/Eclipse/plugins/com.st.stm32cube.ide.mcu.externaltools.gnu-tools-for-stm32.10.3-2021.10.macos64_1.0.0.202111181127/tools/bin/../lib/gcc/arm-none-eabi/10.3.1/thumb/v7-m/nofp/crtbegin.o
                0x0000000008003bb4                PROVIDE (__init_array_end = .)
                0x0000000008003bb4                . = ALIGN (0x4)

.fini_array     0x0000000008003bb4        0x4
                0x0000000008003bb4                . = ALIGN (0x4)
                [!provide]                        PROVIDE (__fini_array_start = .)
 *(SORT_BY_NAME(.fini_array.*))
 *(.fini_array*)
 .fini_array    0x0000000008003bb4        0x4 /Applications/STM32CubeIDE.app/Contents/Eclipse/plugins/com.st.stm32cube.ide.mcu.externaltools.gnu-tools-for-stm32.10.3-2021.10.macos64_1.0.0.202111181127/tools/bin/../lib/gcc/arm-none-eabi/10.3.1/thumb/v7-m/nofp/crtbegin.o
                [!provide]                        PROVIDE (__fini_array_end = .)
                0x0000000008003bb8                . = ALIGN (0x4)
                0x0000000008003bb8                _sidata = LOADADDR (.data)

.data           0x0000000020000000       0x84 load address 0x0000000008003bb8
                0x0000000020000000                . = ALIGN (0x4)
                0x0000000020000000                _sdata = .
 *(.data)
 *(.data*)
 .data.home     0x0000000020000000        0x4 ./Core/Src/ESP_DATA_HANDLER.o
                0x0000000020000000                home
 .data.page1    0x0000000020000004        0x4 ./Core/Src/ESP_DATA_HANDLER.o
                0x0000000020000004                page1
 .data.page2_Top
                0x0000000020000008        0x4 ./Core/Src/ESP_DATA_HANDLER.o
                0x0000000020000008                page2_Top
 .data.page2_end
                0x000000002000000c        0x4 ./Core/Src/ESP_DATA_HANDLER.o
                0x000000002000000c                page2_end
 .data.table    0x0000000020000010        0x4 ./Core/Src/ESP_DATA_HANDLER.o
                0x0000000020000010                table
 .data.SystemCoreClock
                0x0000000020000014        0x4 ./Core/Src/system_stm32f1xx.o
                0x0000000020000014                SystemCoreClock
 .data.uwTickPrio
                0x0000000020000018        0x4 ./Drivers/STM32F1xx_HAL_Driver/Src/stm32f1xx_hal.o
                0x0000000020000018                uwTickPrio
 .data.uwTickFreq
                0x000000002000001c        0x1 ./Drivers/STM32F1xx_HAL_Driver/Src/stm32f1xx_hal.o
                0x000000002000001c                uwTickFreq
 *fill*         0x000000002000001d        0x3 
 .data._impure_ptr
                0x0000000020000020        0x4 /Applications/STM32CubeIDE.app/Contents/Eclipse/plugins/com.st.stm32cube.ide.mcu.externaltools.gnu-tools-for-stm32.10.3-2021.10.macos64_1.0.0.202111181127/tools/bin/../lib/gcc/arm-none-eabi/10.3.1/../../../../arm-none-eabi/lib/thumb/v7-m/nofp/libc_nano.a(lib_a-impure.o)
                0x0000000020000020                _impure_ptr
 .data.impure_data
                0x0000000020000024       0x60 /Applications/STM32CubeIDE.app/Contents/Eclipse/plugins/com.st.stm32cube.ide.mcu.externaltools.gnu-tools-for-stm32.10.3-2021.10.macos64_1.0.0.202111181127/tools/bin/../lib/gcc/arm-none-eabi/10.3.1/../../../../arm-none-eabi/lib/thumb/v7-m/nofp/libc_nano.a(lib_a-impure.o)
 *(.RamFunc)
 *(.RamFunc*)
                0x0000000020000084                . = ALIGN (0x4)
                0x0000000020000084                _edata = .

.igot.plt       0x0000000020000084        0x0 load address 0x0000000008003c3c
 .igot.plt      0x0000000020000084        0x0 /Applications/STM32CubeIDE.app/Contents/Eclipse/plugins/com.st.stm32cube.ide.mcu.externaltools.gnu-tools-for-stm32.10.3-2021.10.macos64_1.0.0.202111181127/tools/bin/../lib/gcc/arm-none-eabi/10.3.1/thumb/v7-m/nofp/crtbegin.o
                0x0000000020000084                . = ALIGN (0x4)

.bss            0x0000000020000084      0x2b0 load address 0x0000000008003c3c
                0x0000000020000084                _sbss = .
                0x0000000020000084                __bss_start__ = _sbss
 *(.bss)
 .bss           0x0000000020000084       0x1c /Applications/STM32CubeIDE.app/Contents/Eclipse/plugins/com.st.stm32cube.ide.mcu.externaltools.gnu-tools-for-stm32.10.3-2021.10.macos64_1.0.0.202111181127/tools/bin/../lib/gcc/arm-none-eabi/10.3.1/thumb/v7-m/nofp/crtbegin.o
 *(.bss*)
 .bss.user      0x00000000200000a0      0x14a ./Core/Src/ESP_DATA_HANDLER.o
                0x00000000200000a0                user
 *fill*         0x00000000200001ea        0x2 
 .bss.usernumber
                0x00000000200001ec        0x4 ./Core/Src/ESP_DATA_HANDLER.o
                0x00000000200001ec                usernumber
 .bss.rx_buffer
                0x00000000200001f0       0x48 ./Core/Src/UartRingbuffer.o
                0x00000000200001f0                rx_buffer
 .bss.tx_buffer
                0x0000000020000238       0x48 ./Core/Src/UartRingbuffer.o
                0x0000000020000238                tx_buffer
 .bss._rx_buffer
                0x0000000020000280        0x4 ./Core/Src/UartRingbuffer.o
                0x0000000020000280                _rx_buffer
 .bss._tx_buffer
                0x0000000020000284        0x4 ./Core/Src/UartRingbuffer.o
                0x0000000020000284                _tx_buffer
 .bss.huart3    0x0000000020000288       0x48 ./Core/Src/main.o
                0x0000000020000288                huart3
 .bss.hsram1    0x00000000200002d0       0x48 ./Core/Src/main.o
                0x00000000200002d0                hsram1
 .bss.FSMC_Initialized
                0x0000000020000318        0x4 ./Core/Src/stm32f1xx_hal_msp.o
 .bss.__sbrk_heap_end
                0x000000002000031c        0x4 ./Core/Src/sysmem.o
 .bss.uwTick    0x0000000020000320        0x4 ./Drivers/STM32F1xx_HAL_Driver/Src/stm32f1xx_hal.o
                0x0000000020000320                uwTick
 .bss.__malloc_free_list
                0x0000000020000324        0x4 /Applications/STM32CubeIDE.app/Contents/Eclipse/plugins/com.st.stm32cube.ide.mcu.externaltools.gnu-tools-for-stm32.10.3-2021.10.macos64_1.0.0.202111181127/tools/bin/../lib/gcc/arm-none-eabi/10.3.1/../../../../arm-none-eabi/lib/thumb/v7-m/nofp/libc_nano.a(lib_a-nano-mallocr.o)
                0x0000000020000324                __malloc_free_list
 .bss.__malloc_sbrk_start
                0x0000000020000328        0x4 /Applications/STM32CubeIDE.app/Contents/Eclipse/plugins/com.st.stm32cube.ide.mcu.externaltools.gnu-tools-for-stm32.10.3-2021.10.macos64_1.0.0.202111181127/tools/bin/../lib/gcc/arm-none-eabi/10.3.1/../../../../arm-none-eabi/lib/thumb/v7-m/nofp/libc_nano.a(lib_a-nano-mallocr.o)
                0x0000000020000328                __malloc_sbrk_start
 .bss.errno     0x000000002000032c        0x4 /Applications/STM32CubeIDE.app/Contents/Eclipse/plugins/com.st.stm32cube.ide.mcu.externaltools.gnu-tools-for-stm32.10.3-2021.10.macos64_1.0.0.202111181127/tools/bin/../lib/gcc/arm-none-eabi/10.3.1/../../../../arm-none-eabi/lib/thumb/v7-m/nofp/libc_nano.a(lib_a-reent.o)
                0x000000002000032c                errno
 .bss.__lock___malloc_recursive_mutex
                0x0000000020000330        0x1 /Applications/STM32CubeIDE.app/Contents/Eclipse/plugins/com.st.stm32cube.ide.mcu.externaltools.gnu-tools-for-stm32.10.3-2021.10.macos64_1.0.0.202111181127/tools/bin/../lib/gcc/arm-none-eabi/10.3.1/../../../../arm-none-eabi/lib/thumb/v7-m/nofp/libc_nano.a(lib_a-lock.o)
                0x0000000020000330                __lock___malloc_recursive_mutex
 *(COMMON)
                0x0000000020000334                . = ALIGN (0x4)
 *fill*         0x0000000020000331        0x3 
                0x0000000020000334                _ebss = .
                0x0000000020000334                __bss_end__ = _ebss

._user_heap_stack
                0x0000000020000334      0x604 load address 0x0000000008003c3c
                0x0000000020000338                . = ALIGN (0x8)
 *fill*         0x0000000020000334        0x4 
                [!provide]                        PROVIDE (end = .)
                0x0000000020000338                PROVIDE (_end = .)
                0x0000000020000538                . = (. + _Min_Heap_Size)
 *fill*         0x0000000020000338      0x200 
                0x0000000020000938                . = (. + _Min_Stack_Size)
 *fill*         0x0000000020000538      0x400 
                0x0000000020000938                . = ALIGN (0x8)

/DISCARD/
 libc.a(*)
 libm.a(*)
 libgcc.a(*)

.ARM.attributes
                0x0000000000000000       0x29
 *(.ARM.attributes)
 .ARM.attributes
                0x0000000000000000       0x1d /Applications/STM32CubeIDE.app/Contents/Eclipse/plugins/com.st.stm32cube.ide.mcu.externaltools.gnu-tools-for-stm32.10.3-2021.10.macos64_1.0.0.202111181127/tools/bin/../lib/gcc/arm-none-eabi/10.3.1/thumb/v7-m/nofp/crti.o
 .ARM.attributes
                0x000000000000001d       0x2d /Applications/STM32CubeIDE.app/Contents/Eclipse/plugins/com.st.stm32cube.ide.mcu.externaltools.gnu-tools-for-stm32.10.3-2021.10.macos64_1.0.0.202111181127/tools/bin/../lib/gcc/arm-none-eabi/10.3.1/thumb/v7-m/nofp/crtbegin.o
 .ARM.attributes
                0x000000000000004a       0x2d ./Core/Src/ESP_DATA_HANDLER.o
 .ARM.attributes
                0x0000000000000077       0x2d ./Core/Src/UartRingbuffer.o
 .ARM.attributes
                0x00000000000000a4       0x2d ./Core/Src/lcd.o
 .ARM.attributes
                0x00000000000000d1       0x2d ./Core/Src/main.o
 .ARM.attributes
                0x00000000000000fe       0x2d ./Core/Src/stm32f1xx_hal_msp.o
 .ARM.attributes
                0x000000000000012b       0x2d ./Core/Src/stm32f1xx_it.o
 .ARM.attributes
                0x0000000000000158       0x2d ./Core/Src/sysmem.o
 .ARM.attributes
                0x0000000000000185       0x2d ./Core/Src/system_stm32f1xx.o
 .ARM.attributes
                0x00000000000001b2       0x21 ./Core/Startup/startup_stm32f103vetx.o
 .ARM.attributes
                0x00000000000001d3       0x2d ./Drivers/STM32F1xx_HAL_Driver/Src/stm32f1xx_hal.o
 .ARM.attributes
                0x0000000000000200       0x2d ./Drivers/STM32F1xx_HAL_Driver/Src/stm32f1xx_hal_cortex.o
 .ARM.attributes
                0x000000000000022d       0x2d ./Drivers/STM32F1xx_HAL_Driver/Src/stm32f1xx_hal_gpio.o
 .ARM.attributes
                0x000000000000025a       0x2d ./Drivers/STM32F1xx_HAL_Driver/Src/stm32f1xx_hal_rcc.o
 .ARM.attributes
                0x0000000000000287       0x2d ./Drivers/STM32F1xx_HAL_Driver/Src/stm32f1xx_hal_sram.o
 .ARM.attributes
                0x00000000000002b4       0x2d ./Drivers/STM32F1xx_HAL_Driver/Src/stm32f1xx_hal_uart.o
 .ARM.attributes
                0x00000000000002e1       0x2d ./Drivers/STM32F1xx_HAL_Driver/Src/stm32f1xx_ll_fsmc.o
 .ARM.attributes
                0x000000000000030e       0x2d /Applications/STM32CubeIDE.app/Contents/Eclipse/plugins/com.st.stm32cube.ide.mcu.externaltools.gnu-tools-for-stm32.10.3-2021.10.macos64_1.0.0.202111181127/tools/bin/../lib/gcc/arm-none-eabi/10.3.1/../../../../arm-none-eabi/lib/thumb/v7-m/nofp/libc_nano.a(lib_a-errno.o)
 .ARM.attributes
                0x000000000000033b       0x2d /Applications/STM32CubeIDE.app/Contents/Eclipse/plugins/com.st.stm32cube.ide.mcu.externaltools.gnu-tools-for-stm32.10.3-2021.10.macos64_1.0.0.202111181127/tools/bin/../lib/gcc/arm-none-eabi/10.3.1/../../../../arm-none-eabi/lib/thumb/v7-m/nofp/libc_nano.a(lib_a-impure.o)
 .ARM.attributes
                0x0000000000000368       0x2d /Applications/STM32CubeIDE.app/Contents/Eclipse/plugins/com.st.stm32cube.ide.mcu.externaltools.gnu-tools-for-stm32.10.3-2021.10.macos64_1.0.0.202111181127/tools/bin/../lib/gcc/arm-none-eabi/10.3.1/../../../../arm-none-eabi/lib/thumb/v7-m/nofp/libc_nano.a(lib_a-init.o)
 .ARM.attributes
                0x0000000000000395       0x2d /Applications/STM32CubeIDE.app/Contents/Eclipse/plugins/com.st.stm32cube.ide.mcu.externaltools.gnu-tools-for-stm32.10.3-2021.10.macos64_1.0.0.202111181127/tools/bin/../lib/gcc/arm-none-eabi/10.3.1/../../../../arm-none-eabi/lib/thumb/v7-m/nofp/libc_nano.a(lib_a-memset.o)
 .ARM.attributes
                0x00000000000003c2       0x2d /Applications/STM32CubeIDE.app/Contents/Eclipse/plugins/com.st.stm32cube.ide.mcu.externaltools.gnu-tools-for-stm32.10.3-2021.10.macos64_1.0.0.202111181127/tools/bin/../lib/gcc/arm-none-eabi/10.3.1/../../../../arm-none-eabi/lib/thumb/v7-m/nofp/libc_nano.a(lib_a-sprintf.o)
 .ARM.attributes
                0x00000000000003ef       0x2d /Applications/STM32CubeIDE.app/Contents/Eclipse/plugins/com.st.stm32cube.ide.mcu.externaltools.gnu-tools-for-stm32.10.3-2021.10.macos64_1.0.0.202111181127/tools/bin/../lib/gcc/arm-none-eabi/10.3.1/../../../../arm-none-eabi/lib/thumb/v7-m/nofp/libc_nano.a(lib_a-strcat.o)
 .ARM.attributes
                0x000000000000041c       0x1b /Applications/STM32CubeIDE.app/Contents/Eclipse/plugins/com.st.stm32cube.ide.mcu.externaltools.gnu-tools-for-stm32.10.3-2021.10.macos64_1.0.0.202111181127/tools/bin/../lib/gcc/arm-none-eabi/10.3.1/../../../../arm-none-eabi/lib/thumb/v7-m/nofp/libc_nano.a(lib_a-strcmp.o)
 .ARM.attributes
                0x0000000000000437       0x17 /Applications/STM32CubeIDE.app/Contents/Eclipse/plugins/com.st.stm32cube.ide.mcu.externaltools.gnu-tools-for-stm32.10.3-2021.10.macos64_1.0.0.202111181127/tools/bin/../lib/gcc/arm-none-eabi/10.3.1/../../../../arm-none-eabi/lib/thumb/v7-m/nofp/libc_nano.a(lib_a-strlen.o)
 .ARM.attributes
                0x000000000000044e       0x2d /Applications/STM32CubeIDE.app/Contents/Eclipse/plugins/com.st.stm32cube.ide.mcu.externaltools.gnu-tools-for-stm32.10.3-2021.10.macos64_1.0.0.202111181127/tools/bin/../lib/gcc/arm-none-eabi/10.3.1/../../../../arm-none-eabi/lib/thumb/v7-m/nofp/libc_nano.a(lib_a-nano-svfprintf.o)
 .ARM.attributes
                0x000000000000047b       0x2d /Applications/STM32CubeIDE.app/Contents/Eclipse/plugins/com.st.stm32cube.ide.mcu.externaltools.gnu-tools-for-stm32.10.3-2021.10.macos64_1.0.0.202111181127/tools/bin/../lib/gcc/arm-none-eabi/10.3.1/../../../../arm-none-eabi/lib/thumb/v7-m/nofp/libc_nano.a(lib_a-nano-vfprintf_i.o)
 .ARM.attributes
                0x00000000000004a8       0x2d /Applications/STM32CubeIDE.app/Contents/Eclipse/plugins/com.st.stm32cube.ide.mcu.externaltools.gnu-tools-for-stm32.10.3-2021.10.macos64_1.0.0.202111181127/tools/bin/../lib/gcc/arm-none-eabi/10.3.1/../../../../arm-none-eabi/lib/thumb/v7-m/nofp/libc_nano.a(lib_a-memchr-stub.o)
 .ARM.attributes
                0x00000000000004d5       0x2d /Applications/STM32CubeIDE.app/Contents/Eclipse/plugins/com.st.stm32cube.ide.mcu.externaltools.gnu-tools-for-stm32.10.3-2021.10.macos64_1.0.0.202111181127/tools/bin/../lib/gcc/arm-none-eabi/10.3.1/../../../../arm-none-eabi/lib/thumb/v7-m/nofp/libc_nano.a(lib_a-memcpy-stub.o)
 .ARM.attributes
                0x0000000000000502       0x2d /Applications/STM32CubeIDE.app/Contents/Eclipse/plugins/com.st.stm32cube.ide.mcu.externaltools.gnu-tools-for-stm32.10.3-2021.10.macos64_1.0.0.202111181127/tools/bin/../lib/gcc/arm-none-eabi/10.3.1/../../../../arm-none-eabi/lib/thumb/v7-m/nofp/libc_nano.a(lib_a-memmove.o)
 .ARM.attributes
                0x000000000000052f       0x2d /Applications/STM32CubeIDE.app/Contents/Eclipse/plugins/com.st.stm32cube.ide.mcu.externaltools.gnu-tools-for-stm32.10.3-2021.10.macos64_1.0.0.202111181127/tools/bin/../lib/gcc/arm-none-eabi/10.3.1/../../../../arm-none-eabi/lib/thumb/v7-m/nofp/libc_nano.a(lib_a-nano-freer.o)
 .ARM.attributes
                0x000000000000055c       0x2d /Applications/STM32CubeIDE.app/Contents/Eclipse/plugins/com.st.stm32cube.ide.mcu.externaltools.gnu-tools-for-stm32.10.3-2021.10.macos64_1.0.0.202111181127/tools/bin/../lib/gcc/arm-none-eabi/10.3.1/../../../../arm-none-eabi/lib/thumb/v7-m/nofp/libc_nano.a(lib_a-nano-mallocr.o)
 .ARM.attributes
                0x0000000000000589       0x2d /Applications/STM32CubeIDE.app/Contents/Eclipse/plugins/com.st.stm32cube.ide.mcu.externaltools.gnu-tools-for-stm32.10.3-2021.10.macos64_1.0.0.202111181127/tools/bin/../lib/gcc/arm-none-eabi/10.3.1/../../../../arm-none-eabi/lib/thumb/v7-m/nofp/libc_nano.a(lib_a-nano-reallocr.o)
 .ARM.attributes
                0x00000000000005b6       0x2d /Applications/STM32CubeIDE.app/Contents/Eclipse/plugins/com.st.stm32cube.ide.mcu.externaltools.gnu-tools-for-stm32.10.3-2021.10.macos64_1.0.0.202111181127/tools/bin/../lib/gcc/arm-none-eabi/10.3.1/../../../../arm-none-eabi/lib/thumb/v7-m/nofp/libc_nano.a(lib_a-sbrkr.o)
 .ARM.attributes
                0x00000000000005e3       0x2d /Applications/STM32CubeIDE.app/Contents/Eclipse/plugins/com.st.stm32cube.ide.mcu.externaltools.gnu-tools-for-stm32.10.3-2021.10.macos64_1.0.0.202111181127/tools/bin/../lib/gcc/arm-none-eabi/10.3.1/../../../../arm-none-eabi/lib/thumb/v7-m/nofp/libc_nano.a(lib_a-mlock.o)
 .ARM.attributes
                0x0000000000000610       0x2d /Applications/STM32CubeIDE.app/Contents/Eclipse/plugins/com.st.stm32cube.ide.mcu.externaltools.gnu-tools-for-stm32.10.3-2021.10.macos64_1.0.0.202111181127/tools/bin/../lib/gcc/arm-none-eabi/10.3.1/../../../../arm-none-eabi/lib/thumb/v7-m/nofp/libc_nano.a(lib_a-nano-msizer.o)
 .ARM.attributes
                0x000000000000063d       0x2d /Applications/STM32CubeIDE.app/Contents/Eclipse/plugins/com.st.stm32cube.ide.mcu.externaltools.gnu-tools-for-stm32.10.3-2021.10.macos64_1.0.0.202111181127/tools/bin/../lib/gcc/arm-none-eabi/10.3.1/../../../../arm-none-eabi/lib/thumb/v7-m/nofp/libc_nano.a(lib_a-reent.o)
 .ARM.attributes
                0x000000000000066a       0x2d /Applications/STM32CubeIDE.app/Contents/Eclipse/plugins/com.st.stm32cube.ide.mcu.externaltools.gnu-tools-for-stm32.10.3-2021.10.macos64_1.0.0.202111181127/tools/bin/../lib/gcc/arm-none-eabi/10.3.1/../../../../arm-none-eabi/lib/thumb/v7-m/nofp/libc_nano.a(lib_a-lock.o)
 .ARM.attributes
                0x0000000000000697       0x1d /Applications/STM32CubeIDE.app/Contents/Eclipse/plugins/com.st.stm32cube.ide.mcu.externaltools.gnu-tools-for-stm32.10.3-2021.10.macos64_1.0.0.202111181127/tools/bin/../lib/gcc/arm-none-eabi/10.3.1/thumb/v7-m/nofp/crtn.o
OUTPUT(ELEC3300_project.elf elf32-littlearm)
LOAD linker stubs
LOAD /Applications/STM32CubeIDE.app/Contents/Eclipse/plugins/com.st.stm32cube.ide.mcu.externaltools.gnu-tools-for-stm32.10.3-2021.10.macos64_1.0.0.202111181127/tools/bin/../lib/gcc/arm-none-eabi/10.3.1/../../../../arm-none-eabi/lib/thumb/v7-m/nofp/libc.a
LOAD /Applications/STM32CubeIDE.app/Contents/Eclipse/plugins/com.st.stm32cube.ide.mcu.externaltools.gnu-tools-for-stm32.10.3-2021.10.macos64_1.0.0.202111181127/tools/bin/../lib/gcc/arm-none-eabi/10.3.1/../../../../arm-none-eabi/lib/thumb/v7-m/nofp/libm.a
LOAD /Applications/STM32CubeIDE.app/Contents/Eclipse/plugins/com.st.stm32cube.ide.mcu.externaltools.gnu-tools-for-stm32.10.3-2021.10.macos64_1.0.0.202111181127/tools/bin/../lib/gcc/arm-none-eabi/10.3.1/thumb/v7-m/nofp/libgcc.a

.debug_info     0x0000000000000000     0xa735
 .debug_info    0x0000000000000000      0x4f2 ./Core/Src/ESP_DATA_HANDLER.o
 .debug_info    0x00000000000004f2      0xb2b ./Core/Src/UartRingbuffer.o
 .debug_info    0x000000000000101d      0x790 ./Core/Src/lcd.o
 .debug_info    0x00000000000017ad      0xd9e ./Core/Src/main.o
 .debug_info    0x000000000000254b      0xd20 ./Core/Src/stm32f1xx_hal_msp.o
 .debug_info    0x000000000000326b      0x63b ./Core/Src/stm32f1xx_it.o
 .debug_info    0x00000000000038a6      0x171 ./Core/Src/sysmem.o
 .debug_info    0x0000000000003a17      0x23d ./Core/Src/system_stm32f1xx.o
 .debug_info    0x0000000000003c54       0x22 ./Core/Startup/startup_stm32f103vetx.o
 .debug_info    0x0000000000003c76      0x79a ./Drivers/STM32F1xx_HAL_Driver/Src/stm32f1xx_hal.o
 .debug_info    0x0000000000004410      0xb86 ./Drivers/STM32F1xx_HAL_Driver/Src/stm32f1xx_hal_cortex.o
 .debug_info    0x0000000000004f96      0x615 ./Drivers/STM32F1xx_HAL_Driver/Src/stm32f1xx_hal_gpio.o
 .debug_info    0x00000000000055ab      0x865 ./Drivers/STM32F1xx_HAL_Driver/Src/stm32f1xx_hal_rcc.o
 .debug_info    0x0000000000005e10      0xd6b ./Drivers/STM32F1xx_HAL_Driver/Src/stm32f1xx_hal_sram.o
 .debug_info    0x0000000000006b7b     0x31b2 ./Drivers/STM32F1xx_HAL_Driver/Src/stm32f1xx_hal_uart.o
 .debug_info    0x0000000000009d2d      0xa08 ./Drivers/STM32F1xx_HAL_Driver/Src/stm32f1xx_ll_fsmc.o

.debug_abbrev   0x0000000000000000     0x1e89
 .debug_abbrev  0x0000000000000000      0x1b0 ./Core/Src/ESP_DATA_HANDLER.o
 .debug_abbrev  0x00000000000001b0      0x317 ./Core/Src/UartRingbuffer.o
 .debug_abbrev  0x00000000000004c7      0x218 ./Core/Src/lcd.o
 .debug_abbrev  0x00000000000006df      0x265 ./Core/Src/main.o
 .debug_abbrev  0x0000000000000944      0x218 ./Core/Src/stm32f1xx_hal_msp.o
 .debug_abbrev  0x0000000000000b5c      0x166 ./Core/Src/stm32f1xx_it.o
 .debug_abbrev  0x0000000000000cc2       0xbb ./Core/Src/sysmem.o
 .debug_abbrev  0x0000000000000d7d      0x13b ./Core/Src/system_stm32f1xx.o
 .debug_abbrev  0x0000000000000eb8       0x12 ./Core/Startup/startup_stm32f103vetx.o
 .debug_abbrev  0x0000000000000eca      0x1fb ./Drivers/STM32F1xx_HAL_Driver/Src/stm32f1xx_hal.o
 .debug_abbrev  0x00000000000010c5      0x2ed ./Drivers/STM32F1xx_HAL_Driver/Src/stm32f1xx_hal_cortex.o
 .debug_abbrev  0x00000000000013b2      0x1bb ./Drivers/STM32F1xx_HAL_Driver/Src/stm32f1xx_hal_gpio.o
 .debug_abbrev  0x000000000000156d      0x2a8 ./Drivers/STM32F1xx_HAL_Driver/Src/stm32f1xx_hal_rcc.o
 .debug_abbrev  0x0000000000001815      0x1ff ./Drivers/STM32F1xx_HAL_Driver/Src/stm32f1xx_hal_sram.o
 .debug_abbrev  0x0000000000001a14      0x2df ./Drivers/STM32F1xx_HAL_Driver/Src/stm32f1xx_hal_uart.o
 .debug_abbrev  0x0000000000001cf3      0x196 ./Drivers/STM32F1xx_HAL_Driver/Src/stm32f1xx_ll_fsmc.o

.debug_aranges  0x0000000000000000      0x918
 .debug_aranges
                0x0000000000000000       0x40 ./Core/Src/ESP_DATA_HANDLER.o
 .debug_aranges
                0x0000000000000040       0x90 ./Core/Src/UartRingbuffer.o
 .debug_aranges
                0x00000000000000d0       0xa8 ./Core/Src/lcd.o
 .debug_aranges
                0x0000000000000178       0x48 ./Core/Src/main.o
 .debug_aranges
                0x00000000000001c0       0x50 ./Core/Src/stm32f1xx_hal_msp.o
 .debug_aranges
                0x0000000000000210       0x68 ./Core/Src/stm32f1xx_it.o
 .debug_aranges
                0x0000000000000278       0x20 ./Core/Src/sysmem.o
 .debug_aranges
                0x0000000000000298       0x28 ./Core/Src/system_stm32f1xx.o
 .debug_aranges
                0x00000000000002c0       0x28 ./Core/Startup/startup_stm32f103vetx.o
 .debug_aranges
                0x00000000000002e8       0xe0 ./Drivers/STM32F1xx_HAL_Driver/Src/stm32f1xx_hal.o
 .debug_aranges
                0x00000000000003c8      0x100 ./Drivers/STM32F1xx_HAL_Driver/Src/stm32f1xx_hal_cortex.o
 .debug_aranges
                0x00000000000004c8       0x58 ./Drivers/STM32F1xx_HAL_Driver/Src/stm32f1xx_hal_gpio.o
 .debug_aranges
                0x0000000000000520       0x90 ./Drivers/STM32F1xx_HAL_Driver/Src/stm32f1xx_hal_rcc.o
 .debug_aranges
                0x00000000000005b0       0xb8 ./Drivers/STM32F1xx_HAL_Driver/Src/stm32f1xx_hal_sram.o
 .debug_aranges
                0x0000000000000668      0x208 ./Drivers/STM32F1xx_HAL_Driver/Src/stm32f1xx_hal_uart.o
 .debug_aranges
                0x0000000000000870       0xa8 ./Drivers/STM32F1xx_HAL_Driver/Src/stm32f1xx_ll_fsmc.o

.debug_ranges   0x0000000000000000      0x868
 .debug_ranges  0x0000000000000000       0x30 ./Core/Src/ESP_DATA_HANDLER.o
 .debug_ranges  0x0000000000000030       0x98 ./Core/Src/UartRingbuffer.o
 .debug_ranges  0x00000000000000c8       0x98 ./Core/Src/lcd.o
 .debug_ranges  0x0000000000000160       0x38 ./Core/Src/main.o
 .debug_ranges  0x0000000000000198       0x40 ./Core/Src/stm32f1xx_hal_msp.o
 .debug_ranges  0x00000000000001d8       0x58 ./Core/Src/stm32f1xx_it.o
 .debug_ranges  0x0000000000000230       0x10 ./Core/Src/sysmem.o
 .debug_ranges  0x0000000000000240       0x18 ./Core/Src/system_stm32f1xx.o
 .debug_ranges  0x0000000000000258       0x20 ./Core/Startup/startup_stm32f103vetx.o
 .debug_ranges  0x0000000000000278       0xd0 ./Drivers/STM32F1xx_HAL_Driver/Src/stm32f1xx_hal.o
 .debug_ranges  0x0000000000000348       0xf0 ./Drivers/STM32F1xx_HAL_Driver/Src/stm32f1xx_hal_cortex.o
 .debug_ranges  0x0000000000000438       0x48 ./Drivers/STM32F1xx_HAL_Driver/Src/stm32f1xx_hal_gpio.o
 .debug_ranges  0x0000000000000480       0x80 ./Drivers/STM32F1xx_HAL_Driver/Src/stm32f1xx_hal_rcc.o
 .debug_ranges  0x0000000000000500       0xa8 ./Drivers/STM32F1xx_HAL_Driver/Src/stm32f1xx_hal_sram.o
 .debug_ranges  0x00000000000005a8      0x228 ./Drivers/STM32F1xx_HAL_Driver/Src/stm32f1xx_hal_uart.o
 .debug_ranges  0x00000000000007d0       0x98 ./Drivers/STM32F1xx_HAL_Driver/Src/stm32f1xx_ll_fsmc.o

.debug_macro    0x0000000000000000    0x19c56
 .debug_macro   0x0000000000000000      0x35d ./Core/Src/ESP_DATA_HANDLER.o
 .debug_macro   0x000000000000035d      0xa6c ./Core/Src/ESP_DATA_HANDLER.o
 .debug_macro   0x0000000000000dc9      0x21b ./Core/Src/ESP_DATA_HANDLER.o
 .debug_macro   0x0000000000000fe4       0x2e ./Core/Src/ESP_DATA_HANDLER.o
 .debug_macro   0x0000000000001012       0x22 ./Core/Src/ESP_DATA_HANDLER.o
 .debug_macro   0x0000000000001034       0x22 ./Core/Src/ESP_DATA_HANDLER.o
 .debug_macro   0x0000000000001056       0x8e ./Core/Src/ESP_DATA_HANDLER.o
 .debug_macro   0x00000000000010e4       0x51 ./Core/Src/ESP_DATA_HANDLER.o
 .debug_macro   0x0000000000001135      0x103 ./Core/Src/ESP_DATA_HANDLER.o
 .debug_macro   0x0000000000001238       0x6a ./Core/Src/ESP_DATA_HANDLER.o
 .debug_macro   0x00000000000012a2      0x1df ./Core/Src/ESP_DATA_HANDLER.o
 .debug_macro   0x0000000000001481       0x1c ./Core/Src/ESP_DATA_HANDLER.o
 .debug_macro   0x000000000000149d       0x22 ./Core/Src/ESP_DATA_HANDLER.o
 .debug_macro   0x00000000000014bf       0xbd ./Core/Src/ESP_DATA_HANDLER.o
 .debug_macro   0x000000000000157c      0xd23 ./Core/Src/ESP_DATA_HANDLER.o
 .debug_macro   0x000000000000229f     0xfd8c ./Core/Src/ESP_DATA_HANDLER.o
 .debug_macro   0x000000000001202b       0x6d ./Core/Src/ESP_DATA_HANDLER.o
 .debug_macro   0x0000000000012098     0x348d ./Core/Src/ESP_DATA_HANDLER.o
 .debug_macro   0x0000000000015525      0x174 ./Core/Src/ESP_DATA_HANDLER.o
 .debug_macro   0x0000000000015699       0x5c ./Core/Src/ESP_DATA_HANDLER.o
 .debug_macro   0x00000000000156f5      0x5bc ./Core/Src/ESP_DATA_HANDLER.o
 .debug_macro   0x0000000000015cb1      0x4d5 ./Core/Src/ESP_DATA_HANDLER.o
 .debug_macro   0x0000000000016186      0x1cb ./Core/Src/ESP_DATA_HANDLER.o
 .debug_macro   0x0000000000016351      0x114 ./Core/Src/ESP_DATA_HANDLER.o
 .debug_macro   0x0000000000016465      0x1ea ./Core/Src/ESP_DATA_HANDLER.o
 .debug_macro   0x000000000001664f       0x27 ./Core/Src/ESP_DATA_HANDLER.o
 .debug_macro   0x0000000000016676      0x144 ./Core/Src/ESP_DATA_HANDLER.o
 .debug_macro   0x00000000000167ba      0x1bc ./Core/Src/ESP_DATA_HANDLER.o
 .debug_macro   0x0000000000016976       0x30 ./Core/Src/ESP_DATA_HANDLER.o
 .debug_macro   0x00000000000169a6       0x3c ./Core/Src/ESP_DATA_HANDLER.o
 .debug_macro   0x00000000000169e2       0x57 ./Core/Src/ESP_DATA_HANDLER.o
 .debug_macro   0x0000000000016a39       0x87 ./Core/Src/ESP_DATA_HANDLER.o
 .debug_macro   0x0000000000016ac0      0x24f ./Core/Src/ESP_DATA_HANDLER.o
 .debug_macro   0x0000000000016d0f      0x356 ./Core/Src/ESP_DATA_HANDLER.o
 .debug_macro   0x0000000000017065      0x140 ./Core/Src/ESP_DATA_HANDLER.o
 .debug_macro   0x00000000000171a5      0x28e ./Core/Src/ESP_DATA_HANDLER.o
 .debug_macro   0x0000000000017433       0xb5 ./Core/Src/ESP_DATA_HANDLER.o
 .debug_macro   0x00000000000174e8       0x52 ./Core/Src/ESP_DATA_HANDLER.o
 .debug_macro   0x000000000001753a       0x18 ./Core/Src/ESP_DATA_HANDLER.o
 .debug_macro   0x0000000000017552       0x3c ./Core/Src/ESP_DATA_HANDLER.o
 .debug_macro   0x000000000001758e       0x34 ./Core/Src/ESP_DATA_HANDLER.o
 .debug_macro   0x00000000000175c2       0x16 ./Core/Src/ESP_DATA_HANDLER.o
 .debug_macro   0x00000000000175d8       0x35 ./Core/Src/ESP_DATA_HANDLER.o
 .debug_macro   0x000000000001760d      0x341 ./Core/Src/ESP_DATA_HANDLER.o
 .debug_macro   0x000000000001794e       0x10 ./Core/Src/ESP_DATA_HANDLER.o
 .debug_macro   0x000000000001795e       0x16 ./Core/Src/ESP_DATA_HANDLER.o
 .debug_macro   0x0000000000017974       0x43 ./Core/Src/ESP_DATA_HANDLER.o
 .debug_macro   0x00000000000179b7       0x34 ./Core/Src/ESP_DATA_HANDLER.o
 .debug_macro   0x00000000000179eb       0x10 ./Core/Src/ESP_DATA_HANDLER.o
 .debug_macro   0x00000000000179fb       0x58 ./Core/Src/ESP_DATA_HANDLER.o
 .debug_macro   0x0000000000017a53       0x71 ./Core/Src/ESP_DATA_HANDLER.o
 .debug_macro   0x0000000000017ac4       0x1c ./Core/Src/ESP_DATA_HANDLER.o
 .debug_macro   0x0000000000017ae0      0x12a ./Core/Src/ESP_DATA_HANDLER.o
 .debug_macro   0x0000000000017c0a       0x10 ./Core/Src/ESP_DATA_HANDLER.o
 .debug_macro   0x0000000000017c1a       0x1c ./Core/Src/ESP_DATA_HANDLER.o
 .debug_macro   0x0000000000017c36       0x52 ./Core/Src/ESP_DATA_HANDLER.o
 .debug_macro   0x0000000000017c88       0x22 ./Core/Src/ESP_DATA_HANDLER.o
 .debug_macro   0x0000000000017caa       0x10 ./Core/Src/ESP_DATA_HANDLER.o
 .debug_macro   0x0000000000017cba       0x52 ./Core/Src/ESP_DATA_HANDLER.o
 .debug_macro   0x0000000000017d0c       0xd5 ./Core/Src/ESP_DATA_HANDLER.o
 .debug_macro   0x0000000000017de1       0x1c ./Core/Src/ESP_DATA_HANDLER.o
 .debug_macro   0x0000000000017dfd       0x3d ./Core/Src/ESP_DATA_HANDLER.o
 .debug_macro   0x0000000000017e3a       0x16 ./Core/Src/ESP_DATA_HANDLER.o
 .debug_macro   0x0000000000017e50      0x145 ./Core/Src/ESP_DATA_HANDLER.o
 .debug_macro   0x0000000000017f95       0x16 ./Core/Src/ESP_DATA_HANDLER.o
 .debug_macro   0x0000000000017fab       0x20 ./Core/Src/ESP_DATA_HANDLER.o
 .debug_macro   0x0000000000017fcb      0x28c ./Core/Src/UartRingbuffer.o
 .debug_macro   0x0000000000018257       0x10 ./Core/Src/UartRingbuffer.o
 .debug_macro   0x0000000000018267      0x1c1 ./Core/Src/lcd.o
 .debug_macro   0x0000000000018428       0xd0 ./Core/Src/lcd.o
 .debug_macro   0x00000000000184f8      0x1c5 ./Core/Src/main.o
 .debug_macro   0x00000000000186bd       0xd6 ./Core/Src/main.o
 .debug_macro   0x0000000000018793      0x1b2 ./Core/Src/stm32f1xx_hal_msp.o
 .debug_macro   0x0000000000018945      0x1bc ./Core/Src/stm32f1xx_it.o
 .debug_macro   0x0000000000018b01       0xff ./Core/Src/sysmem.o
 .debug_macro   0x0000000000018c00      0x23b ./Core/Src/sysmem.o
 .debug_macro   0x0000000000018e3b      0x1a8 ./Core/Src/system_stm32f1xx.o
 .debug_macro   0x0000000000018fe3      0x1cc ./Drivers/STM32F1xx_HAL_Driver/Src/stm32f1xx_hal.o
 .debug_macro   0x00000000000191af      0x1a8 ./Drivers/STM32F1xx_HAL_Driver/Src/stm32f1xx_hal_cortex.o
 .debug_macro   0x0000000000019357      0x213 ./Drivers/STM32F1xx_HAL_Driver/Src/stm32f1xx_hal_gpio.o
 .debug_macro   0x000000000001956a      0x1ba ./Drivers/STM32F1xx_HAL_Driver/Src/stm32f1xx_hal_rcc.o
 .debug_macro   0x0000000000019724      0x1a8 ./Drivers/STM32F1xx_HAL_Driver/Src/stm32f1xx_hal_sram.o
 .debug_macro   0x00000000000198cc      0x1a9 ./Drivers/STM32F1xx_HAL_Driver/Src/stm32f1xx_hal_uart.o
 .debug_macro   0x0000000000019a75      0x1e1 ./Drivers/STM32F1xx_HAL_Driver/Src/stm32f1xx_ll_fsmc.o

.debug_line     0x0000000000000000     0xb1f4
 .debug_line    0x0000000000000000      0xafa ./Core/Src/ESP_DATA_HANDLER.o
 .debug_line    0x0000000000000afa      0xdc0 ./Core/Src/UartRingbuffer.o
 .debug_line    0x00000000000018ba      0xac7 ./Core/Src/lcd.o
 .debug_line    0x0000000000002381      0x800 ./Core/Src/main.o
 .debug_line    0x0000000000002b81      0x793 ./Core/Src/stm32f1xx_hal_msp.o
 .debug_line    0x0000000000003314      0x776 ./Core/Src/stm32f1xx_it.o
 .debug_line    0x0000000000003a8a      0x521 ./Core/Src/sysmem.o
 .debug_line    0x0000000000003fab      0x71a ./Core/Src/system_stm32f1xx.o
 .debug_line    0x00000000000046c5       0x87 ./Core/Startup/startup_stm32f103vetx.o
 .debug_line    0x000000000000474c      0x947 ./Drivers/STM32F1xx_HAL_Driver/Src/stm32f1xx_hal.o
 .debug_line    0x0000000000005093      0xb2f ./Drivers/STM32F1xx_HAL_Driver/Src/stm32f1xx_hal_cortex.o
 .debug_line    0x0000000000005bc2      0xa08 ./Drivers/STM32F1xx_HAL_Driver/Src/stm32f1xx_hal_gpio.o
 .debug_line    0x00000000000065ca      0xd53 ./Drivers/STM32F1xx_HAL_Driver/Src/stm32f1xx_hal_rcc.o
 .debug_line    0x000000000000731d      0xcba ./Drivers/STM32F1xx_HAL_Driver/Src/stm32f1xx_hal_sram.o
 .debug_line    0x0000000000007fd7     0x2878 ./Drivers/STM32F1xx_HAL_Driver/Src/stm32f1xx_hal_uart.o
 .debug_line    0x000000000000a84f      0x9a5 ./Drivers/STM32F1xx_HAL_Driver/Src/stm32f1xx_ll_fsmc.o

.debug_str      0x0000000000000000    0x93ecb
 .debug_str     0x0000000000000000    0x9094e ./Core/Src/ESP_DATA_HANDLER.o
                                      0x90d69 (size before relaxing)
 .debug_str     0x000000000009094e      0x508 ./Core/Src/UartRingbuffer.o
                                      0x90223 (size before relaxing)
 .debug_str     0x0000000000090e56      0x5f3 ./Core/Src/lcd.o
                                      0x8d3d5 (size before relaxing)
 .debug_str     0x0000000000091449      0x4b6 ./Core/Src/main.o
                                      0x8da48 (size before relaxing)
 .debug_str     0x00000000000918ff      0x414 ./Core/Src/stm32f1xx_hal_msp.o
                                      0x8d8e6 (size before relaxing)
 .debug_str     0x0000000000091d13       0xdb ./Core/Src/stm32f1xx_it.o
                                      0x8d28e (size before relaxing)
 .debug_str     0x0000000000091dee      0x4da ./Core/Src/sysmem.o
                                       0x5d64 (size before relaxing)
 .debug_str     0x00000000000922c8       0x7e ./Core/Src/system_stm32f1xx.o
                                      0x8ce74 (size before relaxing)
 .debug_str     0x0000000000092346       0x36 ./Core/Startup/startup_stm32f103vetx.o
                                         0x7e (size before relaxing)
 .debug_str     0x000000000009237c      0x384 ./Drivers/STM32F1xx_HAL_Driver/Src/stm32f1xx_hal.o
                                      0x8d68b (size before relaxing)
 .debug_str     0x0000000000092700      0x28a ./Drivers/STM32F1xx_HAL_Driver/Src/stm32f1xx_hal_cortex.o
                                      0x8d5d7 (size before relaxing)
 .debug_str     0x000000000009298a      0x2e6 ./Drivers/STM32F1xx_HAL_Driver/Src/stm32f1xx_hal_gpio.o
                                      0x8d1fa (size before relaxing)
 .debug_str     0x0000000000092c70      0x229 ./Drivers/STM32F1xx_HAL_Driver/Src/stm32f1xx_hal_rcc.o
                                      0x8d2a3 (size before relaxing)
 .debug_str     0x0000000000092e99      0x2a8 ./Drivers/STM32F1xx_HAL_Driver/Src/stm32f1xx_hal_sram.o
                                      0x8d4f7 (size before relaxing)
 .debug_str     0x0000000000093141      0x643 ./Drivers/STM32F1xx_HAL_Driver/Src/stm32f1xx_hal_uart.o
                                      0x8d914 (size before relaxing)
 .debug_str     0x0000000000093784      0x747 ./Drivers/STM32F1xx_HAL_Driver/Src/stm32f1xx_ll_fsmc.o
                                      0x8d7d9 (size before relaxing)

.comment        0x0000000000000000       0x50
 .comment       0x0000000000000000       0x50 ./Core/Src/ESP_DATA_HANDLER.o
                                         0x51 (size before relaxing)
 .comment       0x0000000000000050       0x51 ./Core/Src/UartRingbuffer.o
 .comment       0x0000000000000050       0x51 ./Core/Src/lcd.o
 .comment       0x0000000000000050       0x51 ./Core/Src/main.o
 .comment       0x0000000000000050       0x51 ./Core/Src/stm32f1xx_hal_msp.o
 .comment       0x0000000000000050       0x51 ./Core/Src/stm32f1xx_it.o
 .comment       0x0000000000000050       0x51 ./Core/Src/sysmem.o
 .comment       0x0000000000000050       0x51 ./Core/Src/system_stm32f1xx.o
 .comment       0x0000000000000050       0x51 ./Drivers/STM32F1xx_HAL_Driver/Src/stm32f1xx_hal.o
 .comment       0x0000000000000050       0x51 ./Drivers/STM32F1xx_HAL_Driver/Src/stm32f1xx_hal_cortex.o
 .comment       0x0000000000000050       0x51 ./Drivers/STM32F1xx_HAL_Driver/Src/stm32f1xx_hal_gpio.o
 .comment       0x0000000000000050       0x51 ./Drivers/STM32F1xx_HAL_Driver/Src/stm32f1xx_hal_rcc.o
 .comment       0x0000000000000050       0x51 ./Drivers/STM32F1xx_HAL_Driver/Src/stm32f1xx_hal_sram.o
 .comment       0x0000000000000050       0x51 ./Drivers/STM32F1xx_HAL_Driver/Src/stm32f1xx_hal_uart.o
 .comment       0x0000000000000050       0x51 ./Drivers/STM32F1xx_HAL_Driver/Src/stm32f1xx_ll_fsmc.o

.debug_frame    0x0000000000000000     0x27d8
 .debug_frame   0x0000000000000000       0xd8 ./Core/Src/ESP_DATA_HANDLER.o
 .debug_frame   0x00000000000000d8      0x224 ./Core/Src/UartRingbuffer.o
 .debug_frame   0x00000000000002fc      0x2a0 ./Core/Src/lcd.o
 .debug_frame   0x000000000000059c       0xcc ./Core/Src/main.o
 .debug_frame   0x0000000000000668      0x108 ./Core/Src/stm32f1xx_hal_msp.o
 .debug_frame   0x0000000000000770      0x120 ./Core/Src/stm32f1xx_it.o
 .debug_frame   0x0000000000000890       0x34 ./Core/Src/sysmem.o
 .debug_frame   0x00000000000008c4       0x58 ./Core/Src/system_stm32f1xx.o
 .debug_frame   0x000000000000091c      0x334 ./Drivers/STM32F1xx_HAL_Driver/Src/stm32f1xx_hal.o
 .debug_frame   0x0000000000000c50      0x428 ./Drivers/STM32F1xx_HAL_Driver/Src/stm32f1xx_hal_cortex.o
 .debug_frame   0x0000000000001078      0x14c ./Drivers/STM32F1xx_HAL_Driver/Src/stm32f1xx_hal_gpio.o
 .debug_frame   0x00000000000011c4      0x218 ./Drivers/STM32F1xx_HAL_Driver/Src/stm32f1xx_hal_rcc.o
 .debug_frame   0x00000000000013dc      0x30c ./Drivers/STM32F1xx_HAL_Driver/Src/stm32f1xx_hal_sram.o
 .debug_frame   0x00000000000016e8      0x944 ./Drivers/STM32F1xx_HAL_Driver/Src/stm32f1xx_hal_uart.o
 .debug_frame   0x000000000000202c      0x2dc ./Drivers/STM32F1xx_HAL_Driver/Src/stm32f1xx_ll_fsmc.o
 .debug_frame   0x0000000000002308       0x20 /Applications/STM32CubeIDE.app/Contents/Eclipse/plugins/com.st.stm32cube.ide.mcu.externaltools.gnu-tools-for-stm32.10.3-2021.10.macos64_1.0.0.202111181127/tools/bin/../lib/gcc/arm-none-eabi/10.3.1/../../../../arm-none-eabi/lib/thumb/v7-m/nofp/libc_nano.a(lib_a-errno.o)
 .debug_frame   0x0000000000002328       0x2c /Applications/STM32CubeIDE.app/Contents/Eclipse/plugins/com.st.stm32cube.ide.mcu.externaltools.gnu-tools-for-stm32.10.3-2021.10.macos64_1.0.0.202111181127/tools/bin/../lib/gcc/arm-none-eabi/10.3.1/../../../../arm-none-eabi/lib/thumb/v7-m/nofp/libc_nano.a(lib_a-init.o)
 .debug_frame   0x0000000000002354       0x20 /Applications/STM32CubeIDE.app/Contents/Eclipse/plugins/com.st.stm32cube.ide.mcu.externaltools.gnu-tools-for-stm32.10.3-2021.10.macos64_1.0.0.202111181127/tools/bin/../lib/gcc/arm-none-eabi/10.3.1/../../../../arm-none-eabi/lib/thumb/v7-m/nofp/libc_nano.a(lib_a-memset.o)
 .debug_frame   0x0000000000002374       0x6c /Applications/STM32CubeIDE.app/Contents/Eclipse/plugins/com.st.stm32cube.ide.mcu.externaltools.gnu-tools-for-stm32.10.3-2021.10.macos64_1.0.0.202111181127/tools/bin/../lib/gcc/arm-none-eabi/10.3.1/../../../../arm-none-eabi/lib/thumb/v7-m/nofp/libc_nano.a(lib_a-sprintf.o)
 .debug_frame   0x00000000000023e0       0x28 /Applications/STM32CubeIDE.app/Contents/Eclipse/plugins/com.st.stm32cube.ide.mcu.externaltools.gnu-tools-for-stm32.10.3-2021.10.macos64_1.0.0.202111181127/tools/bin/../lib/gcc/arm-none-eabi/10.3.1/../../../../arm-none-eabi/lib/thumb/v7-m/nofp/libc_nano.a(lib_a-strcat.o)
 .debug_frame   0x0000000000002408       0x20 /Applications/STM32CubeIDE.app/Contents/Eclipse/plugins/com.st.stm32cube.ide.mcu.externaltools.gnu-tools-for-stm32.10.3-2021.10.macos64_1.0.0.202111181127/tools/bin/../lib/gcc/arm-none-eabi/10.3.1/../../../../arm-none-eabi/lib/thumb/v7-m/nofp/libc_nano.a(lib_a-strcmp.o)
 .debug_frame   0x0000000000002428       0x90 /Applications/STM32CubeIDE.app/Contents/Eclipse/plugins/com.st.stm32cube.ide.mcu.externaltools.gnu-tools-for-stm32.10.3-2021.10.macos64_1.0.0.202111181127/tools/bin/../lib/gcc/arm-none-eabi/10.3.1/../../../../arm-none-eabi/lib/thumb/v7-m/nofp/libc_nano.a(lib_a-nano-svfprintf.o)
 .debug_frame   0x00000000000024b8       0x60 /Applications/STM32CubeIDE.app/Contents/Eclipse/plugins/com.st.stm32cube.ide.mcu.externaltools.gnu-tools-for-stm32.10.3-2021.10.macos64_1.0.0.202111181127/tools/bin/../lib/gcc/arm-none-eabi/10.3.1/../../../../arm-none-eabi/lib/thumb/v7-m/nofp/libc_nano.a(lib_a-nano-vfprintf_i.o)
 .debug_frame   0x0000000000002518       0x28 /Applications/STM32CubeIDE.app/Contents/Eclipse/plugins/com.st.stm32cube.ide.mcu.externaltools.gnu-tools-for-stm32.10.3-2021.10.macos64_1.0.0.202111181127/tools/bin/../lib/gcc/arm-none-eabi/10.3.1/../../../../arm-none-eabi/lib/thumb/v7-m/nofp/libc_nano.a(lib_a-memchr-stub.o)
 .debug_frame   0x0000000000002540       0x28 /Applications/STM32CubeIDE.app/Contents/Eclipse/plugins/com.st.stm32cube.ide.mcu.externaltools.gnu-tools-for-stm32.10.3-2021.10.macos64_1.0.0.202111181127/tools/bin/../lib/gcc/arm-none-eabi/10.3.1/../../../../arm-none-eabi/lib/thumb/v7-m/nofp/libc_nano.a(lib_a-memcpy-stub.o)
 .debug_frame   0x0000000000002568       0x28 /Applications/STM32CubeIDE.app/Contents/Eclipse/plugins/com.st.stm32cube.ide.mcu.externaltools.gnu-tools-for-stm32.10.3-2021.10.macos64_1.0.0.202111181127/tools/bin/../lib/gcc/arm-none-eabi/10.3.1/../../../../arm-none-eabi/lib/thumb/v7-m/nofp/libc_nano.a(lib_a-memmove.o)
 .debug_frame   0x0000000000002590       0x38 /Applications/STM32CubeIDE.app/Contents/Eclipse/plugins/com.st.stm32cube.ide.mcu.externaltools.gnu-tools-for-stm32.10.3-2021.10.macos64_1.0.0.202111181127/tools/bin/../lib/gcc/arm-none-eabi/10.3.1/../../../../arm-none-eabi/lib/thumb/v7-m/nofp/libc_nano.a(lib_a-nano-freer.o)
 .debug_frame   0x00000000000025c8       0x4c /Applications/STM32CubeIDE.app/Contents/Eclipse/plugins/com.st.stm32cube.ide.mcu.externaltools.gnu-tools-for-stm32.10.3-2021.10.macos64_1.0.0.202111181127/tools/bin/../lib/gcc/arm-none-eabi/10.3.1/../../../../arm-none-eabi/lib/thumb/v7-m/nofp/libc_nano.a(lib_a-nano-mallocr.o)
 .debug_frame   0x0000000000002614       0x3c /Applications/STM32CubeIDE.app/Contents/Eclipse/plugins/com.st.stm32cube.ide.mcu.externaltools.gnu-tools-for-stm32.10.3-2021.10.macos64_1.0.0.202111181127/tools/bin/../lib/gcc/arm-none-eabi/10.3.1/../../../../arm-none-eabi/lib/thumb/v7-m/nofp/libc_nano.a(lib_a-nano-reallocr.o)
 .debug_frame   0x0000000000002650       0x2c /Applications/STM32CubeIDE.app/Contents/Eclipse/plugins/com.st.stm32cube.ide.mcu.externaltools.gnu-tools-for-stm32.10.3-2021.10.macos64_1.0.0.202111181127/tools/bin/../lib/gcc/arm-none-eabi/10.3.1/../../../../arm-none-eabi/lib/thumb/v7-m/nofp/libc_nano.a(lib_a-sbrkr.o)
 .debug_frame   0x000000000000267c       0x30 /Applications/STM32CubeIDE.app/Contents/Eclipse/plugins/com.st.stm32cube.ide.mcu.externaltools.gnu-tools-for-stm32.10.3-2021.10.macos64_1.0.0.202111181127/tools/bin/../lib/gcc/arm-none-eabi/10.3.1/../../../../arm-none-eabi/lib/thumb/v7-m/nofp/libc_nano.a(lib_a-mlock.o)
 .debug_frame   0x00000000000026ac       0x20 /Applications/STM32CubeIDE.app/Contents/Eclipse/plugins/com.st.stm32cube.ide.mcu.externaltools.gnu-tools-for-stm32.10.3-2021.10.macos64_1.0.0.202111181127/tools/bin/../lib/gcc/arm-none-eabi/10.3.1/../../../../arm-none-eabi/lib/thumb/v7-m/nofp/libc_nano.a(lib_a-nano-msizer.o)
 .debug_frame   0x00000000000026cc       0x5c /Applications/STM32CubeIDE.app/Contents/Eclipse/plugins/com.st.stm32cube.ide.mcu.externaltools.gnu-tools-for-stm32.10.3-2021.10.macos64_1.0.0.202111181127/tools/bin/../lib/gcc/arm-none-eabi/10.3.1/../../../../arm-none-eabi/lib/thumb/v7-m/nofp/libc_nano.a(lib_a-reent.o)
 .debug_frame   0x0000000000002728       0xb0 /Applications/STM32CubeIDE.app/Contents/Eclipse/plugins/com.st.stm32cube.ide.mcu.externaltools.gnu-tools-for-stm32.10.3-2021.10.macos64_1.0.0.202111181127/tools/bin/../lib/gcc/arm-none-eabi/10.3.1/../../../../arm-none-eabi/lib/thumb/v7-m/nofp/libc_nano.a(lib_a-lock.o)
