../Core/Src/main.c:114:6:HAL_Delay_us	16	static
../Core/Src/main.c:140:6:DecimalToHex	24	static
../Core/Src/main.c:154:6:IntToStr	24	static
../Core/Src/main.c:165:6:IR_send	40	static
../Core/Src/main.c:193:6:PrintRemote	16	static
../Core/Src/main.c:218:6:PrintDevice_light	24	static
../Core/Src/main.c:262:6:PrintDevice_dark	24	static
../Core/Src/main.c:306:6:Find_Data	16	static
../Core/Src/main.c:312:6:Update_Button1	8	static
../Core/Src/main.c:324:6:Update_Button2	8	static
../Core/Src/main.c:336:6:Button1_On	16	static
../Core/Src/main.c:349:6:Button2_On	16	static
../Core/Src/main.c:362:6:Button1_Off	16	static
../Core/Src/main.c:375:6:Button2_Off	16	static
../Core/Src/main.c:393:5:main	40	static
../Core/Src/main.c:608:6:SystemClock_Config	96	static
../Core/Src/main.c:656:13:MX_ADC1_Init	24	static
../Core/Src/main.c:703:13:MX_I2C1_Init	8	static
../Core/Src/main.c:737:13:MX_SPI1_Init	8	static
../Core/Src/main.c:775:13:MX_TIM1_Init	32	static
../Core/Src/main.c:821:13:MX_TIM2_Init	48	static
../Core/Src/main.c:870:13:MX_TIM5_Init	32	static
../Core/Src/main.c:918:13:MX_GPIO_Init	48	static
../Core/Src/main.c:1006:13:MX_FSMC_Init	40	static
../Core/Src/main.c:1064:6:HAL_TIM_IC_CaptureCallback	24	static
../Core/Src/main.c:1157:6:Error_Handler	4	static,ignoring_inline_asm
