../Core/Src/main.c:124:6:HAL_Delay_us	16	static
../Core/Src/main.c:152:6:IR_send	32	static
../Core/Src/main.c:179:6:PrintRemote	16	static
../Core/Src/main.c:203:6:PrintDevice_light	24	static
../Core/Src/main.c:248:6:PrintDevice_dark	24	static
../Core/Src/main.c:293:6:Find_Data	16	static
../Core/Src/main.c:300:6:Update_Button1	8	static
../Core/Src/main.c:313:6:Update_Button2	8	static
../Core/Src/main.c:326:6:Button1_On	16	static
../Core/Src/main.c:340:6:Button2_On	16	static
../Core/Src/main.c:354:6:Button1_Off	16	static
../Core/Src/main.c:368:6:Button2_Off	16	static
../Core/Src/main.c:386:5:main	40	static
../Core/Src/main.c:599:6:SystemClock_Config	96	static
../Core/Src/main.c:647:13:MX_ADC1_Init	24	static
../Core/Src/main.c:694:13:MX_I2C1_Init	8	static
../Core/Src/main.c:728:13:MX_SPI1_Init	8	static
../Core/Src/main.c:766:13:MX_TIM1_Init	32	static
../Core/Src/main.c:812:13:MX_TIM2_Init	48	static
../Core/Src/main.c:861:13:MX_TIM5_Init	32	static
../Core/Src/main.c:909:13:MX_GPIO_Init	48	static
../Core/Src/main.c:997:13:MX_FSMC_Init	40	static
../Core/Src/main.c:1055:6:HAL_TIM_IC_CaptureCallback	24	static
../Core/Src/main.c:1130:6:Error_Handler	4	static,ignoring_inline_asm
