../Core/Src/pn532_stm32f1.c:52:5:PN532_Reset	8	static
../Core/Src/pn532_stm32f1.c:62:6:PN532_Log	16	static
../Core/Src/pn532_stm32f1.c:66:6:PN532_Init	16	static
../Core/Src/pn532_stm32f1.c:75:9:reverse_bit	24	static
../Core/Src/pn532_stm32f1.c:85:6:spi_rw	24	static
../Core/Src/pn532_stm32f1.c:103:5:PN532_SPI_ReadData	56	dynamic
../Core/Src/pn532_stm32f1.c:114:5:PN532_SPI_WriteData	56	dynamic
../Core/Src/pn532_stm32f1.c:124:6:PN532_SPI_WaitReady	24	static
../Core/Src/pn532_stm32f1.c:139:5:PN532_SPI_Wakeup	16	static
../Core/Src/pn532_stm32f1.c:150:6:PN532_SPI_Init	16	static
