../Core/Src/stm32f1xx_hal_msp.c:65:6:HAL_MspInit	24	static
../Core/Src/stm32f1xx_hal_msp.c:91:6:HAL_ADC_MspInit	40	static
../Core/Src/stm32f1xx_hal_msp.c:123:6:HAL_ADC_MspDeInit	16	static
../Core/Src/stm32f1xx_hal_msp.c:151:6:HAL_I2C_MspInit	40	static
../Core/Src/stm32f1xx_hal_msp.c:185:6:HAL_I2C_MspDeInit	16	static
../Core/Src/stm32f1xx_hal_msp.c:216:6:HAL_SPI_MspInit	40	static
../Core/Src/stm32f1xx_hal_msp.c:259:6:HAL_SPI_MspDeInit	16	static
../Core/Src/stm32f1xx_hal_msp.c:291:6:HAL_TIM_Base_MspInit	24	static
../Core/Src/stm32f1xx_hal_msp.c:313:6:HAL_TIM_PWM_MspInit	24	static
../Core/Src/stm32f1xx_hal_msp.c:338:6:HAL_TIM_IC_MspInit	40	static
../Core/Src/stm32f1xx_hal_msp.c:368:6:HAL_TIM_MspPostInit	40	static
../Core/Src/stm32f1xx_hal_msp.c:398:6:HAL_TIM_Base_MspDeInit	16	static
../Core/Src/stm32f1xx_hal_msp.c:420:6:HAL_TIM_PWM_MspDeInit	16	static
../Core/Src/stm32f1xx_hal_msp.c:445:6:HAL_TIM_IC_MspDeInit	16	static
../Core/Src/stm32f1xx_hal_msp.c:471:13:HAL_FSMC_MspInit	32	static
../Core/Src/stm32f1xx_hal_msp.c:525:6:HAL_SRAM_MspInit	16	static
../Core/Src/stm32f1xx_hal_msp.c:537:13:HAL_FSMC_MspDeInit	8	static
../Core/Src/stm32f1xx_hal_msp.c:583:6:HAL_SRAM_MspDeInit	16	static
